Archive member included to satisfy reference by file (symbol)

.\CortexM0\ARM_GCC_541\Debug\CAN_Board.a(CAN.o)
                              .\CortexM0\ARM_GCC_541\Debug\main.o (CAN_GlobalIntEnable)
.\CortexM0\ARM_GCC_541\Debug\CAN_Board.a(CAN_INT.o)
                              .\CortexM0\ARM_GCC_541\Debug\CAN_Board.a(CAN.o) (CAN_ISR)
.\CortexM0\ARM_GCC_541\Debug\CAN_Board.a(CAN_TX_RX_func.o)
                              .\CortexM0\ARM_GCC_541\Debug\main.o (CAN_SendMsg)
.\CortexM0\ARM_GCC_541\Debug\CAN_Board.a(UART.o)
                              .\CortexM0\ARM_GCC_541\Debug\main.o (UART_Start)
.\CortexM0\ARM_GCC_541\Debug\CAN_Board.a(UART_UART.o)
                              .\CortexM0\ARM_GCC_541\Debug\CAN_Board.a(UART.o) (UART_UartInit)
.\CortexM0\ARM_GCC_541\Debug\CAN_Board.a(CAN1_LED.o)
                              .\CortexM0\ARM_GCC_541\Debug\main.o (CAN1_LED_Write)
.\CortexM0\ARM_GCC_541\Debug\CAN_Board.a(blinker.o)
                              .\CortexM0\ARM_GCC_541\Debug\main.o (blinker_Start)
.\CortexM0\ARM_GCC_541\Debug\CAN_Board.a(CyLib.o)
                              .\CortexM0\ARM_GCC_541\Debug\cyfitter_cfg.o (CyIntEnable)
.\CortexM0\ARM_GCC_541\Debug\CAN_Board.a(CyLFClk.o)
                              .\CortexM0\ARM_GCC_541\Debug\CAN_Board.a(CyLib.o) (CySysClkWcoEnabled)
.\CortexM0\ARM_GCC_541\Debug\CAN_Board.a(CyBootAsmGnu.o)
                              .\CortexM0\ARM_GCC_541\Debug\CAN_Board.a(CyLib.o) (CyDelayCycles)
.\CortexM0\ARM_GCC_541\Debug\CAN_Board.a(UART_SPI_UART.o)
                              .\CortexM0\ARM_GCC_541\Debug\CAN_Board.a(UART_UART.o) (UART_SpiUartReadRxData)
.\CortexM0\ARM_GCC_541\Debug\CAN_Board.a(CyFlash.o)
                              .\CortexM0\ARM_GCC_541\Debug\CAN_Board.a(CyLib.o) (CySysFlashSetWaitCycles)
c:/program files (x86)/cypress/psoc creator/4.4/psoc creator/import/gnu/arm/5.4.1/bin/../lib/gcc/arm-none-eabi/5.4.1/armv6-m\libgcc.a(_udivsi3.o)
                              .\CortexM0\ARM_GCC_541\Debug\CAN_Board.a(CyLib.o) (__aeabi_uidiv)
c:/program files (x86)/cypress/psoc creator/4.4/psoc creator/import/gnu/arm/5.4.1/bin/../lib/gcc/arm-none-eabi/5.4.1/armv6-m\libgcc.a(_divsi3.o)
                              .\CortexM0\ARM_GCC_541\Debug\CAN_Board.a(CyLib.o) (__aeabi_idiv)
c:/program files (x86)/cypress/psoc creator/4.4/psoc creator/import/gnu/arm/5.4.1/bin/../lib/gcc/arm-none-eabi/5.4.1/armv6-m\libgcc.a(_dvmd_tls.o)
                              c:/program files (x86)/cypress/psoc creator/4.4/psoc creator/import/gnu/arm/5.4.1/bin/../lib/gcc/arm-none-eabi/5.4.1/armv6-m\libgcc.a(_udivsi3.o) (__aeabi_idiv0)
c:/program files (x86)/cypress/psoc creator/4.4/psoc creator/import/gnu/arm/5.4.1/bin/../lib/gcc/arm-none-eabi/5.4.1/../../../../arm-none-eabi/lib/armv6-m\libg_nano.a(lib_a-errno.o)
                              .\CortexM0\ARM_GCC_541\Debug\Cm0Start.o (__errno)
c:/program files (x86)/cypress/psoc creator/4.4/psoc creator/import/gnu/arm/5.4.1/bin/../lib/gcc/arm-none-eabi/5.4.1/../../../../arm-none-eabi/lib/armv6-m\libg_nano.a(lib_a-exit.o)
                              c:/program files (x86)/cypress/psoc creator/4.4/psoc creator/import/gnu/arm/5.4.1/bin/../lib/gcc/arm-none-eabi/5.4.1/../../../../arm-none-eabi/lib/armv6-m/crt0.o (exit)
c:/program files (x86)/cypress/psoc creator/4.4/psoc creator/import/gnu/arm/5.4.1/bin/../lib/gcc/arm-none-eabi/5.4.1/../../../../arm-none-eabi/lib/armv6-m\libg_nano.a(lib_a-impure.o)
                              c:/program files (x86)/cypress/psoc creator/4.4/psoc creator/import/gnu/arm/5.4.1/bin/../lib/gcc/arm-none-eabi/5.4.1/../../../../arm-none-eabi/lib/armv6-m\libg_nano.a(lib_a-exit.o) (_global_impure_ptr)
c:/program files (x86)/cypress/psoc creator/4.4/psoc creator/import/gnu/arm/5.4.1/bin/../lib/gcc/arm-none-eabi/5.4.1/../../../../arm-none-eabi/lib/armv6-m\libg_nano.a(lib_a-init.o)
                              c:/program files (x86)/cypress/psoc creator/4.4/psoc creator/import/gnu/arm/5.4.1/bin/../lib/gcc/arm-none-eabi/5.4.1/../../../../arm-none-eabi/lib/armv6-m/crt0.o (__libc_init_array)
c:/program files (x86)/cypress/psoc creator/4.4/psoc creator/import/gnu/arm/5.4.1/bin/../lib/gcc/arm-none-eabi/5.4.1/../../../../arm-none-eabi/lib/armv6-m\libg_nano.a(lib_a-memcpy-stub.o)
                              .\CortexM0\ARM_GCC_541\Debug\main.o (memcpy)
c:/program files (x86)/cypress/psoc creator/4.4/psoc creator/import/gnu/arm/5.4.1/bin/../lib/gcc/arm-none-eabi/5.4.1/../../../../arm-none-eabi/lib/armv6-m\libg_nano.a(lib_a-memset.o)
                              c:/program files (x86)/cypress/psoc creator/4.4/psoc creator/import/gnu/arm/5.4.1/bin/../lib/gcc/arm-none-eabi/5.4.1/../../../../arm-none-eabi/lib/armv6-m/crt0.o (memset)
c:/program files (x86)/cypress/psoc creator/4.4/psoc creator/import/gnu/arm/5.4.1/bin/../lib/gcc/arm-none-eabi/5.4.1/../../../../arm-none-eabi/lib/armv6-m\libg_nano.a(lib_a-sprintf.o)
                              .\CortexM0\ARM_GCC_541\Debug\main.o (sprintf)
[...]
Memory Configuration

Name             Origin             Length             Attributes
rom              0x00000000         0x00020000         xr
ram              0x20000000         0x00004000         xrw
*default*        0x00000000         0xffffffff

Linker script and memory map

LOAD c:/program files (x86)/cypress/psoc creator/4.4/psoc creator/import/gnu/arm/5.4.1/bin/../lib/gcc/arm-none-eabi/5.4.1/armv6-m/crti.o
LOAD c:/program files (x86)/cypress/psoc creator/4.4/psoc creator/import/gnu/arm/5.4.1/bin/../lib/gcc/arm-none-eabi/5.4.1/armv6-m/crtbegin.o
LOAD c:/program files (x86)/cypress/psoc creator/4.4/psoc creator/import/gnu/arm/5.4.1/bin/../lib/gcc/arm-none-eabi/5.4.1/../../../../arm-none-eabi/lib/armv6-m/crt0.o
START GROUP
LOAD .\CortexM0\ARM_GCC_541\Debug\main.o
LOAD .\CortexM0\ARM_GCC_541\Debug\UART_Interface.o
LOAD .\CortexM0\ARM_GCC_541\Debug\CAN_stuff.o
LOAD .\CortexM0\ARM_GCC_541\Debug\cyfitter_cfg.o
LOAD .\CortexM0\ARM_GCC_541\Debug\cymetadata.o
LOAD .\CortexM0\ARM_GCC_541\Debug\Cm0Start.o
LOAD .\CortexM0\ARM_GCC_541\Debug\CAN_Board.a
END GROUP
START GROUP
LOAD c:/program files (x86)/cypress/psoc creator/4.4/psoc creator/import/gnu/arm/5.4.1/bin/../lib/gcc/arm-none-eabi/5.4.1/armv6-m\libgcc.a
LOAD c:/program files (x86)/cypress/psoc creator/4.4/psoc creator/import/gnu/arm/5.4.1/bin/../lib/gcc/arm-none-eabi/5.4.1/../../../../arm-none-eabi/lib/armv6-m\libg_nano.a
LOAD c:/program files (x86)/cypress/psoc creator/4.4/psoc creator/import/gnu/arm/5.4.1/bin/../lib/gcc/arm-none-eabi/5.4.1/../../../../arm-none-eabi/lib/armv6-m\libc_nano.a
END GROUP
START GROUP
LOAD c:/program files (x86)/cypress/psoc creator/4.4/psoc creator/import/gnu/arm/5.4.1/bin/../lib/gcc/arm-none-eabi/5.4.1/armv6-m\libgcc.a
LOAD c:/program files (x86)/cypress/psoc creator/4.4/psoc creator/import/gnu/arm/5.4.1/bin/../lib/gcc/arm-none-eabi/5.4.1/../../../../arm-none-eabi/lib/armv6-m\libc_nano.a
END GROUP
LOAD c:/program files (x86)/cypress/psoc creator/4.4/psoc creator/import/gnu/arm/5.4.1/bin/../lib/gcc/arm-none-eabi/5.4.1/armv6-m/crtend.o
LOAD c:/program files (x86)/cypress/psoc creator/4.4/psoc creator/import/gnu/arm/5.4.1/bin/../lib/gcc/arm-none-eabi/5.4.1/armv6-m/crtn.o
START GROUP
LOAD c:/program files (x86)/cypress/psoc creator/4.4/psoc creator/import/gnu/arm/5.4.1/bin/../lib/gcc/arm-none-eabi/5.4.1/armv6-m\libgcc.a
LOAD c:/program files (x86)/cypress/psoc creator/4.4/psoc creator/import/gnu/arm/5.4.1/bin/../lib/gcc/arm-none-eabi/5.4.1/../../../../arm-none-eabi/lib/armv6-m\libc.a
LOAD c:/program files (x86)/cypress/psoc creator/4.4/psoc creator/import/gnu/arm/5.4.1/bin/../lib/gcc/arm-none-eabi/5.4.1/../../../../arm-none-eabi/lib/armv6-m\libnosys.a
END GROUP
                0x00000000                CY_APPL_ORIGIN = 0x0
                0x00000100                CY_FLASH_ROW_SIZE = 0x100
                0x00000001                CY_APPL_NUM = 0x1
                0x00000001                CY_APPL_MAX = 0x1
                0x00000040                CY_METADATA_SIZE = 0x40
                0x00000000                CY_APPL_LOADABLE = 0x0
                0x00000000                CY_CHECKSUM_EXCLUDE_SIZE = ALIGN (0x0, CY_FLASH_ROW_SIZE)
                0x00000000                CY_APP_FOR_STACK_AND_COPIER = 0x0
                [!provide]                PROVIDE (__cy_heap_start, _end)
                0x00000001                PROVIDE (__cy_region_num, ((__cy_regions_end - __cy_regions) / 0x10))
                0x20004000                PROVIDE (__cy_stack, (ORIGIN (ram) + LENGTH (ram)))
                [!provide]                PROVIDE (__cy_heap_end, (__cy_stack - 0x800))

.cybootloader   0x00000000        0x0
 *(.cybootloader)
                0x00000000                appl1_start = CY_APPL_ORIGIN?CY_APPL_ORIGIN:ALIGN (CY_FLASH_ROW_SIZE)
                0x0000ff00                appl2_start = (appl1_start + ALIGN ((((LENGTH (rom) - appl1_start) - (0x2 * CY_FLASH_ROW_SIZE)) / 0x2), CY_FLASH_ROW_SIZE))
                0x00000000                appl_start = (CY_APPL_NUM == 0x1)?appl1_start:appl2_start
                0x00000001                cy_project_type_bootloader = (appl_start == 0x0)?0x1:0x0
                0x00000000                cy_project_type_app_for_stack_and_copier = (CY_APP_FOR_STACK_AND_COPIER == 0x1)?0x1:0x0

.text           0x00000000     0x22a6
 CREATE_OBJECT_SYMBOLS
                0x00000000                PROVIDE (__cy_interrupt_vector, RomVectors)
 *(.romvectors)
 .romvectors    0x00000000       0x10 .\CortexM0\ARM_GCC_541\Debug\Cm0Start.o
                0x00000000                RomVectors
                0x00000001                ASSERT ((. != __cy_interrupt_vector), No interrupt vector)
                0x00000001                ASSERT (CY_APPL_ORIGIN?(SIZEOF (.cybootloader) <= CY_APPL_ORIGIN):0x1, Wrong image location)
                0x00000010                PROVIDE (__cy_reset, Reset)
 *(.text.Reset)
 .text.Reset    0x00000010        0x8 .\CortexM0\ARM_GCC_541\Debug\Cm0Start.o
                0x00000010                Reset
                0x00000001                ASSERT ((. != __cy_reset), No reset code)
 *(.psocinit)
 .psocinit      0x00000018      0x1cc .\CortexM0\ARM_GCC_541\Debug\cyfitter_cfg.o
                0x000000b8                cyfitter_cfg
                0x000001e4                . = MAX (., 0x100)
 *(.text .text.* .gnu.linkonce.t.*)
 .text          0x000001e4       0x60 c:/program files (x86)/cypress/psoc creator/4.4/psoc creator/import/gnu/arm/5.4.1/bin/../lib/gcc/arm-none-eabi/5.4.1/armv6-m/crtbegin.o
 .text.SendCANPacket
                0x00000244       0x40 .\CortexM0\ARM_GCC_541\Debug\main.o
                0x00000244                SendCANPacket
 .text.InitCAN  0x00000284       0x64 .\CortexM0\ARM_GCC_541\Debug\main.o
                0x00000284                InitCAN
 .text.FIFOSize
                0x000002e8       0x48 .\CortexM0\ARM_GCC_541\Debug\main.o
                0x000002e8                FIFOSize
 .text.countAddFIFO
                0x00000330       0x50 .\CortexM0\ARM_GCC_541\Debug\main.o
                0x00000330                countAddFIFO
 .text.CAN_FLAG_ISR
                0x00000380      0x134 .\CortexM0\ARM_GCC_541\Debug\main.o
                0x00000380                CAN_FLAG_ISR
 .text.countRemoveFIFO
                0x000004b4       0x28 .\CortexM0\ARM_GCC_541\Debug\main.o
                0x000004b4                countRemoveFIFO
 .text.PollAndReceiveCANPacket
                0x000004dc       0x4c .\CortexM0\ARM_GCC_541\Debug\main.o
                0x000004dc                PollAndReceiveCANPacket
 .text.s2x      0x00000528       0x6c .\CortexM0\ARM_GCC_541\Debug\main.o
                0x00000528                s2x
 .text.parseLine
                0x00000594       0x88 .\CortexM0\ARM_GCC_541\Debug\main.o
                0x00000594                parseLine
 .text.main     0x0000061c      0x160 .\CortexM0\ARM_GCC_541\Debug\main.o
                0x0000061c                main
 .text.cfg_write_bytes32
                0x0000077c       0x34 .\CortexM0\ARM_GCC_541\Debug\cyfitter_cfg.o
 .text.AnalogSetDefault
                0x000007b0       0x20 .\CortexM0\ARM_GCC_541\Debug\cyfitter_cfg.o
 .text.CYMEMZERO
                0x000007d0        0xc .\CortexM0\ARM_GCC_541\Debug\cyfitter_cfg.o
 .text.IntDefaultHandler
                0x000007dc       0x10 .\CortexM0\ARM_GCC_541\Debug\Cm0Start.o
                0x000007dc                IntDefaultHandler
 .text._sbrk    0x000007ec       0x30 .\CortexM0\ARM_GCC_541\Debug\Cm0Start.o
                0x000007ec                _sbrk
 .text.Start_c  0x0000081c       0x48 .\CortexM0\ARM_GCC_541\Debug\Cm0Start.o
                0x0000081c                Start_c
 .text.initialize_psoc
                0x00000864       0x4c .\CortexM0\ARM_GCC_541\Debug\Cm0Start.o
                0x00000864                initialize_psoc
 .text.CAN_GlobalIntEnable
                0x000008b0       0x1c .\CortexM0\ARM_GCC_541\Debug\CAN_Board.a(CAN.o)
                0x000008b0                CAN_GlobalIntEnable
 .text.CAN_Enable
                0x000008cc       0x48 .\CortexM0\ARM_GCC_541\Debug\CAN_Board.a(CAN.o)
                0x000008cc                CAN_Enable
 .text.CAN_SetPreScaler
                0x00000914       0x38 .\CortexM0\ARM_GCC_541\Debug\CAN_Board.a(CAN.o)
                0x00000914                CAN_SetPreScaler
 .text.CAN_SetArbiter
                0x0000094c       0x40 .\CortexM0\ARM_GCC_541\Debug\CAN_Board.a(CAN.o)
                0x0000094c                CAN_SetArbiter
 .text.CAN_SetTsegSample
                0x0000098c       0xa0 .\CortexM0\ARM_GCC_541\Debug\CAN_Board.a(CAN.o)
                0x0000098c                CAN_SetTsegSample
 .text.CAN_SetRestartType
                0x00000a2c       0x38 .\CortexM0\ARM_GCC_541\Debug\CAN_Board.a(CAN.o)
                0x00000a2c                CAN_SetRestartType
 .text.CAN_SetEdgeMode
                0x00000a64       0x38 .\CortexM0\ARM_GCC_541\Debug\CAN_Board.a(CAN.o)
                0x00000a64                CAN_SetEdgeMode
 .text.CAN_SetIrqMask
                0x00000a9c       0x1c .\CortexM0\ARM_GCC_541\Debug\CAN_Board.a(CAN.o)
                0x00000a9c                CAN_SetIrqMask
 .text.CAN_RxBufConfig
                0x00000ab8       0x98 .\CortexM0\ARM_GCC_541\Debug\CAN_Board.a(CAN.o)
                0x00000ab8                CAN_RxBufConfig
 .text.CAN_TxBufConfig
                0x00000b50       0x58 .\CortexM0\ARM_GCC_541\Debug\CAN_Board.a(CAN.o)
                0x00000b50                CAN_TxBufConfig
 .text.CAN_RxTxBuffersConfig
                0x00000ba8       0x54 .\CortexM0\ARM_GCC_541\Debug\CAN_Board.a(CAN.o)
                0x00000ba8                CAN_RxTxBuffersConfig
 .text.CAN_SetSwapDataEndianness
                0x00000bfc       0x40 .\CortexM0\ARM_GCC_541\Debug\CAN_Board.a(CAN.o)
                0x00000bfc                CAN_SetSwapDataEndianness
 .text.CAN_Init
                0x00000c3c       0xe8 .\CortexM0\ARM_GCC_541\Debug\CAN_Board.a(CAN.o)
                0x00000c3c                CAN_Init
 .text.CAN_Start
                0x00000d24       0x28 .\CortexM0\ARM_GCC_541\Debug\CAN_Board.a(CAN.o)
                0x00000d24                CAN_Start
 .text.CAN_ISR  0x00000d4c        0x4 .\CortexM0\ARM_GCC_541\Debug\CAN_Board.a(CAN_INT.o)
                0x00000d4c                CAN_ISR
 .text.CAN_SendMsg
                0x00000d50      0x154 .\CortexM0\ARM_GCC_541\Debug\CAN_Board.a(CAN_TX_RX_func.o)
                0x00000d50                CAN_SendMsg
 .text.UART_ScbModePostEnable
                0x00000ea4        0x8 .\CortexM0\ARM_GCC_541\Debug\CAN_Board.a(UART.o)
 .text.UART_Init
                0x00000eac        0x8 .\CortexM0\ARM_GCC_541\Debug\CAN_Board.a(UART.o)
                0x00000eac                UART_Init
 .text.UART_Enable
                0x00000eb4       0x18 .\CortexM0\ARM_GCC_541\Debug\CAN_Board.a(UART.o)
                0x00000eb4                UART_Enable
 .text.UART_Start
                0x00000ecc       0x20 .\CortexM0\ARM_GCC_541\Debug\CAN_Board.a(UART.o)
                0x00000ecc                UART_Start
 .text.UART_UartInit
                0x00000eec       0xa8 .\CortexM0\ARM_GCC_541\Debug\CAN_Board.a(UART_UART.o)
                0x00000eec                UART_UartInit
 .text.UART_UartPostEnable
                0x00000f94       0x24 .\CortexM0\ARM_GCC_541\Debug\CAN_Board.a(UART_UART.o)
                0x00000f94                UART_UartPostEnable
 .text.UART_UartGetChar
                0x00000fb8       0x2c .\CortexM0\ARM_GCC_541\Debug\CAN_Board.a(UART_UART.o)
                0x00000fb8                UART_UartGetChar
 .text.UART_UartPutString
                0x00000fe4       0x18 .\CortexM0\ARM_GCC_541\Debug\CAN_Board.a(UART_UART.o)
                0x00000fe4                UART_UartPutString
 .text.UART_UartPutCRLF
                0x00000ffc       0x14 .\CortexM0\ARM_GCC_541\Debug\CAN_Board.a(UART_UART.o)
                0x00000ffc                UART_UartPutCRLF
 .text.CAN1_LED_Write
                0x00001010       0x18 .\CortexM0\ARM_GCC_541\Debug\CAN_Board.a(CAN1_LED.o)
                0x00001010                CAN1_LED_Write
 .text.blinker_WriteCounter
                0x00001028       0x10 .\CortexM0\ARM_GCC_541\Debug\CAN_Board.a(blinker.o)
                0x00001028                blinker_WriteCounter
 .text.blinker_WritePeriod
                0x00001038       0x10 .\CortexM0\ARM_GCC_541\Debug\CAN_Board.a(blinker.o)
                0x00001038                blinker_WritePeriod
 .text.blinker_WriteCompare
                0x00001048       0x10 .\CortexM0\ARM_GCC_541\Debug\CAN_Board.a(blinker.o)
                0x00001048                blinker_WriteCompare
 .text.blinker_TriggerCommand
                0x00001058       0x1c .\CortexM0\ARM_GCC_541\Debug\CAN_Board.a(blinker.o)
                0x00001058                blinker_TriggerCommand
 .text.blinker_Enable
                0x00001074       0x24 .\CortexM0\ARM_GCC_541\Debug\CAN_Board.a(blinker.o)
                0x00001074                blinker_Enable
 .text.blinker_SetInterruptMode
                0x00001098        0xc .\CortexM0\ARM_GCC_541\Debug\CAN_Board.a(blinker.o)
                0x00001098                blinker_SetInterruptMode
 .text.blinker_Init
                0x000010a4       0x44 .\CortexM0\ARM_GCC_541\Debug\CAN_Board.a(blinker.o)
                0x000010a4                blinker_Init
 .text.blinker_Start
                0x000010e8       0x20 .\CortexM0\ARM_GCC_541\Debug\CAN_Board.a(blinker.o)
                0x000010e8                blinker_Start
 .text.CySysClkImoSetPwrBgTrim5
                0x00001108       0x30 .\CortexM0\ARM_GCC_541\Debug\CAN_Board.a(CyLib.o)
 .text.CySysClkImoSetImoTrims
                0x00001138       0xb0 .\CortexM0\ARM_GCC_541\Debug\CAN_Board.a(CyLib.o)
 .text.CySysClkImoDisableWcoLock
                0x000011e8       0x54 .\CortexM0\ARM_GCC_541\Debug\CAN_Board.a(CyLib.o)
                0x000011e8                CySysClkImoDisableWcoLock
 .text.CySysClkImoGetWcoLock
                0x0000123c       0x14 .\CortexM0\ARM_GCC_541\Debug\CAN_Board.a(CyLib.o)
                0x0000123c                CySysClkImoGetWcoLock
 .text.CySysClkImoEnableUsbLock
                0x00001250       0x44 .\CortexM0\ARM_GCC_541\Debug\CAN_Board.a(CyLib.o)
                0x00001250                CySysClkImoEnableUsbLock
 .text.CySysClkImoDisableUsbLock
                0x00001294       0x74 .\CortexM0\ARM_GCC_541\Debug\CAN_Board.a(CyLib.o)
                0x00001294                CySysClkImoDisableUsbLock
 .text.CySysClkImoGetUsbLock
                0x00001308       0x14 .\CortexM0\ARM_GCC_541\Debug\CAN_Board.a(CyLib.o)
                0x00001308                CySysClkImoGetUsbLock
 .text.CyIntEnable
                0x0000131c       0x14 .\CortexM0\ARM_GCC_541\Debug\CAN_Board.a(CyLib.o)
                0x0000131c                CyIntEnable
 .text.CyIntDisable
                0x00001330       0x14 .\CortexM0\ARM_GCC_541\Debug\CAN_Board.a(CyLib.o)
                0x00001330                CyIntDisable
 .text.CyHalt   0x00001344        0x4 .\CortexM0\ARM_GCC_541\Debug\CAN_Board.a(CyLib.o)
                0x00001344                CyHalt
 .text.CyIntSetVector
                0x00001348       0x24 .\CortexM0\ARM_GCC_541\Debug\CAN_Board.a(CyLib.o)
                0x00001348                CyIntSetVector
 .text.CyIntSetPriority
                0x0000136c       0x4c .\CortexM0\ARM_GCC_541\Debug\CAN_Board.a(CyLib.o)
                0x0000136c                CyIntSetPriority
 .text.CyDelay  0x000013b8       0x30 .\CortexM0\ARM_GCC_541\Debug\CAN_Board.a(CyLib.o)
                0x000013b8                CyDelay
 .text.CySysClkImoEnableWcoLock
                0x000013e8      0x104 .\CortexM0\ARM_GCC_541\Debug\CAN_Board.a(CyLib.o)
                0x000013e8                CySysClkImoEnableWcoLock
 .text.CyDelayUs
                0x000014ec       0x14 .\CortexM0\ARM_GCC_541\Debug\CAN_Board.a(CyLib.o)
                0x000014ec                CyDelayUs
 .text.CySysClkWriteImoFreq
                0x00001500      0x1bc .\CortexM0\ARM_GCC_541\Debug\CAN_Board.a(CyLib.o)
                0x00001500                CySysClkWriteImoFreq
 .text.CySysWdtLocked
                0x000016bc       0x14 .\CortexM0\ARM_GCC_541\Debug\CAN_Board.a(CyLFClk.o)
 .text.CySysClkWcoEnabled
                0x000016d0       0x14 .\CortexM0\ARM_GCC_541\Debug\CAN_Board.a(CyLFClk.o)
                0x000016d0                CySysClkWcoEnabled
 .text.CySysWdtLock
                0x000016e4       0x1c .\CortexM0\ARM_GCC_541\Debug\CAN_Board.a(CyLFClk.o)
                0x000016e4                CySysWdtLock
 .text.CySysWdtUnlock
                0x00001700       0x30 .\CortexM0\ARM_GCC_541\Debug\CAN_Board.a(CyLFClk.o)
                0x00001700                CySysWdtUnlock
 .text.CySysWdtClearInterrupt
                0x00001730       0x4c .\CortexM0\ARM_GCC_541\Debug\CAN_Board.a(CyLFClk.o)
                0x00001730                CySysWdtClearInterrupt
 .text.CySysWdtIsr
                0x0000177c       0xa4 .\CortexM0\ARM_GCC_541\Debug\CAN_Board.a(CyLFClk.o)
                0x0000177c                CySysWdtIsr
 .text          0x00001820       0x20 .\CortexM0\ARM_GCC_541\Debug\CAN_Board.a(CyBootAsmGnu.o)
                0x00001820                CyDelayCycles
                0x00001832                CyEnterCriticalSection
                0x0000183a                CyExitCriticalSection
 .text.UART_SpiUartReadRxData
                0x00001840        0xc .\CortexM0\ARM_GCC_541\Debug\CAN_Board.a(UART_SPI_UART.o)
                0x00001840                UART_SpiUartReadRxData
 .text.UART_SpiUartGetRxBufferSize
                0x0000184c       0x10 .\CortexM0\ARM_GCC_541\Debug\CAN_Board.a(UART_SPI_UART.o)
                0x0000184c                UART_SpiUartGetRxBufferSize
 .text.UART_SpiUartWriteTxData
                0x0000185c       0x1c .\CortexM0\ARM_GCC_541\Debug\CAN_Board.a(UART_SPI_UART.o)
                0x0000185c                UART_SpiUartWriteTxData
 .text.CySysFlashSetWaitCycles
                0x00001878       0x54 .\CortexM0\ARM_GCC_541\Debug\CAN_Board.a(CyFlash.o)
                0x00001878                CySysFlashSetWaitCycles
 .text          0x000018cc      0x114 c:/program files (x86)/cypress/psoc creator/4.4/psoc creator/import/gnu/arm/5.4.1/bin/../lib/gcc/arm-none-eabi/5.4.1/armv6-m\libgcc.a(_udivsi3.o)
                0x000018cc                __aeabi_uidiv
                0x000018cc                __udivsi3
                0x000019d8                __aeabi_uidivmod
 .text          0x000019e0        0x4 c:/program files (x86)/cypress/psoc creator/4.4/psoc creator/import/gnu/arm/5.4.1/bin/../lib/gcc/arm-none-eabi/5.4.1/armv6-m\libgcc.a(_dvmd_tls.o)
                0x000019e0                __aeabi_idiv0
                0x000019e0                __aeabi_ldiv0
 .text.__errno  0x000019e4        0xc c:/program files (x86)/cypress/psoc creator/4.4/psoc creator/import/gnu/arm/5.4.1/bin/../lib/gcc/arm-none-eabi/5.4.1/../../../../arm-none-eabi/lib/armv6-m\libg_nano.a(lib_a-errno.o)
                0x000019e4                __errno
 .text.__libc_init_array
                0x000019f0       0x4c c:/program files (x86)/cypress/psoc creator/4.4/psoc creator/import/gnu/arm/5.4.1/bin/../lib/gcc/arm-none-eabi/5.4.1/../../../../arm-none-eabi/lib/armv6-m\libg_nano.a(lib_a-init.o)
                0x000019f0                __libc_init_array
 .text.memcpy   0x00001a3c       0x12 c:/program files (x86)/cypress/psoc creator/4.4/psoc creator/import/gnu/arm/5.4.1/bin/../lib/gcc/arm-none-eabi/5.4.1/../../../../arm-none-eabi/lib/armv6-m\libg_nano.a(lib_a-memcpy-stub.o)
                0x00001a3c                memcpy
 .text.memset   0x00001a4e       0x10 c:/program files (x86)/cypress/psoc creator/4.4/psoc creator/import/gnu/arm/5.4.1/bin/../lib/gcc/arm-none-eabi/5.4.1/../../../../arm-none-eabi/lib/armv6-m\libg_nano.a(lib_a-memset.o)
                0x00001a4e                memset
 *fill*         0x00001a5e        0x2 
 .text.sprintf  0x00001a60       0x44 c:/program files (x86)/cypress/psoc creator/4.4/psoc creator/import/gnu/arm/5.4.1/bin/../lib/gcc/arm-none-eabi/5.4.1/../../../../arm-none-eabi/lib/armv6-m\libg_nano.a(lib_a-sprintf.o)
                0x00001a60                siprintf
                0x00001a60                sprintf
 .text.__ssputs_r
                0x00001aa4       0xc4 c:/program files (x86)/cypress/psoc creator/4.4/psoc creator/import/gnu/arm/5.4.1/bin/../lib/gcc/arm-none-eabi/5.4.1/../../../../arm-none-eabi/lib/armv6-m\libg_nano.a(lib_a-nano-svfprintf.o)
                0x00001aa4                __ssputs_r
 .text._svfprintf_r
                0x00001b68      0x1fc c:/program files (x86)/cypress/psoc creator/4.4/psoc creator/import/gnu/arm/5.4.1/bin/../lib/gcc/arm-none-eabi/5.4.1/../../../../arm-none-eabi/lib/armv6-m\libg_nano.a(lib_a-nano-svfprintf.o)
                0x00001b68                _svfiprintf_r
                0x00001b68                _svfprintf_r
 .text._printf_common
                0x00001d64       0xdc c:/program files (x86)/cypress/psoc creator/4.4/psoc creator/import/gnu/arm/5.4.1/bin/../lib/gcc/arm-none-eabi/5.4.1/../../../../arm-none-eabi/lib/armv6-m\libg_nano.a(lib_a-nano-vfprintf_i.o)
                0x00001d64                _printf_common
 .text._printf_i
                0x00001e40      0x244 c:/program files (x86)/cypress/psoc creator/4.4/psoc creator/import/gnu/arm/5.4.1/bin/../lib/gcc/arm-none-eabi/5.4.1/../../../../arm-none-eabi/lib/armv6-m\libg_nano.a(lib_a-nano-vfprintf_i.o)
                0x00001e40                _printf_i
 .text.memchr   0x00002084       0x16 c:/program files (x86)/cypress/psoc creator/4.4/psoc creator/import/gnu/arm/5.4.1/bin/../lib/gcc/arm-none-eabi/5.4.1/../../../../arm-none-eabi/lib/armv6-m\libg_nano.a(lib_a-memchr-stub.o)
                0x00002084                memchr
 .text.memmove  0x0000209a       0x2a c:/program files (x86)/cypress/psoc creator/4.4/psoc creator/import/gnu/arm/5.4.1/bin/../lib/gcc/arm-none-eabi/5.4.1/../../../../arm-none-eabi/lib/armv6-m\libg_nano.a(lib_a-memmove.o)
                0x0000209a                memmove
 .text._free_r  0x000020c4       0x98 c:/program files (x86)/cypress/psoc creator/4.4/psoc creator/import/gnu/arm/5.4.1/bin/../lib/gcc/arm-none-eabi/5.4.1/../../../../arm-none-eabi/lib/armv6-m\libg_nano.a(lib_a-nano-freer.o)
                0x000020c4                _free_r
 .text._malloc_r
                0x0000215c       0xc0 c:/program files (x86)/cypress/psoc creator/4.4/psoc creator/import/gnu/arm/5.4.1/bin/../lib/gcc/arm-none-eabi/5.4.1/../../../../arm-none-eabi/lib/armv6-m\libg_nano.a(lib_a-nano-mallocr.o)
                0x0000215c                _malloc_r
 .text._realloc_r
                0x0000221c       0x4c c:/program files (x86)/cypress/psoc creator/4.4/psoc creator/import/gnu/arm/5.4.1/bin/../lib/gcc/arm-none-eabi/5.4.1/../../../../arm-none-eabi/lib/armv6-m\libg_nano.a(lib_a-nano-reallocr.o)
                0x0000221c                _realloc_r
 .text._sbrk_r  0x00002268       0x24 c:/program files (x86)/cypress/psoc creator/4.4/psoc creator/import/gnu/arm/5.4.1/bin/../lib/gcc/arm-none-eabi/5.4.1/../../../../arm-none-eabi/lib/armv6-m\libg_nano.a(lib_a-sbrkr.o)
                0x00002268                _sbrk_r
 .text.__malloc_lock
                0x0000228c        0x2 c:/program files (x86)/cypress/psoc creator/4.4/psoc creator/import/gnu/arm/5.4.1/bin/../lib/gcc/arm-none-eabi/5.4.1/../../../../arm-none-eabi/lib/armv6-m\libg_nano.a(lib_a-mlock.o)
                0x0000228c                __malloc_lock
 .text.__malloc_unlock
                0x0000228e        0x2 c:/program files (x86)/cypress/psoc creator/4.4/psoc creator/import/gnu/arm/5.4.1/bin/../lib/gcc/arm-none-eabi/5.4.1/../../../../arm-none-eabi/lib/armv6-m\libg_nano.a(lib_a-mlock.o)
                0x0000228e                __malloc_unlock
 .text._malloc_usable_size_r
                0x00002290       0x16 c:/program files (x86)/cypress/psoc creator/4.4/psoc creator/import/gnu/arm/5.4.1/bin/../lib/gcc/arm-none-eabi/5.4.1/../../../../arm-none-eabi/lib/armv6-m\libg_nano.a(lib_a-nano-msizer.o)
                0x00002290                _malloc_usable_size_r
 *(.plt)
 *(.gnu.warning)
 *(.glue_7t)
 .glue_7t       0x000022a6        0x0 linker stubs
 *(.glue_7)
 .glue_7        0x000022a6        0x0 linker stubs
 *(.vfp11_veneer)
 .vfp11_veneer  0x000022a6        0x0 linker stubs
 *(.bootloader)
 *(.ARM.extab* .gnu.linkonce.armextab.*)
 *(.gcc_except_table)

.v4_bx          0x000022a8        0x0
 .v4_bx         0x000022a8        0x0 linker stubs

.iplt           0x000022a8        0x0
 .iplt          0x000022a8        0x0 c:/program files (x86)/cypress/psoc creator/4.4/psoc creator/import/gnu/arm/5.4.1/bin/../lib/gcc/arm-none-eabi/5.4.1/armv6-m/crtbegin.o

.eh_frame_hdr
 *(.eh_frame_hdr)

.eh_frame       0x000022a8        0x4
 *(.eh_frame)
 .eh_frame      0x000022a8        0x0 c:/program files (x86)/cypress/psoc creator/4.4/psoc creator/import/gnu/arm/5.4.1/bin/../lib/gcc/arm-none-eabi/5.4.1/armv6-m/crtbegin.o
 .eh_frame      0x000022a8        0x4 c:/program files (x86)/cypress/psoc creator/4.4/psoc creator/import/gnu/arm/5.4.1/bin/../lib/gcc/arm-none-eabi/5.4.1/armv6-m/crtend.o
                [!provide]                PROVIDE (__exidx_start, .)

.ARM.exidx
 *(.ARM.exidx* .gnu.linkonce.armexidx.*)
                0x000022ac                __exidx_end = .

.rodata         0x000022ac      0x464
 *(.rodata .rodata.* .gnu.linkonce.r.*)
 .rodata        0x000022ac       0xd8 .\CortexM0\ARM_GCC_541\Debug\main.o
 .rodata.str1.4
                0x00002384      0x17c .\CortexM0\ARM_GCC_541\Debug\main.o
                                0x17e (size before relaxing)
 .rodata        0x00002500       0x18 .\CortexM0\ARM_GCC_541\Debug\cyfitter_cfg.o
 .rodata        0x00002518      0x160 .\CortexM0\ARM_GCC_541\Debug\CAN_Board.a(CAN.o)
 .rodata        0x00002678       0x2e .\CortexM0\ARM_GCC_541\Debug\CAN_Board.a(CyLib.o)
                0x00002678                cyImoFreqMhz2Reg
 .rodata.str1.1
                0x000026a6        0x2 c:/program files (x86)/cypress/psoc creator/4.4/psoc creator/import/gnu/arm/5.4.1/bin/../lib/gcc/arm-none-eabi/5.4.1/../../../../arm-none-eabi/lib/armv6-m\libg_nano.a(lib_a-impure.o)
 .rodata.str1.1
                0x000026a8       0x11 c:/program files (x86)/cypress/psoc creator/4.4/psoc creator/import/gnu/arm/5.4.1/bin/../lib/gcc/arm-none-eabi/5.4.1/../../../../arm-none-eabi/lib/armv6-m\libg_nano.a(lib_a-nano-svfprintf.o)
 .rodata.str1.1
                0x000026b9       0x22 c:/program files (x86)/cypress/psoc creator/4.4/psoc creator/import/gnu/arm/5.4.1/bin/../lib/gcc/arm-none-eabi/5.4.1/../../../../arm-none-eabi/lib/armv6-m\libg_nano.a(lib_a-nano-vfprintf_i.o)
                0x000026dc                . = ALIGN (0x4)
 *fill*         0x000026db        0x1 
 *(.init)
 .init          0x000026dc        0x4 c:/program files (x86)/cypress/psoc creator/4.4/psoc creator/import/gnu/arm/5.4.1/bin/../lib/gcc/arm-none-eabi/5.4.1/armv6-m/crti.o
                0x000026dc                _init
 .init          0x000026e0        0x8 c:/program files (x86)/cypress/psoc creator/4.4/psoc creator/import/gnu/arm/5.4.1/bin/../lib/gcc/arm-none-eabi/5.4.1/armv6-m/crtn.o
                0x000026e8                . = ALIGN (0x4)
                0x000026e8                __preinit_array_start = .
 *(.preinit_array)
                0x000026e8                __preinit_array_end = .
                0x000026e8                . = ALIGN (0x4)
                0x000026e8                __init_array_start = .
 *(SORT(.init_array.*))
 *(.init_array)
 .init_array    0x000026e8        0x4 c:/program files (x86)/cypress/psoc creator/4.4/psoc creator/import/gnu/arm/5.4.1/bin/../lib/gcc/arm-none-eabi/5.4.1/armv6-m/crtbegin.o
 .init_array    0x000026ec        0x4 .\CortexM0\ARM_GCC_541\Debug\Cm0Start.o
                0x000026f0                __init_array_end = .
                0x000026f0                . = ALIGN (0x4)
 *(.fini)
 .fini          0x000026f0        0x4 c:/program files (x86)/cypress/psoc creator/4.4/psoc creator/import/gnu/arm/5.4.1/bin/../lib/gcc/arm-none-eabi/5.4.1/armv6-m/crti.o
                0x000026f0                _fini
 .fini          0x000026f4        0x8 c:/program files (x86)/cypress/psoc creator/4.4/psoc creator/import/gnu/arm/5.4.1/bin/../lib/gcc/arm-none-eabi/5.4.1/armv6-m/crtn.o
                0x000026fc                . = ALIGN (0x4)
                0x000026fc                __fini_array_start = .
 *(.fini_array)
 .fini_array    0x000026fc        0x4 c:/program files (x86)/cypress/psoc creator/4.4/psoc creator/import/gnu/arm/5.4.1/bin/../lib/gcc/arm-none-eabi/5.4.1/armv6-m/crtbegin.o
 *(SORT(.fini_array.*))
                0x00002700                __fini_array_end = .
                0x00002700                . = ALIGN (0x4)
 *crtbegin.o(.ctors)
 *(EXCLUDE_FILE(*crtend.o) .ctors)
 *(SORT(.ctors.*))
 *crtend.o(.ctors)
                0x00002700                . = ALIGN (0x4)
 *crtbegin.o(.dtors)
 *(EXCLUDE_FILE(*crtend.o) .dtors)
 *(SORT(.dtors.*))
 *crtend.o(.dtors)
                0x00002700                . = ALIGN (0x4)
                0x00002700                __cy_regions = .
                0x00002700        0x4 LONG 0x2710 __cy_region_init_ram
                0x00002704        0x4 LONG 0x200000c0 __cy_region_start_data
                0x00002708        0x4 LONG 0x88 __cy_region_init_size_ram
                0x0000270c        0x4 LONG 0x888 __cy_region_zero_size_ram
                0x00002710                __cy_regions_end = .
                0x00002710                . = ALIGN (0x8)
                0x00002710                _etext = .

.cy_checksum_exclude
                0x00002710        0x0
 *(.cy_checksum_exclude)

.ramvectors     0x20000000       0xc0
                0x20000000                __cy_region_start_ram = .
 *(.ramvectors)
 .ramvectors    0x20000000       0xc0 .\CortexM0\ARM_GCC_541\Debug\Cm0Start.o
                0x20000000                CyRamVectors

.noinit
 *(.noinit)

.data           0x200000c0       0x88 load address 0x00002710
                0x200000c0                __cy_region_start_data = .
 *(.jcr)
 .jcr           0x200000c0        0x0 c:/program files (x86)/cypress/psoc creator/4.4/psoc creator/import/gnu/arm/5.4.1/bin/../lib/gcc/arm-none-eabi/5.4.1/armv6-m/crtbegin.o
 .jcr           0x200000c0        0x4 c:/program files (x86)/cypress/psoc creator/4.4/psoc creator/import/gnu/arm/5.4.1/bin/../lib/gcc/arm-none-eabi/5.4.1/armv6-m/crtend.o
 *(.got.plt)
 *(.got)
 *(.shdata)
 *(.data .data.* .gnu.linkonce.d.*)
 .data          0x200000c4        0x4 .\CortexM0\ARM_GCC_541\Debug\Cm0Start.o
 .data          0x200000c8       0x14 .\CortexM0\ARM_GCC_541\Debug\CAN_Board.a(CyLib.o)
                0x200000c8                CySysClkPumpConfig
                0x200000cc                cydelay32kMs
                0x200000d0                cydelayFreqKhz
                0x200000d4                cydelayFreqMhz
                0x200000d8                cydelayFreqHz
 .data          0x200000dc        0x8 .\CortexM0\ARM_GCC_541\Debug\CAN_Board.a(CyLFClk.o)
 .data.impure_data
                0x200000e4       0x60 c:/program files (x86)/cypress/psoc creator/4.4/psoc creator/import/gnu/arm/5.4.1/bin/../lib/gcc/arm-none-eabi/5.4.1/../../../../arm-none-eabi/lib/armv6-m\libg_nano.a(lib_a-impure.o)
 .data._impure_ptr
                0x20000144        0x4 c:/program files (x86)/cypress/psoc creator/4.4/psoc creator/import/gnu/arm/5.4.1/bin/../lib/gcc/arm-none-eabi/5.4.1/../../../../arm-none-eabi/lib/armv6-m\libg_nano.a(lib_a-impure.o)
                0x20000144                _impure_ptr
                0x20000148                . = ALIGN (0x8)
 *(.ram)
                0x20000148                _edata = .

.igot.plt       0x20000148        0x0 load address 0x00002798
 .igot.plt      0x20000148        0x0 c:/program files (x86)/cypress/psoc creator/4.4/psoc creator/import/gnu/arm/5.4.1/bin/../lib/gcc/arm-none-eabi/5.4.1/armv6-m/crtbegin.o

.bss            0x20000148      0x888 load address 0x00002798
                0x20000148                PROVIDE (__bss_start__, .)
 *(.shbss)
 *(.bss .bss.* .gnu.linkonce.b.*)
 .bss           0x20000148       0x1c c:/program files (x86)/cypress/psoc creator/4.4/psoc creator/import/gnu/arm/5.4.1/bin/../lib/gcc/arm-none-eabi/5.4.1/armv6-m/crtbegin.o
 .bss           0x20000164       0x15 .\CortexM0\ARM_GCC_541\Debug\main.o
                0x20000164                latestMessageFull
                0x20000165                latestMessageHead
                0x20000166                latestMessageTail
                0x20000168                CAN_time_LED
                0x2000016c                uart_rx_len
                0x20000170                known_n
                0x20000174                mailbox
                0x20000178                messageReadFlag
 .bss           0x20000179        0x1 .\CortexM0\ARM_GCC_541\Debug\CAN_Board.a(CAN.o)
                0x20000179                CAN_initVar
 .bss           0x2000017a        0x4 .\CortexM0\ARM_GCC_541\Debug\CAN_Board.a(UART.o)
                0x2000017a                UART_initVar
                0x2000017c                UART_IntrTxMask
 .bss           0x2000017e        0x1 .\CortexM0\ARM_GCC_541\Debug\CAN_Board.a(blinker.o)
                0x2000017e                blinker_initVar
 *fill*         0x2000017f        0x1 
 .bss           0x20000180       0x20 .\CortexM0\ARM_GCC_541\Debug\CAN_Board.a(CyLib.o)
                0x20000180                CySysClkImoTrim4
                0x20000184                CySysClkImoTrim5
                0x2000019c                CySysTickInitVar
 .bss           0x200001a0       0x28 .\CortexM0\ARM_GCC_541\Debug\CAN_Board.a(CyLFClk.o)
 .bss.__malloc_sbrk_start
                0x200001c8        0x4 c:/program files (x86)/cypress/psoc creator/4.4/psoc creator/import/gnu/arm/5.4.1/bin/../lib/gcc/arm-none-eabi/5.4.1/../../../../arm-none-eabi/lib/armv6-m\libg_nano.a(lib_a-nano-mallocr.o)
                0x200001c8                __malloc_sbrk_start
 .bss.__malloc_free_list
                0x200001cc        0x4 c:/program files (x86)/cypress/psoc creator/4.4/psoc creator/import/gnu/arm/5.4.1/bin/../lib/gcc/arm-none-eabi/5.4.1/../../../../arm-none-eabi/lib/armv6-m\libg_nano.a(lib_a-nano-mallocr.o)
                0x200001cc                __malloc_free_list
 *(COMMON)
 COMMON         0x200001d0      0x7fc .\CortexM0\ARM_GCC_541\Debug\main.o
                0x200001d0                known_counter
                0x20000360                known
                0x20000810                packet
                0x2000081c                deviceGroup
                0x20000820                messagePWM
                0x20000830                rxMailbox
                0x20000840                uart_tx
                0x200008a4                uart_rx
                0x20000908                deviceAddress
                0x2000090c                latestMessage
 COMMON         0x200009cc        0x4 c:/program files (x86)/cypress/psoc creator/4.4/psoc creator/import/gnu/arm/5.4.1/bin/../lib/gcc/arm-none-eabi/5.4.1/../../../../arm-none-eabi/lib/armv6-m\libg_nano.a(lib_a-reent.o)
                0x200009cc                errno
                0x200009d0                . = ALIGN (0x8)
 *(.ram.b)
                0x200009d0                _end = .
                0x200009d0                __end = .
                0x200009d0                PROVIDE (end, .)
                0x200009d0                PROVIDE (__bss_end__, .)
                0x00002710                __cy_region_init_ram = LOADADDR (.data)
                0x00000088                __cy_region_init_size_ram = (_edata - ADDR (.data))
                0x00000888                __cy_region_zero_size_ram = (_end - _edata)

.heap           0x200009d0       0x80 load address 0x00002798
                0x200009d0                . = _end
                0x20000a50                . = (. + 0x80)
 *fill*         0x200009d0       0x80 
                0x20000a50                __cy_heap_limit = .

.stack          0x20003800      0x800
                0x20003800                __cy_stack_limit = .
                0x20004000                . = (. + 0x800)
 *fill*         0x20003800      0x800 
                0x00000001                ASSERT ((__cy_stack_limit >= __cy_heap_limit), region RAM overflowed with stack)
                0x00000000                cy_checksum_exclude_size = (CY_APPL_LOADABLE == 0x1)?SIZEOF (.cy_checksum_exclude):0x0
                0x00000001                ASSERT ((cy_checksum_exclude_size <= CY_CHECKSUM_EXCLUDE_SIZE), CY_BOOT: Section .cy_checksum_exclude size exceedes specified limit.)
                0x0001ffc0                cyloadermeta_start = (cy_project_type_bootloader || cy_project_type_app_for_stack_and_copier)?(LENGTH (rom) - CY_METADATA_SIZE):0xf0000000

.cyloadermeta
 *(.cyloadermeta)
                0x0001ffc0                cyloadablemeta_start = cy_project_type_app_for_stack_and_copier?((LENGTH (rom) - CY_FLASH_ROW_SIZE) - CY_METADATA_SIZE):((LENGTH (rom) - (CY_FLASH_ROW_SIZE * (CY_APPL_NUM - 0x1))) - CY_METADATA_SIZE)

.cyloadablemeta
 *(.cyloadablemeta)

.cyflashprotect
                0x90400000       0x40
 *(.cyflashprotect)
 .cyflashprotect
                0x90400000       0x40 .\CortexM0\ARM_GCC_541\Debug\cymetadata.o
                0x90400000                cy_meta_flashprotect

.cymeta         0x90500000        0xc
 *(.cymeta)
 .cymeta        0x90500000        0xc .\CortexM0\ARM_GCC_541\Debug\cymetadata.o
                0x90500000                cy_metadata

.cychipprotect  0x90600000        0x1
 *(.cychipprotect)
 .cychipprotect
                0x90600000        0x1 .\CortexM0\ARM_GCC_541\Debug\cymetadata.o
                0x90600000                cy_meta_chipprotect

.rel.dyn        0x00002798        0x0 load address 0x90600004
 .rel.iplt      0x00002798        0x0 c:/program files (x86)/cypress/psoc creator/4.4/psoc creator/import/gnu/arm/5.4.1/bin/../lib/gcc/arm-none-eabi/5.4.1/armv6-m/crtbegin.o

.stab
 *(.stab)

.stabstr
 *(.stabstr)

.debug
 *(.debug)

.line
 *(.line)

.debug_srcinfo
 *(.debug_srcinfo)

.debug_sfnames
 *(.debug_sfnames)

.debug_aranges  0x00000000      0xa50
 *(.debug_aranges)
 .debug_aranges
                0x00000000       0x78 .\CortexM0\ARM_GCC_541\Debug\main.o
 .debug_aranges
                0x00000078       0x70 .\CortexM0\ARM_GCC_541\Debug\UART_Interface.o
 .debug_aranges
                0x000000e8       0x50 .\CortexM0\ARM_GCC_541\Debug\CAN_stuff.o
 .debug_aranges
                0x00000138       0x40 .\CortexM0\ARM_GCC_541\Debug\cyfitter_cfg.o
 .debug_aranges
                0x00000178       0x18 .\CortexM0\ARM_GCC_541\Debug\cymetadata.o
 .debug_aranges
                0x00000190       0x48 .\CortexM0\ARM_GCC_541\Debug\Cm0Start.o
 .debug_aranges
                0x000001d8       0xe8 .\CortexM0\ARM_GCC_541\Debug\CAN_Board.a(CAN.o)
 .debug_aranges
                0x000002c0       0x20 .\CortexM0\ARM_GCC_541\Debug\CAN_Board.a(CAN_INT.o)
 .debug_aranges
                0x000002e0       0x30 .\CortexM0\ARM_GCC_541\Debug\CAN_Board.a(CAN_TX_RX_func.o)
 .debug_aranges
                0x00000310       0x58 .\CortexM0\ARM_GCC_541\Debug\CAN_Board.a(UART.o)
 .debug_aranges
                0x00000368       0x90 .\CortexM0\ARM_GCC_541\Debug\CAN_Board.a(UART_UART.o)
 .debug_aranges
                0x000003f8       0x48 .\CortexM0\ARM_GCC_541\Debug\CAN_Board.a(CAN1_LED.o)
 .debug_aranges
                0x00000440      0x158 .\CortexM0\ARM_GCC_541\Debug\CAN_Board.a(blinker.o)
 .debug_aranges
                0x00000598      0x270 .\CortexM0\ARM_GCC_541\Debug\CAN_Board.a(CyLib.o)
 .debug_aranges
                0x00000808      0x188 .\CortexM0\ARM_GCC_541\Debug\CAN_Board.a(CyLFClk.o)
 .debug_aranges
                0x00000990       0x20 .\CortexM0\ARM_GCC_541\Debug\CAN_Board.a(CyBootAsmGnu.o)
 .debug_aranges
                0x000009b0       0x60 .\CortexM0\ARM_GCC_541\Debug\CAN_Board.a(UART_SPI_UART.o)
 .debug_aranges
                0x00000a10       0x40 .\CortexM0\ARM_GCC_541\Debug\CAN_Board.a(CyFlash.o)

.debug_pubnames
 *(.debug_pubnames)

.debug_info     0x00000000     0x71f1
 *(.debug_info .gnu.linkonce.wi.*)
 .debug_info    0x00000000      0xd2d .\CortexM0\ARM_GCC_541\Debug\main.o
 .debug_info    0x00000d2d      0x985 .\CortexM0\ARM_GCC_541\Debug\UART_Interface.o
 .debug_info    0x000016b2      0x62e .\CortexM0\ARM_GCC_541\Debug\CAN_stuff.o
 .debug_info    0x00001ce0      0x3bc .\CortexM0\ARM_GCC_541\Debug\cyfitter_cfg.o
 .debug_info    0x0000209c       0xf8 .\CortexM0\ARM_GCC_541\Debug\cymetadata.o
 .debug_info    0x00002194      0x3a2 .\CortexM0\ARM_GCC_541\Debug\Cm0Start.o
 .debug_info    0x00002536      0x9c6 .\CortexM0\ARM_GCC_541\Debug\CAN_Board.a(CAN.o)
 .debug_info    0x00002efc       0xa0 .\CortexM0\ARM_GCC_541\Debug\CAN_Board.a(CAN_INT.o)
 .debug_info    0x00002f9c      0x37e .\CortexM0\ARM_GCC_541\Debug\CAN_Board.a(CAN_TX_RX_func.o)
 .debug_info    0x0000331a      0x23a .\CortexM0\ARM_GCC_541\Debug\CAN_Board.a(UART.o)
 .debug_info    0x00003554      0x3b5 .\CortexM0\ARM_GCC_541\Debug\CAN_Board.a(UART_UART.o)
 .debug_info    0x00003909      0x19b .\CortexM0\ARM_GCC_541\Debug\CAN_Board.a(CAN1_LED.o)
 .debug_info    0x00003aa4      0x90a .\CortexM0\ARM_GCC_541\Debug\CAN_Board.a(blinker.o)
 .debug_info    0x000043ae     0x17e4 .\CortexM0\ARM_GCC_541\Debug\CAN_Board.a(CyLib.o)
 .debug_info    0x00005b92     0x1058 .\CortexM0\ARM_GCC_541\Debug\CAN_Board.a(CyLFClk.o)
 .debug_info    0x00006bea       0x95 .\CortexM0\ARM_GCC_541\Debug\CAN_Board.a(CyBootAsmGnu.o)
 .debug_info    0x00006c7f      0x220 .\CortexM0\ARM_GCC_541\Debug\CAN_Board.a(UART_SPI_UART.o)
 .debug_info    0x00006e9f      0x352 .\CortexM0\ARM_GCC_541\Debug\CAN_Board.a(CyFlash.o)

.debug_abbrev   0x00000000     0x190a
 *(.debug_abbrev)
 .debug_abbrev  0x00000000      0x276 .\CortexM0\ARM_GCC_541\Debug\main.o
 .debug_abbrev  0x00000276      0x23b .\CortexM0\ARM_GCC_541\Debug\UART_Interface.o
 .debug_abbrev  0x000004b1      0x1ad .\CortexM0\ARM_GCC_541\Debug\CAN_stuff.o
 .debug_abbrev  0x0000065e      0x1af .\CortexM0\ARM_GCC_541\Debug\cyfitter_cfg.o
 .debug_abbrev  0x0000080d       0x5d .\CortexM0\ARM_GCC_541\Debug\cymetadata.o
 .debug_abbrev  0x0000086a      0x1d7 .\CortexM0\ARM_GCC_541\Debug\Cm0Start.o
 .debug_abbrev  0x00000a41      0x186 .\CortexM0\ARM_GCC_541\Debug\CAN_Board.a(CAN.o)
 .debug_abbrev  0x00000bc7       0x42 .\CortexM0\ARM_GCC_541\Debug\CAN_Board.a(CAN_INT.o)
 .debug_abbrev  0x00000c09      0x159 .\CortexM0\ARM_GCC_541\Debug\CAN_Board.a(CAN_TX_RX_func.o)
 .debug_abbrev  0x00000d62       0xd5 .\CortexM0\ARM_GCC_541\Debug\CAN_Board.a(UART.o)
 .debug_abbrev  0x00000e37      0x132 .\CortexM0\ARM_GCC_541\Debug\CAN_Board.a(UART_UART.o)
 .debug_abbrev  0x00000f69       0xc8 .\CortexM0\ARM_GCC_541\Debug\CAN_Board.a(CAN1_LED.o)
 .debug_abbrev  0x00001031      0x119 .\CortexM0\ARM_GCC_541\Debug\CAN_Board.a(blinker.o)
 .debug_abbrev  0x0000114a      0x293 .\CortexM0\ARM_GCC_541\Debug\CAN_Board.a(CyLib.o)
 .debug_abbrev  0x000013dd      0x248 .\CortexM0\ARM_GCC_541\Debug\CAN_Board.a(CyLFClk.o)
 .debug_abbrev  0x00001625       0x14 .\CortexM0\ARM_GCC_541\Debug\CAN_Board.a(CyBootAsmGnu.o)
 .debug_abbrev  0x00001639      0x14f .\CortexM0\ARM_GCC_541\Debug\CAN_Board.a(UART_SPI_UART.o)
 .debug_abbrev  0x00001788      0x182 .\CortexM0\ARM_GCC_541\Debug\CAN_Board.a(CyFlash.o)

.debug_line     0x00000000     0x2ca0
 *(.debug_line)
 .debug_line    0x00000000      0x3e1 .\CortexM0\ARM_GCC_541\Debug\main.o
 .debug_line    0x000003e1      0x354 .\CortexM0\ARM_GCC_541\Debug\UART_Interface.o
 .debug_line    0x00000735      0x271 .\CortexM0\ARM_GCC_541\Debug\CAN_stuff.o
 .debug_line    0x000009a6      0x182 .\CortexM0\ARM_GCC_541\Debug\cyfitter_cfg.o
 .debug_line    0x00000b28      0x141 .\CortexM0\ARM_GCC_541\Debug\cymetadata.o
 .debug_line    0x00000c69      0x236 .\CortexM0\ARM_GCC_541\Debug\Cm0Start.o
 .debug_line    0x00000e9f      0x3e7 .\CortexM0\ARM_GCC_541\Debug\CAN_Board.a(CAN.o)
 .debug_line    0x00001286       0x53 .\CortexM0\ARM_GCC_541\Debug\CAN_Board.a(CAN_INT.o)
 .debug_line    0x000012d9       0xfc .\CortexM0\ARM_GCC_541\Debug\CAN_Board.a(CAN_TX_RX_func.o)
 .debug_line    0x000013d5      0x108 .\CortexM0\ARM_GCC_541\Debug\CAN_Board.a(UART.o)
 .debug_line    0x000014dd      0x1cf .\CortexM0\ARM_GCC_541\Debug\CAN_Board.a(UART_UART.o)
 .debug_line    0x000016ac       0xbf .\CortexM0\ARM_GCC_541\Debug\CAN_Board.a(CAN1_LED.o)
 .debug_line    0x0000176b      0x380 .\CortexM0\ARM_GCC_541\Debug\CAN_Board.a(blinker.o)
 .debug_line    0x00001aeb      0x8ef .\CortexM0\ARM_GCC_541\Debug\CAN_Board.a(CyLib.o)
 .debug_line    0x000023da      0x5d1 .\CortexM0\ARM_GCC_541\Debug\CAN_Board.a(CyLFClk.o)
 .debug_line    0x000029ab       0x68 .\CortexM0\ARM_GCC_541\Debug\CAN_Board.a(CyBootAsmGnu.o)
 .debug_line    0x00002a13      0x11a .\CortexM0\ARM_GCC_541\Debug\CAN_Board.a(UART_SPI_UART.o)
 .debug_line    0x00002b2d      0x173 .\CortexM0\ARM_GCC_541\Debug\CAN_Board.a(CyFlash.o)

.debug_frame    0x00000000     0x1e48
 *(.debug_frame)
 .debug_frame   0x00000000      0x164 .\CortexM0\ARM_GCC_541\Debug\main.o
 .debug_frame   0x00000164      0x144 .\CortexM0\ARM_GCC_541\Debug\UART_Interface.o
 .debug_frame   0x000002a8       0xc4 .\CortexM0\ARM_GCC_541\Debug\CAN_stuff.o
 .debug_frame   0x0000036c       0x98 .\CortexM0\ARM_GCC_541\Debug\cyfitter_cfg.o
 .debug_frame   0x00000404       0xbc .\CortexM0\ARM_GCC_541\Debug\Cm0Start.o
 .debug_frame   0x000004c0      0x238 .\CortexM0\ARM_GCC_541\Debug\CAN_Board.a(CAN.o)
 .debug_frame   0x000006f8       0x20 .\CortexM0\ARM_GCC_541\Debug\CAN_Board.a(CAN_INT.o)
 .debug_frame   0x00000718       0x60 .\CortexM0\ARM_GCC_541\Debug\CAN_Board.a(CAN_TX_RX_func.o)
 .debug_frame   0x00000778       0xd8 .\CortexM0\ARM_GCC_541\Debug\CAN_Board.a(UART.o)
 .debug_frame   0x00000850      0x144 .\CortexM0\ARM_GCC_541\Debug\CAN_Board.a(UART_UART.o)
 .debug_frame   0x00000994       0x70 .\CortexM0\ARM_GCC_541\Debug\CAN_Board.a(CAN1_LED.o)
 .debug_frame   0x00000a04      0x3a0 .\CortexM0\ARM_GCC_541\Debug\CAN_Board.a(blinker.o)
 .debug_frame   0x00000da4      0x718 .\CortexM0\ARM_GCC_541\Debug\CAN_Board.a(CyLib.o)
 .debug_frame   0x000014bc      0x4a4 .\CortexM0\ARM_GCC_541\Debug\CAN_Board.a(CyLFClk.o)
 .debug_frame   0x00001960       0xb0 .\CortexM0\ARM_GCC_541\Debug\CAN_Board.a(UART_SPI_UART.o)
 .debug_frame   0x00001a10       0x90 .\CortexM0\ARM_GCC_541\Debug\CAN_Board.a(CyFlash.o)
 .debug_frame   0x00001aa0       0x20 c:/program files (x86)/cypress/psoc creator/4.4/psoc creator/import/gnu/arm/5.4.1/bin/../lib/gcc/arm-none-eabi/5.4.1/armv6-m\libgcc.a(_udivsi3.o)
 .debug_frame   0x00001ac0       0x20 c:/program files (x86)/cypress/psoc creator/4.4/psoc creator/import/gnu/arm/5.4.1/bin/../lib/gcc/arm-none-eabi/5.4.1/armv6-m\libgcc.a(_divsi3.o)
 .debug_frame   0x00001ae0       0x20 c:/program files (x86)/cypress/psoc creator/4.4/psoc creator/import/gnu/arm/5.4.1/bin/../lib/gcc/arm-none-eabi/5.4.1/../../../../arm-none-eabi/lib/armv6-m\libg_nano.a(lib_a-errno.o)
 .debug_frame   0x00001b00       0x28 c:/program files (x86)/cypress/psoc creator/4.4/psoc creator/import/gnu/arm/5.4.1/bin/../lib/gcc/arm-none-eabi/5.4.1/../../../../arm-none-eabi/lib/armv6-m\libg_nano.a(lib_a-exit.o)
 .debug_frame   0x00001b28       0x2c c:/program files (x86)/cypress/psoc creator/4.4/psoc creator/import/gnu/arm/5.4.1/bin/../lib/gcc/arm-none-eabi/5.4.1/../../../../arm-none-eabi/lib/armv6-m\libg_nano.a(lib_a-init.o)
 .debug_frame   0x00001b54       0x28 c:/program files (x86)/cypress/psoc creator/4.4/psoc creator/import/gnu/arm/5.4.1/bin/../lib/gcc/arm-none-eabi/5.4.1/../../../../arm-none-eabi/lib/armv6-m\libg_nano.a(lib_a-memcpy-stub.o)
 .debug_frame   0x00001b7c       0x20 c:/program files (x86)/cypress/psoc creator/4.4/psoc creator/import/gnu/arm/5.4.1/bin/../lib/gcc/arm-none-eabi/5.4.1/../../../../arm-none-eabi/lib/armv6-m\libg_nano.a(lib_a-memset.o)
 .debug_frame   0x00001b9c       0x50 c:/program files (x86)/cypress/psoc creator/4.4/psoc creator/import/gnu/arm/5.4.1/bin/../lib/gcc/arm-none-eabi/5.4.1/../../../../arm-none-eabi/lib/armv6-m\libg_nano.a(lib_a-sprintf.o)
 .debug_frame   0x00001bec       0x74 c:/program files (x86)/cypress/psoc creator/4.4/psoc creator/import/gnu/arm/5.4.1/bin/../lib/gcc/arm-none-eabi/5.4.1/../../../../arm-none-eabi/lib/armv6-m\libg_nano.a(lib_a-nano-svfprintf.o)
 .debug_frame   0x00001c60       0x54 c:/program files (x86)/cypress/psoc creator/4.4/psoc creator/import/gnu/arm/5.4.1/bin/../lib/gcc/arm-none-eabi/5.4.1/../../../../arm-none-eabi/lib/armv6-m\libg_nano.a(lib_a-nano-vfprintf_i.o)
 .debug_frame   0x00001cb4       0x20 c:/program files (x86)/cypress/psoc creator/4.4/psoc creator/import/gnu/arm/5.4.1/bin/../lib/gcc/arm-none-eabi/5.4.1/../../../../arm-none-eabi/lib/armv6-m\libg_nano.a(lib_a-memchr-stub.o)
 .debug_frame   0x00001cd4       0x28 c:/program files (x86)/cypress/psoc creator/4.4/psoc creator/import/gnu/arm/5.4.1/bin/../lib/gcc/arm-none-eabi/5.4.1/../../../../arm-none-eabi/lib/armv6-m\libg_nano.a(lib_a-memmove.o)
 .debug_frame   0x00001cfc       0x2c c:/program files (x86)/cypress/psoc creator/4.4/psoc creator/import/gnu/arm/5.4.1/bin/../lib/gcc/arm-none-eabi/5.4.1/../../../../arm-none-eabi/lib/armv6-m\libg_nano.a(lib_a-nano-freer.o)
 .debug_frame   0x00001d28       0x2c c:/program files (x86)/cypress/psoc creator/4.4/psoc creator/import/gnu/arm/5.4.1/bin/../lib/gcc/arm-none-eabi/5.4.1/../../../../arm-none-eabi/lib/armv6-m\libg_nano.a(lib_a-nano-mallocr.o)
 .debug_frame   0x00001d54       0x30 c:/program files (x86)/cypress/psoc creator/4.4/psoc creator/import/gnu/arm/5.4.1/bin/../lib/gcc/arm-none-eabi/5.4.1/../../../../arm-none-eabi/lib/armv6-m\libg_nano.a(lib_a-nano-reallocr.o)
 .debug_frame   0x00001d84       0x2c c:/program files (x86)/cypress/psoc creator/4.4/psoc creator/import/gnu/arm/5.4.1/bin/../lib/gcc/arm-none-eabi/5.4.1/../../../../arm-none-eabi/lib/armv6-m\libg_nano.a(lib_a-sbrkr.o)
 .debug_frame   0x00001db0       0x30 c:/program files (x86)/cypress/psoc creator/4.4/psoc creator/import/gnu/arm/5.4.1/bin/../lib/gcc/arm-none-eabi/5.4.1/../../../../arm-none-eabi/lib/armv6-m\libg_nano.a(lib_a-mlock.o)
 .debug_frame   0x00001de0       0x20 c:/program files (x86)/cypress/psoc creator/4.4/psoc creator/import/gnu/arm/5.4.1/bin/../lib/gcc/arm-none-eabi/5.4.1/../../../../arm-none-eabi/lib/armv6-m\libg_nano.a(lib_a-nano-msizer.o)
 .debug_frame   0x00001e00       0x48 c:/program files (x86)/cypress/psoc creator/4.4/psoc creator/import/gnu/arm/5.4.1/bin/../lib/gcc/arm-none-eabi/5.4.1/../../../../arm-none-eabi/lib/armv6-m\libg_nano.a(lib_a-reent.o)

.debug_str      0x00000000     0x23fc
 *(.debug_str)
 .debug_str     0x00000000      0x4d4 .\CortexM0\ARM_GCC_541\Debug\main.o
                                0x55a (size before relaxing)
 .debug_str     0x000004d4       0x11 .\CortexM0\ARM_GCC_541\Debug\UART_Interface.o
                                0x4e6 (size before relaxing)
 .debug_str     0x000004e5        0xc .\CortexM0\ARM_GCC_541\Debug\CAN_stuff.o
                                0x438 (size before relaxing)
 .debug_str     0x000004f1      0x10a .\CortexM0\ARM_GCC_541\Debug\cyfitter_cfg.o
                                0x2db (size before relaxing)
 .debug_str     0x000005fb       0x59 .\CortexM0\ARM_GCC_541\Debug\cymetadata.o
                                0x1cd (size before relaxing)
 .debug_str     0x00000654      0x13a .\CortexM0\ARM_GCC_541\Debug\Cm0Start.o
                                0x306 (size before relaxing)
 .debug_str     0x0000078e      0x2d7 .\CortexM0\ARM_GCC_541\Debug\CAN_Board.a(CAN.o)
                                0x53b (size before relaxing)
 .debug_str     0x00000a65       0x29 .\CortexM0\ARM_GCC_541\Debug\CAN_Board.a(CAN_INT.o)
                                0x1a9 (size before relaxing)
 .debug_str     0x00000a8e       0x69 .\CortexM0\ARM_GCC_541\Debug\CAN_Board.a(CAN_TX_RX_func.o)
                                0x2ce (size before relaxing)
 .debug_str     0x00000af7       0xf7 .\CortexM0\ARM_GCC_541\Debug\CAN_Board.a(UART.o)
                                0x29c (size before relaxing)
 .debug_str     0x00000bee      0x1b0 .\CortexM0\ARM_GCC_541\Debug\CAN_Board.a(UART_UART.o)
                                0x3cd (size before relaxing)
 .debug_str     0x00000d9e       0xb6 .\CortexM0\ARM_GCC_541\Debug\CAN_Board.a(CAN1_LED.o)
                                0x250 (size before relaxing)
 .debug_str     0x00000e54      0x459 .\CortexM0\ARM_GCC_541\Debug\CAN_Board.a(blinker.o)
                                0x60a (size before relaxing)
 .debug_str     0x000012ad      0x8e6 .\CortexM0\ARM_GCC_541\Debug\CAN_Board.a(CyLib.o)
                                0xb4d (size before relaxing)
 .debug_str     0x00001b93      0x6e2 .\CortexM0\ARM_GCC_541\Debug\CAN_Board.a(CyLFClk.o)
                                0x922 (size before relaxing)
 .debug_str     0x00002275       0xdc .\CortexM0\ARM_GCC_541\Debug\CAN_Board.a(UART_SPI_UART.o)
                                0x2d3 (size before relaxing)
 .debug_str     0x00002351       0xab .\CortexM0\ARM_GCC_541\Debug\CAN_Board.a(CyFlash.o)
                                0x2b5 (size before relaxing)

.debug_loc      0x00000000     0x45a9
 *(.debug_loc)
 .debug_loc     0x00000000      0x2fe .\CortexM0\ARM_GCC_541\Debug\main.o
 .debug_loc     0x000002fe      0x2a2 .\CortexM0\ARM_GCC_541\Debug\UART_Interface.o
 .debug_loc     0x000005a0       0xba .\CortexM0\ARM_GCC_541\Debug\CAN_stuff.o
 .debug_loc     0x0000065a      0x118 .\CortexM0\ARM_GCC_541\Debug\cyfitter_cfg.o
 .debug_loc     0x00000772      0x14f .\CortexM0\ARM_GCC_541\Debug\Cm0Start.o
 .debug_loc     0x000008c1      0xa5e .\CortexM0\ARM_GCC_541\Debug\CAN_Board.a(CAN.o)
 .debug_loc     0x0000131f      0x17f .\CortexM0\ARM_GCC_541\Debug\CAN_Board.a(CAN_TX_RX_func.o)
 .debug_loc     0x0000149e       0x7e .\CortexM0\ARM_GCC_541\Debug\CAN_Board.a(UART.o)
 .debug_loc     0x0000151c      0x223 .\CortexM0\ARM_GCC_541\Debug\CAN_Board.a(UART_UART.o)
 .debug_loc     0x0000173f       0x81 .\CortexM0\ARM_GCC_541\Debug\CAN_Board.a(CAN1_LED.o)
 .debug_loc     0x000017c0      0x547 .\CortexM0\ARM_GCC_541\Debug\CAN_Board.a(blinker.o)
 .debug_loc     0x00001d07     0x18f5 .\CortexM0\ARM_GCC_541\Debug\CAN_Board.a(CyLib.o)
 .debug_loc     0x000035fc      0xdb7 .\CortexM0\ARM_GCC_541\Debug\CAN_Board.a(CyLFClk.o)
 .debug_loc     0x000043b3       0x96 .\CortexM0\ARM_GCC_541\Debug\CAN_Board.a(UART_SPI_UART.o)
 .debug_loc     0x00004449      0x160 .\CortexM0\ARM_GCC_541\Debug\CAN_Board.a(CyFlash.o)

.debug_macinfo
 *(.debug_macinfo)

.debug_ranges   0x00000000      0x948
 *(.debug_ranges)
 .debug_ranges  0x00000000       0x80 .\CortexM0\ARM_GCC_541\Debug\main.o
 .debug_ranges  0x00000080       0x78 .\CortexM0\ARM_GCC_541\Debug\UART_Interface.o
 .debug_ranges  0x000000f8       0x40 .\CortexM0\ARM_GCC_541\Debug\CAN_stuff.o
 .debug_ranges  0x00000138       0x30 .\CortexM0\ARM_GCC_541\Debug\cyfitter_cfg.o
 .debug_ranges  0x00000168       0x38 .\CortexM0\ARM_GCC_541\Debug\Cm0Start.o
 .debug_ranges  0x000001a0       0xd8 .\CortexM0\ARM_GCC_541\Debug\CAN_Board.a(CAN.o)
 .debug_ranges  0x00000278       0x10 .\CortexM0\ARM_GCC_541\Debug\CAN_Board.a(CAN_INT.o)
 .debug_ranges  0x00000288       0x20 .\CortexM0\ARM_GCC_541\Debug\CAN_Board.a(CAN_TX_RX_func.o)
 .debug_ranges  0x000002a8       0x48 .\CortexM0\ARM_GCC_541\Debug\CAN_Board.a(UART.o)
 .debug_ranges  0x000002f0       0x80 .\CortexM0\ARM_GCC_541\Debug\CAN_Board.a(UART_UART.o)
 .debug_ranges  0x00000370       0x38 .\CortexM0\ARM_GCC_541\Debug\CAN_Board.a(CAN1_LED.o)
 .debug_ranges  0x000003a8      0x148 .\CortexM0\ARM_GCC_541\Debug\CAN_Board.a(blinker.o)
 .debug_ranges  0x000004f0      0x260 .\CortexM0\ARM_GCC_541\Debug\CAN_Board.a(CyLib.o)
 .debug_ranges  0x00000750      0x178 .\CortexM0\ARM_GCC_541\Debug\CAN_Board.a(CyLFClk.o)
 .debug_ranges  0x000008c8       0x50 .\CortexM0\ARM_GCC_541\Debug\CAN_Board.a(UART_SPI_UART.o)
 .debug_ranges  0x00000918       0x30 .\CortexM0\ARM_GCC_541\Debug\CAN_Board.a(CyFlash.o)

.comment        0x00000000       0x6e
 .comment       0x00000000       0x6e .\CortexM0\ARM_GCC_541\Debug\main.o
                                 0x6f (size before relaxing)
 .comment       0x0000006e       0x6f .\CortexM0\ARM_GCC_541\Debug\UART_Interface.o
 .comment       0x0000006e       0x6f .\CortexM0\ARM_GCC_541\Debug\CAN_stuff.o
 .comment       0x0000006e       0x6f .\CortexM0\ARM_GCC_541\Debug\cyfitter_cfg.o
 .comment       0x0000006e       0x6f .\CortexM0\ARM_GCC_541\Debug\cymetadata.o
 .comment       0x0000006e       0x6f .\CortexM0\ARM_GCC_541\Debug\Cm0Start.o
 .comment       0x0000006e       0x6f .\CortexM0\ARM_GCC_541\Debug\CAN_Board.a(CAN.o)
 .comment       0x0000006e       0x6f .\CortexM0\ARM_GCC_541\Debug\CAN_Board.a(CAN_INT.o)
 .comment       0x0000006e       0x6f .\CortexM0\ARM_GCC_541\Debug\CAN_Board.a(CAN_TX_RX_func.o)
 .comment       0x0000006e       0x6f .\CortexM0\ARM_GCC_541\Debug\CAN_Board.a(UART.o)
 .comment       0x0000006e       0x6f .\CortexM0\ARM_GCC_541\Debug\CAN_Board.a(UART_UART.o)
 .comment       0x0000006e       0x6f .\CortexM0\ARM_GCC_541\Debug\CAN_Board.a(CAN1_LED.o)
 .comment       0x0000006e       0x6f .\CortexM0\ARM_GCC_541\Debug\CAN_Board.a(blinker.o)
 .comment       0x0000006e       0x6f .\CortexM0\ARM_GCC_541\Debug\CAN_Board.a(CyLib.o)
 .comment       0x0000006e       0x6f .\CortexM0\ARM_GCC_541\Debug\CAN_Board.a(CyLFClk.o)
 .comment       0x0000006e       0x6f .\CortexM0\ARM_GCC_541\Debug\CAN_Board.a(UART_SPI_UART.o)
 .comment       0x0000006e       0x6f .\CortexM0\ARM_GCC_541\Debug\CAN_Board.a(CyFlash.o)

.debug_weaknames
 *(.debug_weaknames)

.debug_funcnames
 *(.debug_funcnames)

.debug_typenames
 *(.debug_typenames)

.debug_varnames
 *(.debug_varnames)

.note.gnu.arm.ident
 *(.note.gnu.arm.ident)

.ARM.attributes
                0x00000000       0x28
 *(.ARM.attributes)
 .ARM.attributes
                0x00000000       0x1e c:/program files (x86)/cypress/psoc creator/4.4/psoc creator/import/gnu/arm/5.4.1/bin/../lib/gcc/arm-none-eabi/5.4.1/armv6-m/crti.o
 .ARM.attributes
                0x0000001e       0x2c c:/program files (x86)/cypress/psoc creator/4.4/psoc creator/import/gnu/arm/5.4.1/bin/../lib/gcc/arm-none-eabi/5.4.1/armv6-m/crtbegin.o
 .ARM.attributes
                0x0000004a       0x1b c:/program files (x86)/cypress/psoc creator/4.4/psoc creator/import/gnu/arm/5.4.1/bin/../lib/gcc/arm-none-eabi/5.4.1/../../../../arm-none-eabi/lib/armv6-m/crt0.o
 .ARM.attributes
                0x00000065       0x31 .\CortexM0\ARM_GCC_541\Debug\main.o
 .ARM.attributes
                0x00000096       0x31 .\CortexM0\ARM_GCC_541\Debug\UART_Interface.o
 .ARM.attributes
                0x000000c7       0x31 .\CortexM0\ARM_GCC_541\Debug\CAN_stuff.o
 .ARM.attributes
                0x000000f8       0x31 .\CortexM0\ARM_GCC_541\Debug\cyfitter_cfg.o
 .ARM.attributes
                0x00000129       0x31 .\CortexM0\ARM_GCC_541\Debug\cymetadata.o
 .ARM.attributes
                0x0000015a       0x31 .\CortexM0\ARM_GCC_541\Debug\Cm0Start.o
 .ARM.attributes
                0x0000018b       0x31 .\CortexM0\ARM_GCC_541\Debug\CAN_Board.a(CAN.o)
 .ARM.attributes
                0x000001bc       0x31 .\CortexM0\ARM_GCC_541\Debug\CAN_Board.a(CAN_INT.o)
 .ARM.attributes
                0x000001ed       0x31 .\CortexM0\ARM_GCC_541\Debug\CAN_Board.a(CAN_TX_RX_func.o)
 .ARM.attributes
                0x0000021e       0x31 .\CortexM0\ARM_GCC_541\Debug\CAN_Board.a(UART.o)
 .ARM.attributes
                0x0000024f       0x31 .\CortexM0\ARM_GCC_541\Debug\CAN_Board.a(UART_UART.o)
 .ARM.attributes
                0x00000280       0x31 .\CortexM0\ARM_GCC_541\Debug\CAN_Board.a(CAN1_LED.o)
 .ARM.attributes
                0x000002b1       0x31 .\CortexM0\ARM_GCC_541\Debug\CAN_Board.a(blinker.o)
 .ARM.attributes
                0x000002e2       0x31 .\CortexM0\ARM_GCC_541\Debug\CAN_Board.a(CyLib.o)
 .ARM.attributes
                0x00000313       0x31 .\CortexM0\ARM_GCC_541\Debug\CAN_Board.a(CyLFClk.o)
 .ARM.attributes
                0x00000344       0x21 .\CortexM0\ARM_GCC_541\Debug\CAN_Board.a(CyBootAsmGnu.o)
 .ARM.attributes
                0x00000365       0x31 .\CortexM0\ARM_GCC_541\Debug\CAN_Board.a(UART_SPI_UART.o)
 .ARM.attributes
                0x00000396       0x31 .\CortexM0\ARM_GCC_541\Debug\CAN_Board.a(CyFlash.o)
 .ARM.attributes
                0x000003c7       0x1e c:/program files (x86)/cypress/psoc creator/4.4/psoc creator/import/gnu/arm/5.4.1/bin/../lib/gcc/arm-none-eabi/5.4.1/armv6-m\libgcc.a(_udivsi3.o)
 .ARM.attributes
                0x000003e5       0x1e c:/program files (x86)/cypress/psoc creator/4.4/psoc creator/import/gnu/arm/5.4.1/bin/../lib/gcc/arm-none-eabi/5.4.1/armv6-m\libgcc.a(_divsi3.o)
 .ARM.attributes
                0x00000403       0x1e c:/program files (x86)/cypress/psoc creator/4.4/psoc creator/import/gnu/arm/5.4.1/bin/../lib/gcc/arm-none-eabi/5.4.1/armv6-m\libgcc.a(_dvmd_tls.o)
 .ARM.attributes
                0x00000421       0x2c c:/program files (x86)/cypress/psoc creator/4.4/psoc creator/import/gnu/arm/5.4.1/bin/../lib/gcc/arm-none-eabi/5.4.1/../../../../arm-none-eabi/lib/armv6-m\libg_nano.a(lib_a-errno.o)
 .ARM.attributes
                0x0000044d       0x2c c:/program files (x86)/cypress/psoc creator/4.4/psoc creator/import/gnu/arm/5.4.1/bin/../lib/gcc/arm-none-eabi/5.4.1/../../../../arm-none-eabi/lib/armv6-m\libg_nano.a(lib_a-exit.o)
 .ARM.attributes
                0x00000479       0x2c c:/program files (x86)/cypress/psoc creator/4.4/psoc creator/import/gnu/arm/5.4.1/bin/../lib/gcc/arm-none-eabi/5.4.1/../../../../arm-none-eabi/lib/armv6-m\libg_nano.a(lib_a-impure.o)
 .ARM.attributes
                0x000004a5       0x2c c:/program files (x86)/cypress/psoc creator/4.4/psoc creator/import/gnu/arm/5.4.1/bin/../lib/gcc/arm-none-eabi/5.4.1/../../../../arm-none-eabi/lib/armv6-m\libg_nano.a(lib_a-init.o)
 .ARM.attributes
                0x000004d1       0x2c c:/program files (x86)/cypress/psoc creator/4.4/psoc creator/import/gnu/arm/5.4.1/bin/../lib/gcc/arm-none-eabi/5.4.1/../../../../arm-none-eabi/lib/armv6-m\libg_nano.a(lib_a-memcpy-stub.o)
 .ARM.attributes
                0x000004fd       0x2c c:/program files (x86)/cypress/psoc creator/4.4/psoc creator/import/gnu/arm/5.4.1/bin/../lib/gcc/arm-none-eabi/5.4.1/../../../../arm-none-eabi/lib/armv6-m\libg_nano.a(lib_a-memset.o)
 .ARM.attributes
                0x00000529       0x2c c:/program files (x86)/cypress/psoc creator/4.4/psoc creator/import/gnu/arm/5.4.1/bin/../lib/gcc/arm-none-eabi/5.4.1/../../../../arm-none-eabi/lib/armv6-m\libg_nano.a(lib_a-sprintf.o)
 .ARM.attributes
                0x00000555       0x2c c:/program files (x86)/cypress/psoc creator/4.4/psoc creator/import/gnu/arm/5.4.1/bin/../lib/gcc/arm-none-eabi/5.4.1/../../../../arm-none-eabi/lib/armv6-m\libg_nano.a(lib_a-nano-svfprintf.o)
 .ARM.attributes
                0x00000581       0x2c c:/program files (x86)/cypress/psoc creator/4.4/psoc creator/import/gnu/arm/5.4.1/bin/../lib/gcc/arm-none-eabi/5.4.1/../../../../arm-none-eabi/lib/armv6-m\libg_nano.a(lib_a-nano-vfprintf_i.o)
 .ARM.attributes
                0x000005ad       0x2c c:/program files (x86)/cypress/psoc creator/4.4/psoc creator/import/gnu/arm/5.4.1/bin/../lib/gcc/arm-none-eabi/5.4.1/../../../../arm-none-eabi/lib/armv6-m\libg_nano.a(lib_a-memchr-stub.o)
 .ARM.attributes
                0x000005d9       0x2c c:/program files (x86)/cypress/psoc creator/4.4/psoc creator/import/gnu/arm/5.4.1/bin/../lib/gcc/arm-none-eabi/5.4.1/../../../../arm-none-eabi/lib/armv6-m\libg_nano.a(lib_a-memmove.o)
 .ARM.attributes
                0x00000605       0x2c c:/program files (x86)/cypress/psoc creator/4.4/psoc creator/import/gnu/arm/5.4.1/bin/../lib/gcc/arm-none-eabi/5.4.1/../../../../arm-none-eabi/lib/armv6-m\libg_nano.a(lib_a-nano-freer.o)
 .ARM.attributes
                0x00000631       0x2c c:/program files (x86)/cypress/psoc creator/4.4/psoc creator/import/gnu/arm/5.4.1/bin/../lib/gcc/arm-none-eabi/5.4.1/../../../../arm-none-eabi/lib/armv6-m\libg_nano.a(lib_a-nano-mallocr.o)
 .ARM.attributes
                0x0000065d       0x2c c:/program files (x86)/cypress/psoc creator/4.4/psoc creator/import/gnu/arm/5.4.1/bin/../lib/gcc/arm-none-eabi/5.4.1/../../../../arm-none-eabi/lib/armv6-m\libg_nano.a(lib_a-nano-reallocr.o)
 .ARM.attributes
                0x00000689       0x2c c:/program files (x86)/cypress/psoc creator/4.4/psoc creator/import/gnu/arm/5.4.1/bin/../lib/gcc/arm-none-eabi/5.4.1/../../../../arm-none-eabi/lib/armv6-m\libg_nano.a(lib_a-sbrkr.o)
 .ARM.attributes
                0x000006b5       0x2c c:/program files (x86)/cypress/psoc creator/4.4/psoc creator/import/gnu/arm/5.4.1/bin/../lib/gcc/arm-none-eabi/5.4.1/../../../../arm-none-eabi/lib/armv6-m\libg_nano.a(lib_a-mlock.o)
 .ARM.attributes
                0x000006e1       0x2c c:/program files (x86)/cypress/psoc creator/4.4/psoc creator/import/gnu/arm/5.4.1/bin/../lib/gcc/arm-none-eabi/5.4.1/../../../../arm-none-eabi/lib/armv6-m\libg_nano.a(lib_a-nano-msizer.o)
 .ARM.attributes
                0x0000070d       0x2c c:/program files (x86)/cypress/psoc creator/4.4/psoc creator/import/gnu/arm/5.4.1/bin/../lib/gcc/arm-none-eabi/5.4.1/../../../../arm-none-eabi/lib/armv6-m\libg_nano.a(lib_a-reent.o)
 .ARM.attributes
                0x00000739       0x2c c:/program files (x86)/cypress/psoc creator/4.4/psoc creator/import/gnu/arm/5.4.1/bin/../lib/gcc/arm-none-eabi/5.4.1/armv6-m/crtend.o
 .ARM.attributes
                0x00000765       0x1e c:/program files (x86)/cypress/psoc creator/4.4/psoc creator/import/gnu/arm/5.4.1/bin/../lib/gcc/arm-none-eabi/5.4.1/armv6-m/crtn.o

/DISCARD/
 *(.note.GNU-stack)
OUTPUT(C:\Users\casey\Desktop\Robotics Stuff\CAN_Tester_Board\CAN_Board.cydsn\CortexM0\ARM_GCC_541\Debug\CAN_Board.elf elf32-littlearm)
