ARM GAS  C:\Users\casey\AppData\Local\Temp\ccJMuOqL.s 			page 1


   1              		.syntax unified
   2              		.cpu cortex-m0
   3              		.fpu softvfp
   4              		.eabi_attribute 20, 1
   5              		.eabi_attribute 21, 1
   6              		.eabi_attribute 23, 3
   7              		.eabi_attribute 24, 1
   8              		.eabi_attribute 25, 1
   9              		.eabi_attribute 26, 1
  10              		.eabi_attribute 30, 1
  11              		.eabi_attribute 34, 0
  12              		.eabi_attribute 18, 4
  13              		.thumb
  14              		.syntax unified
  15              		.file	"cyfitter_cfg.c"
  16              		.text
  17              	.Ltext0:
  18              		.cfi_sections	.debug_frame
  19              		.section	.text.cfg_write_bytes32,"ax",%progbits
  20              		.align	2
  21              		.code	16
  22              		.thumb_func
  23              		.type	cfg_write_bytes32, %function
  24              	cfg_write_bytes32:
  25              	.LFB4:
  26              		.file 1 "Generated_Source\\PSoC4\\cyfitter_cfg.c"
   1:Generated_Source\PSoC4/cyfitter_cfg.c **** 
   2:Generated_Source\PSoC4/cyfitter_cfg.c **** /*******************************************************************************
   3:Generated_Source\PSoC4/cyfitter_cfg.c **** * File Name: cyfitter_cfg.c
   4:Generated_Source\PSoC4/cyfitter_cfg.c **** * 
   5:Generated_Source\PSoC4/cyfitter_cfg.c **** * PSoC Creator  4.4
   6:Generated_Source\PSoC4/cyfitter_cfg.c **** *
   7:Generated_Source\PSoC4/cyfitter_cfg.c **** * Description:
   8:Generated_Source\PSoC4/cyfitter_cfg.c **** * This file contains device initialization code.
   9:Generated_Source\PSoC4/cyfitter_cfg.c **** * Except for the user defined sections in CyClockStartupError(), this file should not be modified.
  10:Generated_Source\PSoC4/cyfitter_cfg.c **** * This file is automatically generated by PSoC Creator.
  11:Generated_Source\PSoC4/cyfitter_cfg.c **** *
  12:Generated_Source\PSoC4/cyfitter_cfg.c **** ********************************************************************************
  13:Generated_Source\PSoC4/cyfitter_cfg.c **** * Copyright (c) 2007-2020 Cypress Semiconductor.  All rights reserved.
  14:Generated_Source\PSoC4/cyfitter_cfg.c **** * You may use this file only in accordance with the license, terms, conditions, 
  15:Generated_Source\PSoC4/cyfitter_cfg.c **** * disclaimers, and limitations in the end user license agreement accompanying 
  16:Generated_Source\PSoC4/cyfitter_cfg.c **** * the software package with which this file was provided.
  17:Generated_Source\PSoC4/cyfitter_cfg.c **** ********************************************************************************/
  18:Generated_Source\PSoC4/cyfitter_cfg.c **** 
  19:Generated_Source\PSoC4/cyfitter_cfg.c **** #include <string.h>
  20:Generated_Source\PSoC4/cyfitter_cfg.c **** #include "cytypes.h"
  21:Generated_Source\PSoC4/cyfitter_cfg.c **** #include "cydevice_trm.h"
  22:Generated_Source\PSoC4/cyfitter_cfg.c **** #include "cyfitter.h"
  23:Generated_Source\PSoC4/cyfitter_cfg.c **** #include "CyLib.h"
  24:Generated_Source\PSoC4/cyfitter_cfg.c **** #include "CyLFClk.h"
  25:Generated_Source\PSoC4/cyfitter_cfg.c **** #include "cyfitter_cfg.h"
  26:Generated_Source\PSoC4/cyfitter_cfg.c **** #include "cyapicallbacks.h"
  27:Generated_Source\PSoC4/cyfitter_cfg.c **** 
  28:Generated_Source\PSoC4/cyfitter_cfg.c **** 
  29:Generated_Source\PSoC4/cyfitter_cfg.c **** #if defined(__GNUC__) || defined(__ARMCC_VERSION)
  30:Generated_Source\PSoC4/cyfitter_cfg.c ****     #define CYPACKED 
  31:Generated_Source\PSoC4/cyfitter_cfg.c ****     #define CYPACKED_ATTR __attribute__ ((packed))
ARM GAS  C:\Users\casey\AppData\Local\Temp\ccJMuOqL.s 			page 2


  32:Generated_Source\PSoC4/cyfitter_cfg.c ****     #define CYALIGNED __attribute__ ((aligned))
  33:Generated_Source\PSoC4/cyfitter_cfg.c ****     #define CY_CFG_UNUSED __attribute__ ((unused))
  34:Generated_Source\PSoC4/cyfitter_cfg.c ****     #ifndef CY_CFG_SECTION
  35:Generated_Source\PSoC4/cyfitter_cfg.c ****         #define CY_CFG_SECTION __attribute__ ((section(".psocinit")))
  36:Generated_Source\PSoC4/cyfitter_cfg.c ****     #endif
  37:Generated_Source\PSoC4/cyfitter_cfg.c ****     
  38:Generated_Source\PSoC4/cyfitter_cfg.c ****     #if defined(__ARMCC_VERSION)
  39:Generated_Source\PSoC4/cyfitter_cfg.c ****         #define CY_CFG_MEMORY_BARRIER() __memory_changed()
  40:Generated_Source\PSoC4/cyfitter_cfg.c ****     #else
  41:Generated_Source\PSoC4/cyfitter_cfg.c ****         #define CY_CFG_MEMORY_BARRIER() __sync_synchronize()
  42:Generated_Source\PSoC4/cyfitter_cfg.c ****     #endif
  43:Generated_Source\PSoC4/cyfitter_cfg.c ****     
  44:Generated_Source\PSoC4/cyfitter_cfg.c **** #elif defined(__ICCARM__)
  45:Generated_Source\PSoC4/cyfitter_cfg.c ****     #include <intrinsics.h>
  46:Generated_Source\PSoC4/cyfitter_cfg.c **** 
  47:Generated_Source\PSoC4/cyfitter_cfg.c ****     #define CYPACKED __packed
  48:Generated_Source\PSoC4/cyfitter_cfg.c ****     #define CYPACKED_ATTR 
  49:Generated_Source\PSoC4/cyfitter_cfg.c ****     #define CYALIGNED _Pragma("data_alignment=4")
  50:Generated_Source\PSoC4/cyfitter_cfg.c ****     #define CY_CFG_UNUSED _Pragma("diag_suppress=Pe177")
  51:Generated_Source\PSoC4/cyfitter_cfg.c ****     #define CY_CFG_SECTION _Pragma("location=\".psocinit\"")
  52:Generated_Source\PSoC4/cyfitter_cfg.c ****     
  53:Generated_Source\PSoC4/cyfitter_cfg.c ****     #define CY_CFG_MEMORY_BARRIER() __DMB()
  54:Generated_Source\PSoC4/cyfitter_cfg.c ****     
  55:Generated_Source\PSoC4/cyfitter_cfg.c **** #else
  56:Generated_Source\PSoC4/cyfitter_cfg.c ****     #error Unsupported toolchain
  57:Generated_Source\PSoC4/cyfitter_cfg.c **** #endif
  58:Generated_Source\PSoC4/cyfitter_cfg.c **** 
  59:Generated_Source\PSoC4/cyfitter_cfg.c **** #ifndef CYCODE
  60:Generated_Source\PSoC4/cyfitter_cfg.c ****     #define CYCODE
  61:Generated_Source\PSoC4/cyfitter_cfg.c **** #endif
  62:Generated_Source\PSoC4/cyfitter_cfg.c **** #ifndef CYDATA
  63:Generated_Source\PSoC4/cyfitter_cfg.c ****     #define CYDATA
  64:Generated_Source\PSoC4/cyfitter_cfg.c **** #endif
  65:Generated_Source\PSoC4/cyfitter_cfg.c **** #ifndef CYFAR
  66:Generated_Source\PSoC4/cyfitter_cfg.c ****     #define CYFAR
  67:Generated_Source\PSoC4/cyfitter_cfg.c **** #endif
  68:Generated_Source\PSoC4/cyfitter_cfg.c **** #ifndef CYXDATA
  69:Generated_Source\PSoC4/cyfitter_cfg.c ****     #define CYXDATA
  70:Generated_Source\PSoC4/cyfitter_cfg.c **** #endif
  71:Generated_Source\PSoC4/cyfitter_cfg.c **** 
  72:Generated_Source\PSoC4/cyfitter_cfg.c **** 
  73:Generated_Source\PSoC4/cyfitter_cfg.c **** CY_CFG_UNUSED
  74:Generated_Source\PSoC4/cyfitter_cfg.c **** static void CYMEMZERO(void *s, size_t n);
  75:Generated_Source\PSoC4/cyfitter_cfg.c **** CY_CFG_UNUSED
  76:Generated_Source\PSoC4/cyfitter_cfg.c **** static void CYMEMZERO(void *s, size_t n)
  77:Generated_Source\PSoC4/cyfitter_cfg.c **** {
  78:Generated_Source\PSoC4/cyfitter_cfg.c **** 	(void)memset(s, 0, n);
  79:Generated_Source\PSoC4/cyfitter_cfg.c **** }
  80:Generated_Source\PSoC4/cyfitter_cfg.c **** CY_CFG_UNUSED
  81:Generated_Source\PSoC4/cyfitter_cfg.c **** static void CYCONFIGCPY(void *dest, const void *src, size_t n);
  82:Generated_Source\PSoC4/cyfitter_cfg.c **** CY_CFG_UNUSED
  83:Generated_Source\PSoC4/cyfitter_cfg.c **** static void CYCONFIGCPY(void *dest, const void *src, size_t n)
  84:Generated_Source\PSoC4/cyfitter_cfg.c **** {
  85:Generated_Source\PSoC4/cyfitter_cfg.c **** 	(void)memcpy(dest, src, n);
  86:Generated_Source\PSoC4/cyfitter_cfg.c **** }
  87:Generated_Source\PSoC4/cyfitter_cfg.c **** CY_CFG_UNUSED
  88:Generated_Source\PSoC4/cyfitter_cfg.c **** static void CYCONFIGCPYCODE(void *dest, const void *src, size_t n);
ARM GAS  C:\Users\casey\AppData\Local\Temp\ccJMuOqL.s 			page 3


  89:Generated_Source\PSoC4/cyfitter_cfg.c **** CY_CFG_UNUSED
  90:Generated_Source\PSoC4/cyfitter_cfg.c **** static void CYCONFIGCPYCODE(void *dest, const void *src, size_t n)
  91:Generated_Source\PSoC4/cyfitter_cfg.c **** {
  92:Generated_Source\PSoC4/cyfitter_cfg.c **** 	(void)memcpy(dest, src, n);
  93:Generated_Source\PSoC4/cyfitter_cfg.c **** }
  94:Generated_Source\PSoC4/cyfitter_cfg.c **** 
  95:Generated_Source\PSoC4/cyfitter_cfg.c **** 
  96:Generated_Source\PSoC4/cyfitter_cfg.c **** 
  97:Generated_Source\PSoC4/cyfitter_cfg.c **** 
  98:Generated_Source\PSoC4/cyfitter_cfg.c **** /* Clock startup error codes                                                   */
  99:Generated_Source\PSoC4/cyfitter_cfg.c **** #define CYCLOCKSTART_NO_ERROR    0u
 100:Generated_Source\PSoC4/cyfitter_cfg.c **** #define CYCLOCKSTART_XTAL_ERROR  1u
 101:Generated_Source\PSoC4/cyfitter_cfg.c **** #define CYCLOCKSTART_32KHZ_ERROR 2u
 102:Generated_Source\PSoC4/cyfitter_cfg.c **** #define CYCLOCKSTART_PLL_ERROR   3u
 103:Generated_Source\PSoC4/cyfitter_cfg.c **** #define CYCLOCKSTART_FLL_ERROR   4u
 104:Generated_Source\PSoC4/cyfitter_cfg.c **** #define CYCLOCKSTART_WCO_ERROR   5u
 105:Generated_Source\PSoC4/cyfitter_cfg.c **** 
 106:Generated_Source\PSoC4/cyfitter_cfg.c **** 
 107:Generated_Source\PSoC4/cyfitter_cfg.c **** #ifdef CY_NEED_CYCLOCKSTARTUPERROR
 108:Generated_Source\PSoC4/cyfitter_cfg.c **** /*******************************************************************************
 109:Generated_Source\PSoC4/cyfitter_cfg.c **** * Function Name: CyClockStartupError
 110:Generated_Source\PSoC4/cyfitter_cfg.c **** ********************************************************************************
 111:Generated_Source\PSoC4/cyfitter_cfg.c **** * Summary:
 112:Generated_Source\PSoC4/cyfitter_cfg.c **** *  If an error is encountered during clock configuration (crystal startup error,
 113:Generated_Source\PSoC4/cyfitter_cfg.c **** *  PLL lock error, etc.), the system will end up here.  Unless reimplemented by
 114:Generated_Source\PSoC4/cyfitter_cfg.c **** *  the customer, this function will stop in an infinite loop.
 115:Generated_Source\PSoC4/cyfitter_cfg.c **** *
 116:Generated_Source\PSoC4/cyfitter_cfg.c **** * Parameters:
 117:Generated_Source\PSoC4/cyfitter_cfg.c **** *   void
 118:Generated_Source\PSoC4/cyfitter_cfg.c **** *
 119:Generated_Source\PSoC4/cyfitter_cfg.c **** * Return:
 120:Generated_Source\PSoC4/cyfitter_cfg.c **** *   void
 121:Generated_Source\PSoC4/cyfitter_cfg.c **** *
 122:Generated_Source\PSoC4/cyfitter_cfg.c **** *******************************************************************************/
 123:Generated_Source\PSoC4/cyfitter_cfg.c **** CY_CFG_UNUSED
 124:Generated_Source\PSoC4/cyfitter_cfg.c **** static void CyClockStartupError(uint8 errorCode);
 125:Generated_Source\PSoC4/cyfitter_cfg.c **** CY_CFG_UNUSED
 126:Generated_Source\PSoC4/cyfitter_cfg.c **** static void CyClockStartupError(uint8 errorCode)
 127:Generated_Source\PSoC4/cyfitter_cfg.c **** {
 128:Generated_Source\PSoC4/cyfitter_cfg.c ****     /* To remove the compiler warning if errorCode not used.                */
 129:Generated_Source\PSoC4/cyfitter_cfg.c ****     errorCode = errorCode;
 130:Generated_Source\PSoC4/cyfitter_cfg.c **** 
 131:Generated_Source\PSoC4/cyfitter_cfg.c ****     /* If we have a clock startup error (bad MHz crystal, PLL lock, etc.),  */
 132:Generated_Source\PSoC4/cyfitter_cfg.c ****     /* we will end up here to allow the customer to implement something to  */
 133:Generated_Source\PSoC4/cyfitter_cfg.c ****     /* deal with the clock condition.                                       */
 134:Generated_Source\PSoC4/cyfitter_cfg.c **** 
 135:Generated_Source\PSoC4/cyfitter_cfg.c **** #ifdef CY_CFG_CLOCK_STARTUP_ERROR_CALLBACK
 136:Generated_Source\PSoC4/cyfitter_cfg.c ****     CY_CFG_Clock_Startup_ErrorCallback();
 137:Generated_Source\PSoC4/cyfitter_cfg.c **** #else
 138:Generated_Source\PSoC4/cyfitter_cfg.c ****     /*  If not using CY_CFG_CLOCK_STARTUP_ERROR_CALLBACK, place your clock startup code here. */
 139:Generated_Source\PSoC4/cyfitter_cfg.c ****     /* `#START CyClockStartupError` */
 140:Generated_Source\PSoC4/cyfitter_cfg.c **** 
 141:Generated_Source\PSoC4/cyfitter_cfg.c **** 
 142:Generated_Source\PSoC4/cyfitter_cfg.c **** 
 143:Generated_Source\PSoC4/cyfitter_cfg.c ****     /* `#END` */
 144:Generated_Source\PSoC4/cyfitter_cfg.c **** 
 145:Generated_Source\PSoC4/cyfitter_cfg.c ****     while(1) {}
ARM GAS  C:\Users\casey\AppData\Local\Temp\ccJMuOqL.s 			page 4


 146:Generated_Source\PSoC4/cyfitter_cfg.c **** #endif /* CY_CFG_CLOCK_STARTUP_ERROR_CALLBACK */
 147:Generated_Source\PSoC4/cyfitter_cfg.c **** }
 148:Generated_Source\PSoC4/cyfitter_cfg.c **** #endif
 149:Generated_Source\PSoC4/cyfitter_cfg.c **** 
 150:Generated_Source\PSoC4/cyfitter_cfg.c **** #define CY_CFG_BASE_ADDR_COUNT 1u
 151:Generated_Source\PSoC4/cyfitter_cfg.c **** CYPACKED typedef struct
 152:Generated_Source\PSoC4/cyfitter_cfg.c **** {
 153:Generated_Source\PSoC4/cyfitter_cfg.c **** 	uint8 offset;
 154:Generated_Source\PSoC4/cyfitter_cfg.c **** 	uint8 value;
 155:Generated_Source\PSoC4/cyfitter_cfg.c **** } CYPACKED_ATTR cy_cfg_addrvalue_t;
 156:Generated_Source\PSoC4/cyfitter_cfg.c **** 
 157:Generated_Source\PSoC4/cyfitter_cfg.c **** 
 158:Generated_Source\PSoC4/cyfitter_cfg.c **** 
 159:Generated_Source\PSoC4/cyfitter_cfg.c **** /*******************************************************************************
 160:Generated_Source\PSoC4/cyfitter_cfg.c **** * Function Name: cfg_write_bytes32
 161:Generated_Source\PSoC4/cyfitter_cfg.c **** ********************************************************************************
 162:Generated_Source\PSoC4/cyfitter_cfg.c **** * Summary:
 163:Generated_Source\PSoC4/cyfitter_cfg.c **** *  This function is used for setting up the chip configuration areas that
 164:Generated_Source\PSoC4/cyfitter_cfg.c **** *  contain relatively sparse data.
 165:Generated_Source\PSoC4/cyfitter_cfg.c **** *
 166:Generated_Source\PSoC4/cyfitter_cfg.c **** * Parameters:
 167:Generated_Source\PSoC4/cyfitter_cfg.c **** *   void
 168:Generated_Source\PSoC4/cyfitter_cfg.c **** *
 169:Generated_Source\PSoC4/cyfitter_cfg.c **** * Return:
 170:Generated_Source\PSoC4/cyfitter_cfg.c **** *   void
 171:Generated_Source\PSoC4/cyfitter_cfg.c **** *
 172:Generated_Source\PSoC4/cyfitter_cfg.c **** *******************************************************************************/
 173:Generated_Source\PSoC4/cyfitter_cfg.c **** static void cfg_write_bytes32(const uint32 addr_table[], const cy_cfg_addrvalue_t data_table[]);
 174:Generated_Source\PSoC4/cyfitter_cfg.c **** static void cfg_write_bytes32(const uint32 addr_table[], const cy_cfg_addrvalue_t data_table[])
 175:Generated_Source\PSoC4/cyfitter_cfg.c **** {
  27              		.loc 1 175 0
  28              		.cfi_startproc
  29              		@ args = 0, pretend = 0, frame = 0
  30              		@ frame_needed = 0, uses_anonymous_args = 0
  31              	.LVL0:
  32 0000 F0B5     		push	{r4, r5, r6, r7, lr}
  33              		.cfi_def_cfa_offset 20
  34              		.cfi_offset 4, -20
  35              		.cfi_offset 5, -16
  36              		.cfi_offset 6, -12
  37              		.cfi_offset 7, -8
  38              		.cfi_offset 14, -4
  39              	.LVL1:
 176:Generated_Source\PSoC4/cyfitter_cfg.c **** 	/* For 32-bit little-endian architectures */
 177:Generated_Source\PSoC4/cyfitter_cfg.c **** 	uint32 i, j = 0u;
  40              		.loc 1 177 0
  41 0002 0025     		movs	r5, #0
 178:Generated_Source\PSoC4/cyfitter_cfg.c **** 	for (i = 0u; i < CY_CFG_BASE_ADDR_COUNT; i++)
  42              		.loc 1 178 0
  43 0004 0027     		movs	r7, #0
  44 0006 11E0     		b	.L2
  45              	.LVL2:
  46              	.L5:
  47              	.LBB2:
 179:Generated_Source\PSoC4/cyfitter_cfg.c **** 	{
 180:Generated_Source\PSoC4/cyfitter_cfg.c **** 		uint32 baseAddr = addr_table[i];
  48              		.loc 1 180 0
ARM GAS  C:\Users\casey\AppData\Local\Temp\ccJMuOqL.s 			page 5


  49 0008 BB00     		lsls	r3, r7, #2
  50 000a C658     		ldr	r6, [r0, r3]
  51              	.LVL3:
 181:Generated_Source\PSoC4/cyfitter_cfg.c **** 		uint8 count = (uint8)baseAddr;
  52              		.loc 1 181 0
  53 000c F3B2     		uxtb	r3, r6
  54              	.LVL4:
 182:Generated_Source\PSoC4/cyfitter_cfg.c **** 		baseAddr &= 0xFFFFFF00u;
  55              		.loc 1 182 0
  56 000e FF22     		movs	r2, #255
  57 0010 9643     		bics	r6, r2
  58              	.LVL5:
 183:Generated_Source\PSoC4/cyfitter_cfg.c **** 		while (count != 0u)
  59              		.loc 1 183 0
  60 0012 08E0     		b	.L3
  61              	.L4:
 184:Generated_Source\PSoC4/cyfitter_cfg.c **** 		{
 185:Generated_Source\PSoC4/cyfitter_cfg.c **** 			CY_SET_REG8((void *)(baseAddr + data_table[j].offset), data_table[j].value);
  62              		.loc 1 185 0
  63 0014 6A00     		lsls	r2, r5, #1
  64 0016 8A18     		adds	r2, r1, r2
  65 0018 1478     		ldrb	r4, [r2]
  66 001a A419     		adds	r4, r4, r6
  67 001c 5278     		ldrb	r2, [r2, #1]
  68 001e 2270     		strb	r2, [r4]
 186:Generated_Source\PSoC4/cyfitter_cfg.c **** 			j++;
  69              		.loc 1 186 0
  70 0020 0135     		adds	r5, r5, #1
  71              	.LVL6:
 187:Generated_Source\PSoC4/cyfitter_cfg.c **** 			count--;
  72              		.loc 1 187 0
  73 0022 013B     		subs	r3, r3, #1
  74              	.LVL7:
  75 0024 DBB2     		uxtb	r3, r3
  76              	.LVL8:
  77              	.L3:
 183:Generated_Source\PSoC4/cyfitter_cfg.c **** 		{
  78              		.loc 1 183 0
  79 0026 002B     		cmp	r3, #0
  80 0028 F4D1     		bne	.L4
  81              	.LBE2:
 178:Generated_Source\PSoC4/cyfitter_cfg.c **** 	{
  82              		.loc 1 178 0 discriminator 2
  83 002a 0137     		adds	r7, r7, #1
  84              	.LVL9:
  85              	.L2:
 178:Generated_Source\PSoC4/cyfitter_cfg.c **** 	{
  86              		.loc 1 178 0 is_stmt 0 discriminator 1
  87 002c 002F     		cmp	r7, #0
  88 002e EBD0     		beq	.L5
 188:Generated_Source\PSoC4/cyfitter_cfg.c **** 		}
 189:Generated_Source\PSoC4/cyfitter_cfg.c **** 	}
 190:Generated_Source\PSoC4/cyfitter_cfg.c **** }
  89              		.loc 1 190 0 is_stmt 1
  90              		@ sp needed
  91              	.LVL10:
  92              	.LVL11:
ARM GAS  C:\Users\casey\AppData\Local\Temp\ccJMuOqL.s 			page 6


  93 0030 F0BD     		pop	{r4, r5, r6, r7, pc}
  94              		.cfi_endproc
  95              	.LFE4:
  96              		.size	cfg_write_bytes32, .-cfg_write_bytes32
  97 0032 C046     		.section	.text.AnalogSetDefault,"ax",%progbits
  98              		.align	2
  99              		.code	16
 100              		.thumb_func
 101              		.type	AnalogSetDefault, %function
 102              	AnalogSetDefault:
 103              	.LFB6:
 191:Generated_Source\PSoC4/cyfitter_cfg.c **** 
 192:Generated_Source\PSoC4/cyfitter_cfg.c **** 
 193:Generated_Source\PSoC4/cyfitter_cfg.c **** /*******************************************************************************
 194:Generated_Source\PSoC4/cyfitter_cfg.c **** * Function Name: ClockSetup
 195:Generated_Source\PSoC4/cyfitter_cfg.c **** ********************************************************************************
 196:Generated_Source\PSoC4/cyfitter_cfg.c **** *
 197:Generated_Source\PSoC4/cyfitter_cfg.c **** * Summary:
 198:Generated_Source\PSoC4/cyfitter_cfg.c **** *   Performs the initialization of all of the clocks in the device based on the
 199:Generated_Source\PSoC4/cyfitter_cfg.c **** *   settings in the Clock tab of the DWR.  This includes enabling the requested
 200:Generated_Source\PSoC4/cyfitter_cfg.c **** *   clocks and setting the necessary dividers to produce the desired frequency. 
 201:Generated_Source\PSoC4/cyfitter_cfg.c **** *
 202:Generated_Source\PSoC4/cyfitter_cfg.c **** * Parameters:
 203:Generated_Source\PSoC4/cyfitter_cfg.c **** *   void
 204:Generated_Source\PSoC4/cyfitter_cfg.c **** *
 205:Generated_Source\PSoC4/cyfitter_cfg.c **** * Return:
 206:Generated_Source\PSoC4/cyfitter_cfg.c **** *   void
 207:Generated_Source\PSoC4/cyfitter_cfg.c **** *
 208:Generated_Source\PSoC4/cyfitter_cfg.c **** *******************************************************************************/
 209:Generated_Source\PSoC4/cyfitter_cfg.c **** static void ClockSetup(void);
 210:Generated_Source\PSoC4/cyfitter_cfg.c **** CY_CFG_SECTION
 211:Generated_Source\PSoC4/cyfitter_cfg.c **** static void ClockSetup(void)
 212:Generated_Source\PSoC4/cyfitter_cfg.c **** {
 213:Generated_Source\PSoC4/cyfitter_cfg.c **** 
 214:Generated_Source\PSoC4/cyfitter_cfg.c **** 	/* Set Flash Cycles based on max possible frequency in case a glitch occurs during ClockSetup(). *
 215:Generated_Source\PSoC4/cyfitter_cfg.c **** 	CY_SET_REG32((void CYXDATA *)(CYREG_CPUSS_FLASH_CTL), (0x0012u));
 216:Generated_Source\PSoC4/cyfitter_cfg.c **** 	/* Setup and trim IMO based on desired frequency. */
 217:Generated_Source\PSoC4/cyfitter_cfg.c **** 	CySysClkWriteImoFreq(48u);
 218:Generated_Source\PSoC4/cyfitter_cfg.c **** 
 219:Generated_Source\PSoC4/cyfitter_cfg.c **** 	/* Setup phase aligned clocks */
 220:Generated_Source\PSoC4/cyfitter_cfg.c **** 	CY_SET_REG32((void *)CYREG_PERI_DIV_16_CTL0, 0x00000000u);
 221:Generated_Source\PSoC4/cyfitter_cfg.c **** 	CY_SET_REG32((void *)CYREG_PERI_DIV_CMD, 0x8000FF40u);
 222:Generated_Source\PSoC4/cyfitter_cfg.c **** 	CY_SET_REG32((void *)CYREG_PERI_DIV_24_5_CTL, 0x061A7F00u);
 223:Generated_Source\PSoC4/cyfitter_cfg.c **** 	CY_SET_REG32((void *)CYREG_PERI_DIV_CMD, 0x8000FFC0u);
 224:Generated_Source\PSoC4/cyfitter_cfg.c **** 	CY_SET_REG32((void *)CYREG_PERI_DIV_16_CTL1, 0x00001C00u);
 225:Generated_Source\PSoC4/cyfitter_cfg.c **** 	CY_SET_REG32((void *)CYREG_PERI_DIV_CMD, 0x8000FF41u);
 226:Generated_Source\PSoC4/cyfitter_cfg.c **** 
 227:Generated_Source\PSoC4/cyfitter_cfg.c **** 	/* CYDEV_CLK_IMO_CONFIG Starting address: CYDEV_CLK_IMO_CONFIG */
 228:Generated_Source\PSoC4/cyfitter_cfg.c **** 	CY_SET_REG32((void *)(CYREG_CLK_IMO_CONFIG), 0x80000000u);
 229:Generated_Source\PSoC4/cyfitter_cfg.c **** 
 230:Generated_Source\PSoC4/cyfitter_cfg.c **** 	/* CYDEV_CLK_SELECT Starting address: CYDEV_CLK_SELECT */
 231:Generated_Source\PSoC4/cyfitter_cfg.c **** 	CY_SET_REG32((void *)(CYREG_CLK_SELECT), 0x00040249u);
 232:Generated_Source\PSoC4/cyfitter_cfg.c **** 
 233:Generated_Source\PSoC4/cyfitter_cfg.c **** 	/* CYDEV_PERI_PCLK_CTL17 Starting address: CYDEV_PERI_PCLK_CTL17 */
 234:Generated_Source\PSoC4/cyfitter_cfg.c **** 	CY_SET_REG32((void *)(CYREG_PERI_PCLK_CTL17), 0x000000C0u);
 235:Generated_Source\PSoC4/cyfitter_cfg.c **** 
 236:Generated_Source\PSoC4/cyfitter_cfg.c **** 	/* CYDEV_PERI_PCLK_CTL3 Starting address: CYDEV_PERI_PCLK_CTL3 */
ARM GAS  C:\Users\casey\AppData\Local\Temp\ccJMuOqL.s 			page 7


 237:Generated_Source\PSoC4/cyfitter_cfg.c **** 	CY_SET_REG32((void *)(CYREG_PERI_PCLK_CTL3), 0x00000041u);
 238:Generated_Source\PSoC4/cyfitter_cfg.c **** 
 239:Generated_Source\PSoC4/cyfitter_cfg.c **** 	(void)CyIntSetVector(8u, &CySysWdtIsr);
 240:Generated_Source\PSoC4/cyfitter_cfg.c **** 	CyIntEnable(8u);
 241:Generated_Source\PSoC4/cyfitter_cfg.c **** 	CY_SET_REG32((void *)(CYREG_WDT_CONFIG), 0x00000000u);
 242:Generated_Source\PSoC4/cyfitter_cfg.c **** }
 243:Generated_Source\PSoC4/cyfitter_cfg.c **** 
 244:Generated_Source\PSoC4/cyfitter_cfg.c **** 
 245:Generated_Source\PSoC4/cyfitter_cfg.c **** /* Analog API Functions */
 246:Generated_Source\PSoC4/cyfitter_cfg.c **** 
 247:Generated_Source\PSoC4/cyfitter_cfg.c **** 
 248:Generated_Source\PSoC4/cyfitter_cfg.c **** /*******************************************************************************
 249:Generated_Source\PSoC4/cyfitter_cfg.c **** * Function Name: AnalogSetDefault
 250:Generated_Source\PSoC4/cyfitter_cfg.c **** ********************************************************************************
 251:Generated_Source\PSoC4/cyfitter_cfg.c **** *
 252:Generated_Source\PSoC4/cyfitter_cfg.c **** * Summary:
 253:Generated_Source\PSoC4/cyfitter_cfg.c **** *  Sets up the analog portions of the chip to default values based on chip
 254:Generated_Source\PSoC4/cyfitter_cfg.c **** *  configuration options from the project.
 255:Generated_Source\PSoC4/cyfitter_cfg.c **** *
 256:Generated_Source\PSoC4/cyfitter_cfg.c **** * Parameters:
 257:Generated_Source\PSoC4/cyfitter_cfg.c **** *  void
 258:Generated_Source\PSoC4/cyfitter_cfg.c **** *
 259:Generated_Source\PSoC4/cyfitter_cfg.c **** * Return:
 260:Generated_Source\PSoC4/cyfitter_cfg.c **** *  void
 261:Generated_Source\PSoC4/cyfitter_cfg.c **** *
 262:Generated_Source\PSoC4/cyfitter_cfg.c **** *******************************************************************************/
 263:Generated_Source\PSoC4/cyfitter_cfg.c **** static void AnalogSetDefault(void);
 264:Generated_Source\PSoC4/cyfitter_cfg.c **** static void AnalogSetDefault(void)
 265:Generated_Source\PSoC4/cyfitter_cfg.c **** {
 104              		.loc 1 265 0
 105              		.cfi_startproc
 106              		@ args = 0, pretend = 0, frame = 0
 107              		@ frame_needed = 0, uses_anonymous_args = 0
 108              		@ link register save eliminated.
 266:Generated_Source\PSoC4/cyfitter_cfg.c **** 	CY_SET_XTND_REG32((void CYFAR *)CYREG_CTBM0_DFT_CTRL, 0x00000003u);
 109              		.loc 1 266 0
 110 0000 0323     		movs	r3, #3
 111 0002 044A     		ldr	r2, .L7
 112 0004 1360     		str	r3, [r2]
 267:Generated_Source\PSoC4/cyfitter_cfg.c **** 	CY_SET_XTND_REG32((void CYFAR *)CYREG_CTBM1_DFT_CTRL, 0x00000003u);
 113              		.loc 1 267 0
 114 0006 044A     		ldr	r2, .L7+4
 115 0008 1360     		str	r3, [r2]
 268:Generated_Source\PSoC4/cyfitter_cfg.c **** 	CY_SET_XTND_REG32((void CYFAR *)CYREG_PASS_DSAB_DSAB_CTRL, 0x00000000u);
 116              		.loc 1 268 0
 117 000a 0022     		movs	r2, #0
 118 000c 034B     		ldr	r3, .L7+8
 119 000e 1A60     		str	r2, [r3]
 269:Generated_Source\PSoC4/cyfitter_cfg.c **** }
 120              		.loc 1 269 0
 121              		@ sp needed
 122 0010 7047     		bx	lr
 123              	.L8:
 124 0012 C046     		.align	2
 125              	.L7:
 126 0014 30003040 		.word	1076887600
 127 0018 30003140 		.word	1076953136
ARM GAS  C:\Users\casey\AppData\Local\Temp\ccJMuOqL.s 			page 8


 128 001c 000E3F40 		.word	1077874176
 129              		.cfi_endproc
 130              	.LFE6:
 131              		.size	AnalogSetDefault, .-AnalogSetDefault
 132              		.section	.text.CYMEMZERO,"ax",%progbits
 133              		.align	2
 134              		.code	16
 135              		.thumb_func
 136              		.type	CYMEMZERO, %function
 137              	CYMEMZERO:
 138              	.LFB1:
  77:Generated_Source\PSoC4/cyfitter_cfg.c **** 	(void)memset(s, 0, n);
 139              		.loc 1 77 0
 140              		.cfi_startproc
 141              		@ args = 0, pretend = 0, frame = 0
 142              		@ frame_needed = 0, uses_anonymous_args = 0
 143              	.LVL12:
 144 0000 10B5     		push	{r4, lr}
 145              		.cfi_def_cfa_offset 8
 146              		.cfi_offset 4, -8
 147              		.cfi_offset 14, -4
 148 0002 0A00     		movs	r2, r1
  78:Generated_Source\PSoC4/cyfitter_cfg.c **** }
 149              		.loc 1 78 0
 150 0004 0021     		movs	r1, #0
 151              	.LVL13:
 152 0006 FFF7FEFF 		bl	memset
 153              	.LVL14:
  79:Generated_Source\PSoC4/cyfitter_cfg.c **** CY_CFG_UNUSED
 154              		.loc 1 79 0
 155              		@ sp needed
 156 000a 10BD     		pop	{r4, pc}
 157              		.cfi_endproc
 158              	.LFE1:
 159              		.size	CYMEMZERO, .-CYMEMZERO
 160              		.section	.psocinit,"ax",%progbits
 161              		.align	2
 162              		.code	16
 163              		.thumb_func
 164              		.type	ClockSetup, %function
 165              	ClockSetup:
 166              	.LFB5:
 212:Generated_Source\PSoC4/cyfitter_cfg.c **** 
 167              		.loc 1 212 0
 168              		.cfi_startproc
 169              		@ args = 0, pretend = 0, frame = 0
 170              		@ frame_needed = 0, uses_anonymous_args = 0
 171 0000 10B5     		push	{r4, lr}
 172              		.cfi_def_cfa_offset 8
 173              		.cfi_offset 4, -8
 174              		.cfi_offset 14, -4
 215:Generated_Source\PSoC4/cyfitter_cfg.c **** 	/* Setup and trim IMO based on desired frequency. */
 175              		.loc 1 215 0
 176 0002 1222     		movs	r2, #18
 177 0004 164B     		ldr	r3, .L11
 178 0006 1A60     		str	r2, [r3]
 217:Generated_Source\PSoC4/cyfitter_cfg.c **** 
ARM GAS  C:\Users\casey\AppData\Local\Temp\ccJMuOqL.s 			page 9


 179              		.loc 1 217 0
 180 0008 3020     		movs	r0, #48
 181 000a FFF7FEFF 		bl	CySysClkWriteImoFreq
 182              	.LVL15:
 220:Generated_Source\PSoC4/cyfitter_cfg.c **** 	CY_SET_REG32((void *)CYREG_PERI_DIV_CMD, 0x8000FF40u);
 183              		.loc 1 220 0
 184 000e 0024     		movs	r4, #0
 185 0010 144B     		ldr	r3, .L11+4
 186 0012 1C60     		str	r4, [r3]
 221:Generated_Source\PSoC4/cyfitter_cfg.c **** 	CY_SET_REG32((void *)CYREG_PERI_DIV_24_5_CTL, 0x061A7F00u);
 187              		.loc 1 221 0
 188 0014 144B     		ldr	r3, .L11+8
 189 0016 154A     		ldr	r2, .L11+12
 190 0018 1A60     		str	r2, [r3]
 222:Generated_Source\PSoC4/cyfitter_cfg.c **** 	CY_SET_REG32((void *)CYREG_PERI_DIV_CMD, 0x8000FFC0u);
 191              		.loc 1 222 0
 192 001a 1549     		ldr	r1, .L11+16
 193 001c 154A     		ldr	r2, .L11+20
 194 001e 1160     		str	r1, [r2]
 223:Generated_Source\PSoC4/cyfitter_cfg.c **** 	CY_SET_REG32((void *)CYREG_PERI_DIV_16_CTL1, 0x00001C00u);
 195              		.loc 1 223 0
 196 0020 154A     		ldr	r2, .L11+24
 197 0022 1A60     		str	r2, [r3]
 224:Generated_Source\PSoC4/cyfitter_cfg.c **** 	CY_SET_REG32((void *)CYREG_PERI_DIV_CMD, 0x8000FF41u);
 198              		.loc 1 224 0
 199 0024 E021     		movs	r1, #224
 200 0026 4901     		lsls	r1, r1, #5
 201 0028 144A     		ldr	r2, .L11+28
 202 002a 1160     		str	r1, [r2]
 225:Generated_Source\PSoC4/cyfitter_cfg.c **** 
 203              		.loc 1 225 0
 204 002c 144A     		ldr	r2, .L11+32
 205 002e 1A60     		str	r2, [r3]
 228:Generated_Source\PSoC4/cyfitter_cfg.c **** 
 206              		.loc 1 228 0
 207 0030 8022     		movs	r2, #128
 208 0032 1206     		lsls	r2, r2, #24
 209 0034 134B     		ldr	r3, .L11+36
 210 0036 1A60     		str	r2, [r3]
 231:Generated_Source\PSoC4/cyfitter_cfg.c **** 
 211              		.loc 1 231 0
 212 0038 134A     		ldr	r2, .L11+40
 213 003a 144B     		ldr	r3, .L11+44
 214 003c 1A60     		str	r2, [r3]
 234:Generated_Source\PSoC4/cyfitter_cfg.c **** 
 215              		.loc 1 234 0
 216 003e C022     		movs	r2, #192
 217 0040 134B     		ldr	r3, .L11+48
 218 0042 1A60     		str	r2, [r3]
 237:Generated_Source\PSoC4/cyfitter_cfg.c **** 
 219              		.loc 1 237 0
 220 0044 7F3A     		subs	r2, r2, #127
 221 0046 134B     		ldr	r3, .L11+52
 222 0048 1A60     		str	r2, [r3]
 239:Generated_Source\PSoC4/cyfitter_cfg.c **** 	CyIntEnable(8u);
 223              		.loc 1 239 0
 224 004a 1349     		ldr	r1, .L11+56
ARM GAS  C:\Users\casey\AppData\Local\Temp\ccJMuOqL.s 			page 10


 225 004c 0820     		movs	r0, #8
 226 004e FFF7FEFF 		bl	CyIntSetVector
 227              	.LVL16:
 240:Generated_Source\PSoC4/cyfitter_cfg.c **** 	CY_SET_REG32((void *)(CYREG_WDT_CONFIG), 0x00000000u);
 228              		.loc 1 240 0
 229 0052 0820     		movs	r0, #8
 230 0054 FFF7FEFF 		bl	CyIntEnable
 231              	.LVL17:
 241:Generated_Source\PSoC4/cyfitter_cfg.c **** }
 232              		.loc 1 241 0
 233 0058 104B     		ldr	r3, .L11+60
 234 005a 1C60     		str	r4, [r3]
 242:Generated_Source\PSoC4/cyfitter_cfg.c **** 
 235              		.loc 1 242 0
 236              		@ sp needed
 237 005c 10BD     		pop	{r4, pc}
 238              	.L12:
 239 005e C046     		.align	2
 240              	.L11:
 241 0060 30001040 		.word	1074790448
 242 0064 00030140 		.word	1073808128
 243 0068 00000140 		.word	1073807360
 244 006c 40FF0080 		.word	-2147418304
 245 0070 007F1A06 		.word	102399744
 246 0074 00050140 		.word	1073808640
 247 0078 C0FF0080 		.word	-2147418176
 248 007c 04030140 		.word	1073808132
 249 0080 41FF0080 		.word	-2147418303
 250 0084 08010B40 		.word	1074462984
 251 0088 49020400 		.word	262729
 252 008c 00010B40 		.word	1074462976
 253 0090 44010140 		.word	1073807684
 254 0094 0C010140 		.word	1073807628
 255 0098 00000000 		.word	CySysWdtIsr
 256 009c 0C020B40 		.word	1074463244
 257              		.cfi_endproc
 258              	.LFE5:
 259              		.size	ClockSetup, .-ClockSetup
 260              		.align	2
 261              		.global	cyfitter_cfg
 262              		.code	16
 263              		.thumb_func
 264              		.type	cyfitter_cfg, %function
 265              	cyfitter_cfg:
 266              	.LFB7:
 270:Generated_Source\PSoC4/cyfitter_cfg.c **** 
 271:Generated_Source\PSoC4/cyfitter_cfg.c **** 
 272:Generated_Source\PSoC4/cyfitter_cfg.c **** 
 273:Generated_Source\PSoC4/cyfitter_cfg.c **** 
 274:Generated_Source\PSoC4/cyfitter_cfg.c **** /*******************************************************************************
 275:Generated_Source\PSoC4/cyfitter_cfg.c **** * Function Name: cyfitter_cfg
 276:Generated_Source\PSoC4/cyfitter_cfg.c **** ********************************************************************************
 277:Generated_Source\PSoC4/cyfitter_cfg.c **** * Summary:
 278:Generated_Source\PSoC4/cyfitter_cfg.c **** *  This function is called by the start-up code for the selected device. It
 279:Generated_Source\PSoC4/cyfitter_cfg.c **** *  performs all of the necessary device configuration based on the design
 280:Generated_Source\PSoC4/cyfitter_cfg.c **** *  settings.  This includes settings from the Design Wide Resources (DWR) such
 281:Generated_Source\PSoC4/cyfitter_cfg.c **** *  as Clocks and Pins as well as any component configuration that is necessary.
ARM GAS  C:\Users\casey\AppData\Local\Temp\ccJMuOqL.s 			page 11


 282:Generated_Source\PSoC4/cyfitter_cfg.c **** *
 283:Generated_Source\PSoC4/cyfitter_cfg.c **** * Parameters:
 284:Generated_Source\PSoC4/cyfitter_cfg.c **** *   void
 285:Generated_Source\PSoC4/cyfitter_cfg.c **** *
 286:Generated_Source\PSoC4/cyfitter_cfg.c **** * Return:
 287:Generated_Source\PSoC4/cyfitter_cfg.c **** *   void
 288:Generated_Source\PSoC4/cyfitter_cfg.c **** *
 289:Generated_Source\PSoC4/cyfitter_cfg.c **** *******************************************************************************/
 290:Generated_Source\PSoC4/cyfitter_cfg.c **** CY_CFG_SECTION
 291:Generated_Source\PSoC4/cyfitter_cfg.c **** void cyfitter_cfg(void)
 292:Generated_Source\PSoC4/cyfitter_cfg.c **** {
 267              		.loc 1 292 0
 268              		.cfi_startproc
 269              		@ args = 0, pretend = 0, frame = 0
 270              		@ frame_needed = 0, uses_anonymous_args = 0
 271 00a0 10B5     		push	{r4, lr}
 272              		.cfi_def_cfa_offset 8
 273              		.cfi_offset 4, -8
 274              		.cfi_offset 14, -4
 293:Generated_Source\PSoC4/cyfitter_cfg.c **** 	/* Disable interrupts by default. Let user enable if/when they want. */
 294:Generated_Source\PSoC4/cyfitter_cfg.c **** 	CyGlobalIntDisable;
 275              		.loc 1 294 0
 276              		.syntax divided
 277              	@ 294 "Generated_Source\PSoC4\cyfitter_cfg.c" 1
 278 00a2 72B6     		CPSID   i
 279              	@ 0 "" 2
 280              	.LVL18:
 281              		.thumb
 282              		.syntax unified
 283              	.LBB3:
 295:Generated_Source\PSoC4/cyfitter_cfg.c **** 
 296:Generated_Source\PSoC4/cyfitter_cfg.c **** 	{
 297:Generated_Source\PSoC4/cyfitter_cfg.c **** 		static const uint32 CYCODE cy_cfg_addr_table[] = {
 298:Generated_Source\PSoC4/cyfitter_cfg.c **** 			0x400F4204u, /* Base address: 0x400F4200 Count: 4 */
 299:Generated_Source\PSoC4/cyfitter_cfg.c **** 		};
 300:Generated_Source\PSoC4/cyfitter_cfg.c **** 
 301:Generated_Source\PSoC4/cyfitter_cfg.c **** 		static const cy_cfg_addrvalue_t CYCODE cy_cfg_data_table[] = {
 302:Generated_Source\PSoC4/cyfitter_cfg.c **** 			{0x1Bu, 0x80u},
 303:Generated_Source\PSoC4/cyfitter_cfg.c **** 			{0x57u, 0x80u},
 304:Generated_Source\PSoC4/cyfitter_cfg.c **** 			{0xC6u, 0x40u},
 305:Generated_Source\PSoC4/cyfitter_cfg.c **** 			{0xD4u, 0x40u},
 306:Generated_Source\PSoC4/cyfitter_cfg.c **** 		};
 307:Generated_Source\PSoC4/cyfitter_cfg.c **** 
 308:Generated_Source\PSoC4/cyfitter_cfg.c **** 
 309:Generated_Source\PSoC4/cyfitter_cfg.c **** 
 310:Generated_Source\PSoC4/cyfitter_cfg.c **** 		CYPACKED typedef struct {
 311:Generated_Source\PSoC4/cyfitter_cfg.c **** 			void CYFAR *address;
 312:Generated_Source\PSoC4/cyfitter_cfg.c **** 			uint16 size;
 313:Generated_Source\PSoC4/cyfitter_cfg.c **** 		} CYPACKED_ATTR cfg_memset_t;
 314:Generated_Source\PSoC4/cyfitter_cfg.c **** 
 315:Generated_Source\PSoC4/cyfitter_cfg.c **** 		static const cfg_memset_t CYCODE cfg_memset_list[] = {
 316:Generated_Source\PSoC4/cyfitter_cfg.c **** 			/* address, size */
 317:Generated_Source\PSoC4/cyfitter_cfg.c **** 			{(void CYFAR *)(CYDEV_UDB_P0_U0_BASE), 2048u},
 318:Generated_Source\PSoC4/cyfitter_cfg.c **** 			{(void CYFAR *)(CYDEV_UDB_DSI0_BASE), 2048u},
 319:Generated_Source\PSoC4/cyfitter_cfg.c **** 		};
 320:Generated_Source\PSoC4/cyfitter_cfg.c **** 
 321:Generated_Source\PSoC4/cyfitter_cfg.c **** 		uint8 CYDATA i;
ARM GAS  C:\Users\casey\AppData\Local\Temp\ccJMuOqL.s 			page 12


 322:Generated_Source\PSoC4/cyfitter_cfg.c **** 
 323:Generated_Source\PSoC4/cyfitter_cfg.c **** 		/* Zero out critical memory blocks before beginning configuration */
 324:Generated_Source\PSoC4/cyfitter_cfg.c **** 		for (i = 0u; i < (sizeof(cfg_memset_list)/sizeof(cfg_memset_list[0])); i++)
 284              		.loc 1 324 0
 285 00a4 0024     		movs	r4, #0
 286 00a6 0FE0     		b	.L14
 287              	.LVL19:
 288              	.L15:
 289              	.LBB4:
 325:Generated_Source\PSoC4/cyfitter_cfg.c **** 		{
 326:Generated_Source\PSoC4/cyfitter_cfg.c **** 			const cfg_memset_t CYCODE * CYDATA ms = &cfg_memset_list[i];
 327:Generated_Source\PSoC4/cyfitter_cfg.c **** 			CYMEMZERO(ms->address, (size_t)(uint32)(ms->size));
 290              		.loc 1 327 0 discriminator 3
 291 00a8 3048     		ldr	r0, .L16
 292 00aa 6200     		lsls	r2, r4, #1
 293 00ac 1319     		adds	r3, r2, r4
 294 00ae 5900     		lsls	r1, r3, #1
 295 00b0 0B00     		movs	r3, r1
 296 00b2 4118     		adds	r1, r0, r1
 297 00b4 8988     		ldrh	r1, [r1, #4]
 298 00b6 1A5A     		ldrh	r2, [r3, r0]
 299 00b8 C318     		adds	r3, r0, r3
 300 00ba 5888     		ldrh	r0, [r3, #2]
 301 00bc 0004     		lsls	r0, r0, #16
 302 00be 1043     		orrs	r0, r2
 303 00c0 FFF7FEFF 		bl	CYMEMZERO
 304              	.LVL20:
 305              	.LBE4:
 324:Generated_Source\PSoC4/cyfitter_cfg.c **** 		{
 306              		.loc 1 324 0 discriminator 3
 307 00c4 0134     		adds	r4, r4, #1
 308              	.LVL21:
 309 00c6 E4B2     		uxtb	r4, r4
 310              	.LVL22:
 311              	.L14:
 324:Generated_Source\PSoC4/cyfitter_cfg.c **** 		{
 312              		.loc 1 324 0 is_stmt 0 discriminator 1
 313 00c8 012C     		cmp	r4, #1
 314 00ca EDD9     		bls	.L15
 328:Generated_Source\PSoC4/cyfitter_cfg.c **** 		}
 329:Generated_Source\PSoC4/cyfitter_cfg.c **** 
 330:Generated_Source\PSoC4/cyfitter_cfg.c **** 		cfg_write_bytes32(cy_cfg_addr_table, cy_cfg_data_table);
 315              		.loc 1 330 0 is_stmt 1
 316 00cc 2748     		ldr	r0, .L16
 317 00ce 0100     		movs	r1, r0
 318 00d0 0C31     		adds	r1, r1, #12
 319 00d2 1430     		adds	r0, r0, #20
 320 00d4 FFF7FEFF 		bl	cfg_write_bytes32
 321              	.LVL23:
 331:Generated_Source\PSoC4/cyfitter_cfg.c **** 
 332:Generated_Source\PSoC4/cyfitter_cfg.c **** 		/* HSIOM Starting address: CYDEV_HSIOM_BASE */
 333:Generated_Source\PSoC4/cyfitter_cfg.c **** 		CY_SET_REG32((void *)(CYDEV_HSIOM_BASE), 0x08000000u);
 322              		.loc 1 333 0
 323 00d8 8022     		movs	r2, #128
 324 00da 1205     		lsls	r2, r2, #20
 325 00dc 244B     		ldr	r3, .L16+4
 326 00de 1A60     		str	r2, [r3]
ARM GAS  C:\Users\casey\AppData\Local\Temp\ccJMuOqL.s 			page 13


 334:Generated_Source\PSoC4/cyfitter_cfg.c **** 		CY_SET_REG32((void *)(CYREG_HSIOM_PORT_SEL1), 0x00800000u);
 327              		.loc 1 334 0
 328 00e0 8022     		movs	r2, #128
 329 00e2 1204     		lsls	r2, r2, #16
 330 00e4 234B     		ldr	r3, .L16+8
 331 00e6 1A60     		str	r2, [r3]
 335:Generated_Source\PSoC4/cyfitter_cfg.c **** 		CY_SET_REG32((void *)(CYREG_HSIOM_PORT_SEL2), 0x00000030u);
 332              		.loc 1 335 0
 333 00e8 3022     		movs	r2, #48
 334 00ea 234B     		ldr	r3, .L16+12
 335 00ec 1A60     		str	r2, [r3]
 336:Generated_Source\PSoC4/cyfitter_cfg.c **** 		CY_SET_REG32((void *)(CYREG_HSIOM_PORT_SEL3), 0x0000EE99u);
 336              		.loc 1 336 0
 337 00ee 234A     		ldr	r2, .L16+16
 338 00f0 234B     		ldr	r3, .L16+20
 339 00f2 1A60     		str	r2, [r3]
 337:Generated_Source\PSoC4/cyfitter_cfg.c **** 		CY_SET_REG32((void *)(CYREG_HSIOM_PORT_SEL6), 0x00000AA0u);
 340              		.loc 1 337 0
 341 00f4 AA22     		movs	r2, #170
 342 00f6 1201     		lsls	r2, r2, #4
 343 00f8 224B     		ldr	r3, .L16+24
 344 00fa 1A60     		str	r2, [r3]
 338:Generated_Source\PSoC4/cyfitter_cfg.c **** 
 339:Generated_Source\PSoC4/cyfitter_cfg.c **** 		/* UDB_PA_1 Starting address: CYDEV_UDB_PA1_BASE */
 340:Generated_Source\PSoC4/cyfitter_cfg.c **** 		CY_SET_REG32((void *)(CYDEV_UDB_PA1_BASE), 0x00990000u);
 345              		.loc 1 340 0
 346 00fc 9923     		movs	r3, #153
 347 00fe 1B04     		lsls	r3, r3, #16
 348 0100 214A     		ldr	r2, .L16+28
 349 0102 1360     		str	r3, [r2]
 341:Generated_Source\PSoC4/cyfitter_cfg.c **** 
 342:Generated_Source\PSoC4/cyfitter_cfg.c **** 		/* UDB_PA_2 Starting address: CYDEV_UDB_PA2_BASE */
 343:Generated_Source\PSoC4/cyfitter_cfg.c **** 		CY_SET_REG32((void *)(CYDEV_UDB_PA2_BASE), 0x00990000u);
 350              		.loc 1 343 0
 351 0104 214A     		ldr	r2, .L16+32
 352 0106 1360     		str	r3, [r2]
 344:Generated_Source\PSoC4/cyfitter_cfg.c **** 		CY_SET_REG32((void *)(CYREG_UDB_PA2_CFG8), 0x00040000u);
 353              		.loc 1 344 0
 354 0108 8022     		movs	r2, #128
 355 010a D202     		lsls	r2, r2, #11
 356 010c 2049     		ldr	r1, .L16+36
 357 010e 0A60     		str	r2, [r1]
 345:Generated_Source\PSoC4/cyfitter_cfg.c **** 
 346:Generated_Source\PSoC4/cyfitter_cfg.c **** 		/* UDB_PA_4 Starting address: CYDEV_UDB_PA4_BASE */
 347:Generated_Source\PSoC4/cyfitter_cfg.c **** 		CY_SET_REG32((void *)(CYDEV_UDB_PA4_BASE), 0x00990000u);
 358              		.loc 1 347 0
 359 0110 2049     		ldr	r1, .L16+40
 360 0112 0B60     		str	r3, [r1]
 348:Generated_Source\PSoC4/cyfitter_cfg.c **** 
 349:Generated_Source\PSoC4/cyfitter_cfg.c **** 		/* UDB_PA_7 Starting address: CYDEV_UDB_PA7_BASE */
 350:Generated_Source\PSoC4/cyfitter_cfg.c **** 		CY_SET_REG32((void *)(CYDEV_UDB_PA7_BASE), 0x00990000u);
 361              		.loc 1 350 0
 362 0114 2049     		ldr	r1, .L16+44
 363 0116 0B60     		str	r3, [r1]
 351:Generated_Source\PSoC4/cyfitter_cfg.c **** 
 352:Generated_Source\PSoC4/cyfitter_cfg.c **** 		/* Enable digital routing */
 353:Generated_Source\PSoC4/cyfitter_cfg.c **** 		CY_SET_XTND_REG8((void *)CYREG_UDB_UDB_BANK_CTL, (uint8)(CY_GET_XTND_REG8((void *)CYREG_UDB_UDB_B
ARM GAS  C:\Users\casey\AppData\Local\Temp\ccJMuOqL.s 			page 14


 364              		.loc 1 353 0
 365 0118 2049     		ldr	r1, .L16+48
 366 011a 0878     		ldrb	r0, [r1]
 367 011c 0623     		movs	r3, #6
 368 011e 0343     		orrs	r3, r0
 369 0120 DBB2     		uxtb	r3, r3
 370 0122 0B70     		strb	r3, [r1]
 371              	.LBE3:
 354:Generated_Source\PSoC4/cyfitter_cfg.c **** 	}
 355:Generated_Source\PSoC4/cyfitter_cfg.c **** 
 356:Generated_Source\PSoC4/cyfitter_cfg.c **** 	/* Perform second pass device configuration. These items must be configured in specific order afte
 357:Generated_Source\PSoC4/cyfitter_cfg.c **** 	/* IOPINS0_0 Starting address: CYDEV_GPIO_PRT0_BASE */
 358:Generated_Source\PSoC4/cyfitter_cfg.c **** 	CY_SET_REG32((void *)(CYREG_GPIO_PRT0_PC), 0x00040000u);
 372              		.loc 1 358 0
 373 0124 1E4B     		ldr	r3, .L16+52
 374 0126 1A60     		str	r2, [r3]
 359:Generated_Source\PSoC4/cyfitter_cfg.c **** 
 360:Generated_Source\PSoC4/cyfitter_cfg.c **** 	/* IOPINS0_1 Starting address: CYDEV_GPIO_PRT1_BASE */
 361:Generated_Source\PSoC4/cyfitter_cfg.c **** 	CY_SET_REG32((void *)(CYDEV_GPIO_PRT1_BASE), 0x00000070u);
 375              		.loc 1 361 0
 376 0128 7022     		movs	r2, #112
 377 012a 1E4B     		ldr	r3, .L16+56
 378 012c 1A60     		str	r2, [r3]
 362:Generated_Source\PSoC4/cyfitter_cfg.c **** 	CY_SET_REG32((void *)(CYREG_GPIO_PRT1_PC), 0x001B6000u);
 379              		.loc 1 362 0
 380 012e DB22     		movs	r2, #219
 381 0130 5203     		lsls	r2, r2, #13
 382 0132 1D4B     		ldr	r3, .L16+60
 383 0134 1A60     		str	r2, [r3]
 363:Generated_Source\PSoC4/cyfitter_cfg.c **** 
 364:Generated_Source\PSoC4/cyfitter_cfg.c **** 	/* IOPINS0_2 Starting address: CYDEV_GPIO_PRT2_BASE */
 365:Generated_Source\PSoC4/cyfitter_cfg.c **** 	CY_SET_REG32((void *)(CYDEV_GPIO_PRT2_BASE), 0x00000007u);
 384              		.loc 1 365 0
 385 0136 0722     		movs	r2, #7
 386 0138 1C4B     		ldr	r3, .L16+64
 387 013a 1A60     		str	r2, [r3]
 366:Generated_Source\PSoC4/cyfitter_cfg.c **** 	CY_SET_REG32((void *)(CYREG_GPIO_PRT2_PC), 0x000001B6u);
 388              		.loc 1 366 0
 389 013c B032     		adds	r2, r2, #176
 390 013e FF32     		adds	r2, r2, #255
 391 0140 1B4B     		ldr	r3, .L16+68
 392 0142 1A60     		str	r2, [r3]
 367:Generated_Source\PSoC4/cyfitter_cfg.c **** 
 368:Generated_Source\PSoC4/cyfitter_cfg.c **** 	/* IOPINS0_3 Starting address: CYDEV_GPIO_PRT3_BASE */
 369:Generated_Source\PSoC4/cyfitter_cfg.c **** 	CY_SET_REG32((void *)(CYDEV_GPIO_PRT3_BASE), 0x00000002u);
 393              		.loc 1 369 0
 394 0144 0223     		movs	r3, #2
 395 0146 1B4A     		ldr	r2, .L16+72
 396 0148 1360     		str	r3, [r2]
 370:Generated_Source\PSoC4/cyfitter_cfg.c **** 	CY_SET_REG32((void *)(CYREG_GPIO_PRT3_PC), 0x00000DB1u);
 397              		.loc 1 370 0
 398 014a 1B49     		ldr	r1, .L16+76
 399 014c 1B4A     		ldr	r2, .L16+80
 400 014e 1160     		str	r1, [r2]
 371:Generated_Source\PSoC4/cyfitter_cfg.c **** 	CY_SET_REG32((void *)(CYREG_GPIO_PRT3_PC2), 0x00000002u);
 401              		.loc 1 371 0
 402 0150 1B4A     		ldr	r2, .L16+84
ARM GAS  C:\Users\casey\AppData\Local\Temp\ccJMuOqL.s 			page 15


 403 0152 1360     		str	r3, [r2]
 372:Generated_Source\PSoC4/cyfitter_cfg.c **** 
 373:Generated_Source\PSoC4/cyfitter_cfg.c **** 	/* IOPINS0_6 Starting address: CYDEV_GPIO_PRT6_BASE */
 374:Generated_Source\PSoC4/cyfitter_cfg.c **** 	CY_SET_REG32((void *)(CYDEV_GPIO_PRT6_BASE), 0x00000004u);
 404              		.loc 1 374 0
 405 0154 0422     		movs	r2, #4
 406 0156 1B4B     		ldr	r3, .L16+88
 407 0158 1A60     		str	r2, [r3]
 375:Generated_Source\PSoC4/cyfitter_cfg.c **** 	CY_SET_REG32((void *)(CYREG_GPIO_PRT6_PC), 0x00000188u);
 408              		.loc 1 375 0
 409 015a 8532     		adds	r2, r2, #133
 410 015c FF32     		adds	r2, r2, #255
 411 015e 1A4B     		ldr	r3, .L16+92
 412 0160 1A60     		str	r2, [r3]
 376:Generated_Source\PSoC4/cyfitter_cfg.c **** 
 377:Generated_Source\PSoC4/cyfitter_cfg.c **** 
 378:Generated_Source\PSoC4/cyfitter_cfg.c **** 	/* Setup clocks based on selections from Clock DWR */
 379:Generated_Source\PSoC4/cyfitter_cfg.c **** 	ClockSetup();
 413              		.loc 1 379 0
 414 0162 FFF74DFF 		bl	ClockSetup
 415              	.LVL24:
 380:Generated_Source\PSoC4/cyfitter_cfg.c **** 
 381:Generated_Source\PSoC4/cyfitter_cfg.c **** 	/* Perform basic analog initialization to defaults */
 382:Generated_Source\PSoC4/cyfitter_cfg.c **** 	AnalogSetDefault();
 416              		.loc 1 382 0
 417 0166 FFF7FEFF 		bl	AnalogSetDefault
 418              	.LVL25:
 383:Generated_Source\PSoC4/cyfitter_cfg.c **** 
 384:Generated_Source\PSoC4/cyfitter_cfg.c **** }
 419              		.loc 1 384 0
 420              		@ sp needed
 421              	.LVL26:
 422 016a 10BD     		pop	{r4, pc}
 423              	.L17:
 424              		.align	2
 425              	.L16:
 426 016c 00000000 		.word	.LANCHOR0
 427 0170 00000240 		.word	1073872896
 428 0174 00010240 		.word	1073873152
 429 0178 00020240 		.word	1073873408
 430 017c 99EE0000 		.word	61081
 431 0180 00030240 		.word	1073873664
 432 0184 00060240 		.word	1073874432
 433 0188 10500F40 		.word	1074745360
 434 018c 20500F40 		.word	1074745376
 435 0190 28500F40 		.word	1074745384
 436 0194 40500F40 		.word	1074745408
 437 0198 70500F40 		.word	1074745456
 438 019c 00700F40 		.word	1074753536
 439 01a0 08000440 		.word	1074003976
 440 01a4 00010440 		.word	1074004224
 441 01a8 08010440 		.word	1074004232
 442 01ac 00020440 		.word	1074004480
 443 01b0 08020440 		.word	1074004488
 444 01b4 00030440 		.word	1074004736
 445 01b8 B10D0000 		.word	3505
 446 01bc 08030440 		.word	1074004744
ARM GAS  C:\Users\casey\AppData\Local\Temp\ccJMuOqL.s 			page 16


 447 01c0 18030440 		.word	1074004760
 448 01c4 00060440 		.word	1074005504
 449 01c8 08060440 		.word	1074005512
 450              		.cfi_endproc
 451              	.LFE7:
 452              		.size	cyfitter_cfg, .-cyfitter_cfg
 453              		.section	.rodata
 454              		.align	2
 455              		.set	.LANCHOR0,. + 0
 456              		.type	cfg_memset_list.4971, %object
 457              		.size	cfg_memset_list.4971, 12
 458              	cfg_memset_list.4971:
 459 0000 00300F40 		.word	1074737152
 460 0004 0008     		.short	2048
 461 0006 00400F40 		.4byte	1074741248
 462 000a 0008     		.short	2048
 463              		.type	cy_cfg_data_table.4966, %object
 464              		.size	cy_cfg_data_table.4966, 8
 465              	cy_cfg_data_table.4966:
 466 000c 1B       		.byte	27
 467 000d 80       		.byte	-128
 468 000e 57       		.byte	87
 469 000f 80       		.byte	-128
 470 0010 C6       		.byte	-58
 471 0011 40       		.byte	64
 472 0012 D4       		.byte	-44
 473 0013 40       		.byte	64
 474              		.type	cy_cfg_addr_table.4965, %object
 475              		.size	cy_cfg_addr_table.4965, 4
 476              	cy_cfg_addr_table.4965:
 477 0014 04420F40 		.word	1074741764
 478              		.text
 479              	.Letext0:
 480              		.file 2 "c:\\program files (x86)\\cypress\\psoc creator\\4.4\\psoc creator\\import\\gnu\\arm\\5.4.
 481              		.file 3 "Generated_Source\\PSoC4\\cytypes.h"
 482              		.file 4 "Generated_Source\\PSoC4\\CyLib.h"
 483              		.section	.debug_info,"",%progbits
 484              	.Ldebug_info0:
 485 0000 B8030000 		.4byte	0x3b8
 486 0004 0400     		.2byte	0x4
 487 0006 00000000 		.4byte	.Ldebug_abbrev0
 488 000a 04       		.byte	0x4
 489 000b 01       		.uleb128 0x1
 490 000c 88010000 		.4byte	.LASF39
 491 0010 0C       		.byte	0xc
 492 0011 B5020000 		.4byte	.LASF40
 493 0015 68000000 		.4byte	.LASF41
 494 0019 00000000 		.4byte	.Ldebug_ranges0+0
 495 001d 00000000 		.4byte	0
 496 0021 00000000 		.4byte	.Ldebug_line0
 497 0025 02       		.uleb128 0x2
 498 0026 04       		.byte	0x4
 499 0027 05       		.byte	0x5
 500 0028 696E7400 		.ascii	"int\000"
 501 002c 03       		.uleb128 0x3
 502 002d 06000000 		.4byte	.LASF12
 503 0031 02       		.byte	0x2
ARM GAS  C:\Users\casey\AppData\Local\Temp\ccJMuOqL.s 			page 17


 504 0032 D8       		.byte	0xd8
 505 0033 37000000 		.4byte	0x37
 506 0037 04       		.uleb128 0x4
 507 0038 04       		.byte	0x4
 508 0039 07       		.byte	0x7
 509 003a 4F010000 		.4byte	.LASF0
 510 003e 04       		.uleb128 0x4
 511 003f 08       		.byte	0x8
 512 0040 05       		.byte	0x5
 513 0041 48020000 		.4byte	.LASF1
 514 0045 04       		.uleb128 0x4
 515 0046 08       		.byte	0x8
 516 0047 04       		.byte	0x4
 517 0048 9D020000 		.4byte	.LASF2
 518 004c 04       		.uleb128 0x4
 519 004d 01       		.byte	0x1
 520 004e 06       		.byte	0x6
 521 004f A9020000 		.4byte	.LASF3
 522 0053 04       		.uleb128 0x4
 523 0054 01       		.byte	0x1
 524 0055 08       		.byte	0x8
 525 0056 F1000000 		.4byte	.LASF4
 526 005a 04       		.uleb128 0x4
 527 005b 02       		.byte	0x2
 528 005c 05       		.byte	0x5
 529 005d 75020000 		.4byte	.LASF5
 530 0061 04       		.uleb128 0x4
 531 0062 02       		.byte	0x2
 532 0063 07       		.byte	0x7
 533 0064 35020000 		.4byte	.LASF6
 534 0068 04       		.uleb128 0x4
 535 0069 04       		.byte	0x4
 536 006a 05       		.byte	0x5
 537 006b 94020000 		.4byte	.LASF7
 538 006f 04       		.uleb128 0x4
 539 0070 04       		.byte	0x4
 540 0071 07       		.byte	0x7
 541 0072 CF000000 		.4byte	.LASF8
 542 0076 04       		.uleb128 0x4
 543 0077 08       		.byte	0x8
 544 0078 07       		.byte	0x7
 545 0079 71010000 		.4byte	.LASF9
 546 007d 04       		.uleb128 0x4
 547 007e 04       		.byte	0x4
 548 007f 07       		.byte	0x7
 549 0080 2C020000 		.4byte	.LASF10
 550 0084 05       		.uleb128 0x5
 551 0085 04       		.byte	0x4
 552 0086 04       		.uleb128 0x4
 553 0087 01       		.byte	0x1
 554 0088 08       		.byte	0x8
 555 0089 56020000 		.4byte	.LASF11
 556 008d 06       		.uleb128 0x6
 557 008e E1000000 		.4byte	.LASF13
 558 0092 03       		.byte	0x3
 559 0093 FC01     		.2byte	0x1fc
 560 0095 53000000 		.4byte	0x53
ARM GAS  C:\Users\casey\AppData\Local\Temp\ccJMuOqL.s 			page 18


 561 0099 06       		.uleb128 0x6
 562 009a 36010000 		.4byte	.LASF14
 563 009e 03       		.byte	0x3
 564 009f FD01     		.2byte	0x1fd
 565 00a1 61000000 		.4byte	0x61
 566 00a5 06       		.uleb128 0x6
 567 00a6 48010000 		.4byte	.LASF15
 568 00aa 03       		.byte	0x3
 569 00ab FE01     		.2byte	0x1fe
 570 00ad 6F000000 		.4byte	0x6f
 571 00b1 04       		.uleb128 0x4
 572 00b2 04       		.byte	0x4
 573 00b3 04       		.byte	0x4
 574 00b4 AF000000 		.4byte	.LASF16
 575 00b8 04       		.uleb128 0x4
 576 00b9 08       		.byte	0x8
 577 00ba 04       		.byte	0x4
 578 00bb 06010000 		.4byte	.LASF17
 579 00bf 06       		.uleb128 0x6
 580 00c0 CA000000 		.4byte	.LASF18
 581 00c4 03       		.byte	0x3
 582 00c5 A602     		.2byte	0x2a6
 583 00c7 CB000000 		.4byte	0xcb
 584 00cb 07       		.uleb128 0x7
 585 00cc 8D000000 		.4byte	0x8d
 586 00d0 06       		.uleb128 0x6
 587 00d1 00000000 		.4byte	.LASF19
 588 00d5 03       		.byte	0x3
 589 00d6 A802     		.2byte	0x2a8
 590 00d8 DC000000 		.4byte	0xdc
 591 00dc 07       		.uleb128 0x7
 592 00dd A5000000 		.4byte	0xa5
 593 00e1 08       		.uleb128 0x8
 594 00e2 02       		.byte	0x2
 595 00e3 01       		.byte	0x1
 596 00e4 97       		.byte	0x97
 597 00e5 02010000 		.4byte	0x102
 598 00e9 09       		.uleb128 0x9
 599 00ea 6E020000 		.4byte	.LASF20
 600 00ee 01       		.byte	0x1
 601 00ef 99       		.byte	0x99
 602 00f0 8D000000 		.4byte	0x8d
 603 00f4 00       		.byte	0
 604 00f5 09       		.uleb128 0x9
 605 00f6 2D000000 		.4byte	.LASF21
 606 00fa 01       		.byte	0x1
 607 00fb 9A       		.byte	0x9a
 608 00fc 8D000000 		.4byte	0x8d
 609 0100 01       		.byte	0x1
 610 0101 00       		.byte	0
 611 0102 03       		.uleb128 0x3
 612 0103 5B020000 		.4byte	.LASF22
 613 0107 01       		.byte	0x1
 614 0108 9B       		.byte	0x9b
 615 0109 E1000000 		.4byte	0xe1
 616 010d 0A       		.uleb128 0xa
 617 010e 0D010000 		.4byte	.LASF27
ARM GAS  C:\Users\casey\AppData\Local\Temp\ccJMuOqL.s 			page 19


 618 0112 01       		.byte	0x1
 619 0113 AE       		.byte	0xae
 620 0114 00000000 		.4byte	.LFB4
 621 0118 32000000 		.4byte	.LFE4-.LFB4
 622 011c 01       		.uleb128 0x1
 623 011d 9C       		.byte	0x9c
 624 011e 7F010000 		.4byte	0x17f
 625 0122 0B       		.uleb128 0xb
 626 0123 2B010000 		.4byte	.LASF23
 627 0127 01       		.byte	0x1
 628 0128 AE       		.byte	0xae
 629 0129 7F010000 		.4byte	0x17f
 630 012d 01       		.uleb128 0x1
 631 012e 50       		.byte	0x50
 632 012f 0B       		.uleb128 0xb
 633 0130 3D010000 		.4byte	.LASF24
 634 0134 01       		.byte	0x1
 635 0135 AE       		.byte	0xae
 636 0136 8A010000 		.4byte	0x18a
 637 013a 01       		.uleb128 0x1
 638 013b 51       		.byte	0x51
 639 013c 0C       		.uleb128 0xc
 640 013d 6900     		.ascii	"i\000"
 641 013f 01       		.byte	0x1
 642 0140 B1       		.byte	0xb1
 643 0141 A5000000 		.4byte	0xa5
 644 0145 00000000 		.4byte	.LLST0
 645 0149 0C       		.uleb128 0xc
 646 014a 6A00     		.ascii	"j\000"
 647 014c 01       		.byte	0x1
 648 014d B1       		.byte	0xb1
 649 014e A5000000 		.4byte	0xa5
 650 0152 1F000000 		.4byte	.LLST1
 651 0156 0D       		.uleb128 0xd
 652 0157 08000000 		.4byte	.LBB2
 653 015b 22000000 		.4byte	.LBE2-.LBB2
 654 015f 0E       		.uleb128 0xe
 655 0160 23020000 		.4byte	.LASF25
 656 0164 01       		.byte	0x1
 657 0165 B4       		.byte	0xb4
 658 0166 A5000000 		.4byte	0xa5
 659 016a 3E000000 		.4byte	.LLST2
 660 016e 0E       		.uleb128 0xe
 661 016f 33000000 		.4byte	.LASF26
 662 0173 01       		.byte	0x1
 663 0174 B5       		.byte	0xb5
 664 0175 8D000000 		.4byte	0x8d
 665 0179 51000000 		.4byte	.LLST3
 666 017d 00       		.byte	0
 667 017e 00       		.byte	0
 668 017f 0F       		.uleb128 0xf
 669 0180 04       		.byte	0x4
 670 0181 85010000 		.4byte	0x185
 671 0185 10       		.uleb128 0x10
 672 0186 A5000000 		.4byte	0xa5
 673 018a 0F       		.uleb128 0xf
 674 018b 04       		.byte	0x4
ARM GAS  C:\Users\casey\AppData\Local\Temp\ccJMuOqL.s 			page 20


 675 018c 90010000 		.4byte	0x190
 676 0190 10       		.uleb128 0x10
 677 0191 02010000 		.4byte	0x102
 678 0195 11       		.uleb128 0x11
 679 0196 0D000000 		.4byte	.LASF42
 680 019a 01       		.byte	0x1
 681 019b 0801     		.2byte	0x108
 682 019d 00000000 		.4byte	.LFB6
 683 01a1 20000000 		.4byte	.LFE6-.LFB6
 684 01a5 01       		.uleb128 0x1
 685 01a6 9C       		.byte	0x9c
 686 01a7 0A       		.uleb128 0xa
 687 01a8 E7000000 		.4byte	.LASF28
 688 01ac 01       		.byte	0x1
 689 01ad 4C       		.byte	0x4c
 690 01ae 00000000 		.4byte	.LFB1
 691 01b2 0C000000 		.4byte	.LFE1-.LFB1
 692 01b6 01       		.uleb128 0x1
 693 01b7 9C       		.byte	0x9c
 694 01b8 F4010000 		.4byte	0x1f4
 695 01bc 12       		.uleb128 0x12
 696 01bd 7300     		.ascii	"s\000"
 697 01bf 01       		.byte	0x1
 698 01c0 4C       		.byte	0x4c
 699 01c1 84000000 		.4byte	0x84
 700 01c5 6F000000 		.4byte	.LLST4
 701 01c9 12       		.uleb128 0x12
 702 01ca 6E00     		.ascii	"n\000"
 703 01cc 01       		.byte	0x1
 704 01cd 4C       		.byte	0x4c
 705 01ce 2C000000 		.4byte	0x2c
 706 01d2 90000000 		.4byte	.LLST5
 707 01d6 13       		.uleb128 0x13
 708 01d7 0A000000 		.4byte	.LVL14
 709 01db 91030000 		.4byte	0x391
 710 01df 14       		.uleb128 0x14
 711 01e0 01       		.uleb128 0x1
 712 01e1 50       		.byte	0x50
 713 01e2 03       		.uleb128 0x3
 714 01e3 F3       		.byte	0xf3
 715 01e4 01       		.uleb128 0x1
 716 01e5 50       		.byte	0x50
 717 01e6 14       		.uleb128 0x14
 718 01e7 01       		.uleb128 0x1
 719 01e8 51       		.byte	0x51
 720 01e9 01       		.uleb128 0x1
 721 01ea 30       		.byte	0x30
 722 01eb 14       		.uleb128 0x14
 723 01ec 01       		.uleb128 0x1
 724 01ed 52       		.byte	0x52
 725 01ee 03       		.uleb128 0x3
 726 01ef F3       		.byte	0xf3
 727 01f0 01       		.uleb128 0x1
 728 01f1 51       		.byte	0x51
 729 01f2 00       		.byte	0
 730 01f3 00       		.byte	0
 731 01f4 0A       		.uleb128 0xa
ARM GAS  C:\Users\casey\AppData\Local\Temp\ccJMuOqL.s 			page 21


 732 01f5 39000000 		.4byte	.LASF29
 733 01f9 01       		.byte	0x1
 734 01fa D3       		.byte	0xd3
 735 01fb 00000000 		.4byte	.LFB5
 736 01ff A0000000 		.4byte	.LFE5-.LFB5
 737 0203 01       		.uleb128 0x1
 738 0204 9C       		.byte	0x9c
 739 0205 40020000 		.4byte	0x240
 740 0209 15       		.uleb128 0x15
 741 020a 0E000000 		.4byte	.LVL15
 742 020e 9A030000 		.4byte	0x39a
 743 0212 1D020000 		.4byte	0x21d
 744 0216 14       		.uleb128 0x14
 745 0217 01       		.uleb128 0x1
 746 0218 50       		.byte	0x50
 747 0219 02       		.uleb128 0x2
 748 021a 08       		.byte	0x8
 749 021b 30       		.byte	0x30
 750 021c 00       		.byte	0
 751 021d 15       		.uleb128 0x15
 752 021e 52000000 		.4byte	.LVL16
 753 0222 A5030000 		.4byte	0x3a5
 754 0226 30020000 		.4byte	0x230
 755 022a 14       		.uleb128 0x14
 756 022b 01       		.uleb128 0x1
 757 022c 50       		.byte	0x50
 758 022d 01       		.uleb128 0x1
 759 022e 38       		.byte	0x38
 760 022f 00       		.byte	0
 761 0230 13       		.uleb128 0x13
 762 0231 58000000 		.4byte	.LVL17
 763 0235 B0030000 		.4byte	0x3b0
 764 0239 14       		.uleb128 0x14
 765 023a 01       		.uleb128 0x1
 766 023b 50       		.byte	0x50
 767 023c 01       		.uleb128 0x1
 768 023d 38       		.byte	0x38
 769 023e 00       		.byte	0
 770 023f 00       		.byte	0
 771 0240 16       		.uleb128 0x16
 772 0241 5C010000 		.4byte	.LASF43
 773 0245 01       		.byte	0x1
 774 0246 2301     		.2byte	0x123
 775 0248 A0000000 		.4byte	.LFB7
 776 024c 2C010000 		.4byte	.LFE7-.LFB7
 777 0250 01       		.uleb128 0x1
 778 0251 9C       		.byte	0x9c
 779 0252 67030000 		.4byte	0x367
 780 0256 17       		.uleb128 0x17
 781 0257 A4000000 		.4byte	.LBB3
 782 025b 80000000 		.4byte	.LBE3-.LBB3
 783 025f 54030000 		.4byte	0x354
 784 0263 18       		.uleb128 0x18
 785 0264 44000000 		.4byte	.LASF30
 786 0268 01       		.byte	0x1
 787 0269 2901     		.2byte	0x129
 788 026b 77030000 		.4byte	0x377
ARM GAS  C:\Users\casey\AppData\Local\Temp\ccJMuOqL.s 			page 22


 789 026f 05       		.uleb128 0x5
 790 0270 03       		.byte	0x3
 791 0271 14000000 		.4byte	cy_cfg_addr_table.4965
 792 0275 18       		.uleb128 0x18
 793 0276 56000000 		.4byte	.LASF31
 794 027a 01       		.byte	0x1
 795 027b 2D01     		.2byte	0x12d
 796 027d 8C030000 		.4byte	0x38c
 797 0281 05       		.uleb128 0x5
 798 0282 03       		.byte	0x3
 799 0283 0C000000 		.4byte	cy_cfg_data_table.4966
 800 0287 19       		.uleb128 0x19
 801 0288 06       		.byte	0x6
 802 0289 01       		.byte	0x1
 803 028a 3601     		.2byte	0x136
 804 028c AB020000 		.4byte	0x2ab
 805 0290 1A       		.uleb128 0x1a
 806 0291 69010000 		.4byte	.LASF32
 807 0295 01       		.byte	0x1
 808 0296 3701     		.2byte	0x137
 809 0298 84000000 		.4byte	0x84
 810 029c 00       		.byte	0
 811 029d 1A       		.uleb128 0x1a
 812 029e C5000000 		.4byte	.LASF33
 813 02a2 01       		.byte	0x1
 814 02a3 3801     		.2byte	0x138
 815 02a5 99000000 		.4byte	0x99
 816 02a9 04       		.byte	0x4
 817 02aa 00       		.byte	0
 818 02ab 06       		.uleb128 0x6
 819 02ac 16020000 		.4byte	.LASF34
 820 02b0 01       		.byte	0x1
 821 02b1 3901     		.2byte	0x139
 822 02b3 87020000 		.4byte	0x287
 823 02b7 1B       		.uleb128 0x1b
 824 02b8 C7020000 		.4byte	0x2c7
 825 02bc C7020000 		.4byte	0x2c7
 826 02c0 1C       		.uleb128 0x1c
 827 02c1 7D000000 		.4byte	0x7d
 828 02c5 01       		.byte	0x1
 829 02c6 00       		.byte	0
 830 02c7 10       		.uleb128 0x10
 831 02c8 AB020000 		.4byte	0x2ab
 832 02cc 18       		.uleb128 0x18
 833 02cd B5000000 		.4byte	.LASF35
 834 02d1 01       		.byte	0x1
 835 02d2 3B01     		.2byte	0x13b
 836 02d4 DE020000 		.4byte	0x2de
 837 02d8 05       		.uleb128 0x5
 838 02d9 03       		.byte	0x3
 839 02da 00000000 		.4byte	cfg_memset_list.4971
 840 02de 10       		.uleb128 0x10
 841 02df B7020000 		.4byte	0x2b7
 842 02e3 1D       		.uleb128 0x1d
 843 02e4 6900     		.ascii	"i\000"
 844 02e6 01       		.byte	0x1
 845 02e7 4101     		.2byte	0x141
ARM GAS  C:\Users\casey\AppData\Local\Temp\ccJMuOqL.s 			page 23


 846 02e9 8D000000 		.4byte	0x8d
 847 02ed BC000000 		.4byte	.LLST6
 848 02f1 17       		.uleb128 0x17
 849 02f2 A8000000 		.4byte	.LBB4
 850 02f6 1C000000 		.4byte	.LBE4-.LBB4
 851 02fa 37030000 		.4byte	0x337
 852 02fe 1D       		.uleb128 0x1d
 853 02ff 6D7300   		.ascii	"ms\000"
 854 0302 01       		.byte	0x1
 855 0303 4601     		.2byte	0x146
 856 0305 0D030000 		.4byte	0x30d
 857 0309 E6000000 		.4byte	.LLST7
 858 030d 0F       		.uleb128 0xf
 859 030e 04       		.byte	0x4
 860 030f C7020000 		.4byte	0x2c7
 861 0313 13       		.uleb128 0x13
 862 0314 C4000000 		.4byte	.LVL20
 863 0318 A7010000 		.4byte	0x1a7
 864 031c 14       		.uleb128 0x14
 865 031d 01       		.uleb128 0x1
 866 031e 51       		.byte	0x51
 867 031f 15       		.uleb128 0x15
 868 0320 74       		.byte	0x74
 869 0321 00       		.sleb128 0
 870 0322 31       		.byte	0x31
 871 0323 24       		.byte	0x24
 872 0324 74       		.byte	0x74
 873 0325 00       		.sleb128 0
 874 0326 22       		.byte	0x22
 875 0327 31       		.byte	0x31
 876 0328 24       		.byte	0x24
 877 0329 03       		.byte	0x3
 878 032a 04000000 		.4byte	.LANCHOR0+4
 879 032e 22       		.byte	0x22
 880 032f 94       		.byte	0x94
 881 0330 02       		.byte	0x2
 882 0331 0A       		.byte	0xa
 883 0332 FFFF     		.2byte	0xffff
 884 0334 1A       		.byte	0x1a
 885 0335 00       		.byte	0
 886 0336 00       		.byte	0
 887 0337 13       		.uleb128 0x13
 888 0338 D8000000 		.4byte	.LVL23
 889 033c 0D010000 		.4byte	0x10d
 890 0340 14       		.uleb128 0x14
 891 0341 01       		.uleb128 0x1
 892 0342 50       		.byte	0x50
 893 0343 05       		.uleb128 0x5
 894 0344 03       		.byte	0x3
 895 0345 14000000 		.4byte	.LANCHOR0+20
 896 0349 14       		.uleb128 0x14
 897 034a 01       		.uleb128 0x1
 898 034b 51       		.byte	0x51
 899 034c 05       		.uleb128 0x5
 900 034d 03       		.byte	0x3
 901 034e 0C000000 		.4byte	.LANCHOR0+12
 902 0352 00       		.byte	0
ARM GAS  C:\Users\casey\AppData\Local\Temp\ccJMuOqL.s 			page 24


 903 0353 00       		.byte	0
 904 0354 1E       		.uleb128 0x1e
 905 0355 66010000 		.4byte	.LVL24
 906 0359 F4010000 		.4byte	0x1f4
 907 035d 1E       		.uleb128 0x1e
 908 035e 6A010000 		.4byte	.LVL25
 909 0362 95010000 		.4byte	0x195
 910 0366 00       		.byte	0
 911 0367 1B       		.uleb128 0x1b
 912 0368 85010000 		.4byte	0x185
 913 036c 77030000 		.4byte	0x377
 914 0370 1C       		.uleb128 0x1c
 915 0371 7D000000 		.4byte	0x7d
 916 0375 00       		.byte	0
 917 0376 00       		.byte	0
 918 0377 10       		.uleb128 0x10
 919 0378 67030000 		.4byte	0x367
 920 037c 1B       		.uleb128 0x1b
 921 037d 90010000 		.4byte	0x190
 922 0381 8C030000 		.4byte	0x38c
 923 0385 1C       		.uleb128 0x1c
 924 0386 7D000000 		.4byte	0x7d
 925 038a 03       		.byte	0x3
 926 038b 00       		.byte	0
 927 038c 10       		.uleb128 0x10
 928 038d 7C030000 		.4byte	0x37c
 929 0391 1F       		.uleb128 0x1f
 930 0392 FF000000 		.4byte	.LASF44
 931 0396 FF000000 		.4byte	.LASF44
 932 039a 20       		.uleb128 0x20
 933 039b 7F020000 		.4byte	.LASF36
 934 039f 7F020000 		.4byte	.LASF36
 935 03a3 04       		.byte	0x4
 936 03a4 6C       		.byte	0x6c
 937 03a5 20       		.uleb128 0x20
 938 03a6 1E000000 		.4byte	.LASF37
 939 03aa 1E000000 		.4byte	.LASF37
 940 03ae 04       		.byte	0x4
 941 03af D0       		.byte	0xd0
 942 03b0 20       		.uleb128 0x20
 943 03b1 1F010000 		.4byte	.LASF38
 944 03b5 1F010000 		.4byte	.LASF38
 945 03b9 04       		.byte	0x4
 946 03ba D6       		.byte	0xd6
 947 03bb 00       		.byte	0
 948              		.section	.debug_abbrev,"",%progbits
 949              	.Ldebug_abbrev0:
 950 0000 01       		.uleb128 0x1
 951 0001 11       		.uleb128 0x11
 952 0002 01       		.byte	0x1
 953 0003 25       		.uleb128 0x25
 954 0004 0E       		.uleb128 0xe
 955 0005 13       		.uleb128 0x13
 956 0006 0B       		.uleb128 0xb
 957 0007 03       		.uleb128 0x3
 958 0008 0E       		.uleb128 0xe
 959 0009 1B       		.uleb128 0x1b
ARM GAS  C:\Users\casey\AppData\Local\Temp\ccJMuOqL.s 			page 25


 960 000a 0E       		.uleb128 0xe
 961 000b 55       		.uleb128 0x55
 962 000c 17       		.uleb128 0x17
 963 000d 11       		.uleb128 0x11
 964 000e 01       		.uleb128 0x1
 965 000f 10       		.uleb128 0x10
 966 0010 17       		.uleb128 0x17
 967 0011 00       		.byte	0
 968 0012 00       		.byte	0
 969 0013 02       		.uleb128 0x2
 970 0014 24       		.uleb128 0x24
 971 0015 00       		.byte	0
 972 0016 0B       		.uleb128 0xb
 973 0017 0B       		.uleb128 0xb
 974 0018 3E       		.uleb128 0x3e
 975 0019 0B       		.uleb128 0xb
 976 001a 03       		.uleb128 0x3
 977 001b 08       		.uleb128 0x8
 978 001c 00       		.byte	0
 979 001d 00       		.byte	0
 980 001e 03       		.uleb128 0x3
 981 001f 16       		.uleb128 0x16
 982 0020 00       		.byte	0
 983 0021 03       		.uleb128 0x3
 984 0022 0E       		.uleb128 0xe
 985 0023 3A       		.uleb128 0x3a
 986 0024 0B       		.uleb128 0xb
 987 0025 3B       		.uleb128 0x3b
 988 0026 0B       		.uleb128 0xb
 989 0027 49       		.uleb128 0x49
 990 0028 13       		.uleb128 0x13
 991 0029 00       		.byte	0
 992 002a 00       		.byte	0
 993 002b 04       		.uleb128 0x4
 994 002c 24       		.uleb128 0x24
 995 002d 00       		.byte	0
 996 002e 0B       		.uleb128 0xb
 997 002f 0B       		.uleb128 0xb
 998 0030 3E       		.uleb128 0x3e
 999 0031 0B       		.uleb128 0xb
 1000 0032 03       		.uleb128 0x3
 1001 0033 0E       		.uleb128 0xe
 1002 0034 00       		.byte	0
 1003 0035 00       		.byte	0
 1004 0036 05       		.uleb128 0x5
 1005 0037 0F       		.uleb128 0xf
 1006 0038 00       		.byte	0
 1007 0039 0B       		.uleb128 0xb
 1008 003a 0B       		.uleb128 0xb
 1009 003b 00       		.byte	0
 1010 003c 00       		.byte	0
 1011 003d 06       		.uleb128 0x6
 1012 003e 16       		.uleb128 0x16
 1013 003f 00       		.byte	0
 1014 0040 03       		.uleb128 0x3
 1015 0041 0E       		.uleb128 0xe
 1016 0042 3A       		.uleb128 0x3a
ARM GAS  C:\Users\casey\AppData\Local\Temp\ccJMuOqL.s 			page 26


 1017 0043 0B       		.uleb128 0xb
 1018 0044 3B       		.uleb128 0x3b
 1019 0045 05       		.uleb128 0x5
 1020 0046 49       		.uleb128 0x49
 1021 0047 13       		.uleb128 0x13
 1022 0048 00       		.byte	0
 1023 0049 00       		.byte	0
 1024 004a 07       		.uleb128 0x7
 1025 004b 35       		.uleb128 0x35
 1026 004c 00       		.byte	0
 1027 004d 49       		.uleb128 0x49
 1028 004e 13       		.uleb128 0x13
 1029 004f 00       		.byte	0
 1030 0050 00       		.byte	0
 1031 0051 08       		.uleb128 0x8
 1032 0052 13       		.uleb128 0x13
 1033 0053 01       		.byte	0x1
 1034 0054 0B       		.uleb128 0xb
 1035 0055 0B       		.uleb128 0xb
 1036 0056 3A       		.uleb128 0x3a
 1037 0057 0B       		.uleb128 0xb
 1038 0058 3B       		.uleb128 0x3b
 1039 0059 0B       		.uleb128 0xb
 1040 005a 01       		.uleb128 0x1
 1041 005b 13       		.uleb128 0x13
 1042 005c 00       		.byte	0
 1043 005d 00       		.byte	0
 1044 005e 09       		.uleb128 0x9
 1045 005f 0D       		.uleb128 0xd
 1046 0060 00       		.byte	0
 1047 0061 03       		.uleb128 0x3
 1048 0062 0E       		.uleb128 0xe
 1049 0063 3A       		.uleb128 0x3a
 1050 0064 0B       		.uleb128 0xb
 1051 0065 3B       		.uleb128 0x3b
 1052 0066 0B       		.uleb128 0xb
 1053 0067 49       		.uleb128 0x49
 1054 0068 13       		.uleb128 0x13
 1055 0069 38       		.uleb128 0x38
 1056 006a 0B       		.uleb128 0xb
 1057 006b 00       		.byte	0
 1058 006c 00       		.byte	0
 1059 006d 0A       		.uleb128 0xa
 1060 006e 2E       		.uleb128 0x2e
 1061 006f 01       		.byte	0x1
 1062 0070 03       		.uleb128 0x3
 1063 0071 0E       		.uleb128 0xe
 1064 0072 3A       		.uleb128 0x3a
 1065 0073 0B       		.uleb128 0xb
 1066 0074 3B       		.uleb128 0x3b
 1067 0075 0B       		.uleb128 0xb
 1068 0076 27       		.uleb128 0x27
 1069 0077 19       		.uleb128 0x19
 1070 0078 11       		.uleb128 0x11
 1071 0079 01       		.uleb128 0x1
 1072 007a 12       		.uleb128 0x12
 1073 007b 06       		.uleb128 0x6
ARM GAS  C:\Users\casey\AppData\Local\Temp\ccJMuOqL.s 			page 27


 1074 007c 40       		.uleb128 0x40
 1075 007d 18       		.uleb128 0x18
 1076 007e 9742     		.uleb128 0x2117
 1077 0080 19       		.uleb128 0x19
 1078 0081 01       		.uleb128 0x1
 1079 0082 13       		.uleb128 0x13
 1080 0083 00       		.byte	0
 1081 0084 00       		.byte	0
 1082 0085 0B       		.uleb128 0xb
 1083 0086 05       		.uleb128 0x5
 1084 0087 00       		.byte	0
 1085 0088 03       		.uleb128 0x3
 1086 0089 0E       		.uleb128 0xe
 1087 008a 3A       		.uleb128 0x3a
 1088 008b 0B       		.uleb128 0xb
 1089 008c 3B       		.uleb128 0x3b
 1090 008d 0B       		.uleb128 0xb
 1091 008e 49       		.uleb128 0x49
 1092 008f 13       		.uleb128 0x13
 1093 0090 02       		.uleb128 0x2
 1094 0091 18       		.uleb128 0x18
 1095 0092 00       		.byte	0
 1096 0093 00       		.byte	0
 1097 0094 0C       		.uleb128 0xc
 1098 0095 34       		.uleb128 0x34
 1099 0096 00       		.byte	0
 1100 0097 03       		.uleb128 0x3
 1101 0098 08       		.uleb128 0x8
 1102 0099 3A       		.uleb128 0x3a
 1103 009a 0B       		.uleb128 0xb
 1104 009b 3B       		.uleb128 0x3b
 1105 009c 0B       		.uleb128 0xb
 1106 009d 49       		.uleb128 0x49
 1107 009e 13       		.uleb128 0x13
 1108 009f 02       		.uleb128 0x2
 1109 00a0 17       		.uleb128 0x17
 1110 00a1 00       		.byte	0
 1111 00a2 00       		.byte	0
 1112 00a3 0D       		.uleb128 0xd
 1113 00a4 0B       		.uleb128 0xb
 1114 00a5 01       		.byte	0x1
 1115 00a6 11       		.uleb128 0x11
 1116 00a7 01       		.uleb128 0x1
 1117 00a8 12       		.uleb128 0x12
 1118 00a9 06       		.uleb128 0x6
 1119 00aa 00       		.byte	0
 1120 00ab 00       		.byte	0
 1121 00ac 0E       		.uleb128 0xe
 1122 00ad 34       		.uleb128 0x34
 1123 00ae 00       		.byte	0
 1124 00af 03       		.uleb128 0x3
 1125 00b0 0E       		.uleb128 0xe
 1126 00b1 3A       		.uleb128 0x3a
 1127 00b2 0B       		.uleb128 0xb
 1128 00b3 3B       		.uleb128 0x3b
 1129 00b4 0B       		.uleb128 0xb
 1130 00b5 49       		.uleb128 0x49
ARM GAS  C:\Users\casey\AppData\Local\Temp\ccJMuOqL.s 			page 28


 1131 00b6 13       		.uleb128 0x13
 1132 00b7 02       		.uleb128 0x2
 1133 00b8 17       		.uleb128 0x17
 1134 00b9 00       		.byte	0
 1135 00ba 00       		.byte	0
 1136 00bb 0F       		.uleb128 0xf
 1137 00bc 0F       		.uleb128 0xf
 1138 00bd 00       		.byte	0
 1139 00be 0B       		.uleb128 0xb
 1140 00bf 0B       		.uleb128 0xb
 1141 00c0 49       		.uleb128 0x49
 1142 00c1 13       		.uleb128 0x13
 1143 00c2 00       		.byte	0
 1144 00c3 00       		.byte	0
 1145 00c4 10       		.uleb128 0x10
 1146 00c5 26       		.uleb128 0x26
 1147 00c6 00       		.byte	0
 1148 00c7 49       		.uleb128 0x49
 1149 00c8 13       		.uleb128 0x13
 1150 00c9 00       		.byte	0
 1151 00ca 00       		.byte	0
 1152 00cb 11       		.uleb128 0x11
 1153 00cc 2E       		.uleb128 0x2e
 1154 00cd 00       		.byte	0
 1155 00ce 03       		.uleb128 0x3
 1156 00cf 0E       		.uleb128 0xe
 1157 00d0 3A       		.uleb128 0x3a
 1158 00d1 0B       		.uleb128 0xb
 1159 00d2 3B       		.uleb128 0x3b
 1160 00d3 05       		.uleb128 0x5
 1161 00d4 27       		.uleb128 0x27
 1162 00d5 19       		.uleb128 0x19
 1163 00d6 11       		.uleb128 0x11
 1164 00d7 01       		.uleb128 0x1
 1165 00d8 12       		.uleb128 0x12
 1166 00d9 06       		.uleb128 0x6
 1167 00da 40       		.uleb128 0x40
 1168 00db 18       		.uleb128 0x18
 1169 00dc 9742     		.uleb128 0x2117
 1170 00de 19       		.uleb128 0x19
 1171 00df 00       		.byte	0
 1172 00e0 00       		.byte	0
 1173 00e1 12       		.uleb128 0x12
 1174 00e2 05       		.uleb128 0x5
 1175 00e3 00       		.byte	0
 1176 00e4 03       		.uleb128 0x3
 1177 00e5 08       		.uleb128 0x8
 1178 00e6 3A       		.uleb128 0x3a
 1179 00e7 0B       		.uleb128 0xb
 1180 00e8 3B       		.uleb128 0x3b
 1181 00e9 0B       		.uleb128 0xb
 1182 00ea 49       		.uleb128 0x49
 1183 00eb 13       		.uleb128 0x13
 1184 00ec 02       		.uleb128 0x2
 1185 00ed 17       		.uleb128 0x17
 1186 00ee 00       		.byte	0
 1187 00ef 00       		.byte	0
ARM GAS  C:\Users\casey\AppData\Local\Temp\ccJMuOqL.s 			page 29


 1188 00f0 13       		.uleb128 0x13
 1189 00f1 898201   		.uleb128 0x4109
 1190 00f4 01       		.byte	0x1
 1191 00f5 11       		.uleb128 0x11
 1192 00f6 01       		.uleb128 0x1
 1193 00f7 31       		.uleb128 0x31
 1194 00f8 13       		.uleb128 0x13
 1195 00f9 00       		.byte	0
 1196 00fa 00       		.byte	0
 1197 00fb 14       		.uleb128 0x14
 1198 00fc 8A8201   		.uleb128 0x410a
 1199 00ff 00       		.byte	0
 1200 0100 02       		.uleb128 0x2
 1201 0101 18       		.uleb128 0x18
 1202 0102 9142     		.uleb128 0x2111
 1203 0104 18       		.uleb128 0x18
 1204 0105 00       		.byte	0
 1205 0106 00       		.byte	0
 1206 0107 15       		.uleb128 0x15
 1207 0108 898201   		.uleb128 0x4109
 1208 010b 01       		.byte	0x1
 1209 010c 11       		.uleb128 0x11
 1210 010d 01       		.uleb128 0x1
 1211 010e 31       		.uleb128 0x31
 1212 010f 13       		.uleb128 0x13
 1213 0110 01       		.uleb128 0x1
 1214 0111 13       		.uleb128 0x13
 1215 0112 00       		.byte	0
 1216 0113 00       		.byte	0
 1217 0114 16       		.uleb128 0x16
 1218 0115 2E       		.uleb128 0x2e
 1219 0116 01       		.byte	0x1
 1220 0117 3F       		.uleb128 0x3f
 1221 0118 19       		.uleb128 0x19
 1222 0119 03       		.uleb128 0x3
 1223 011a 0E       		.uleb128 0xe
 1224 011b 3A       		.uleb128 0x3a
 1225 011c 0B       		.uleb128 0xb
 1226 011d 3B       		.uleb128 0x3b
 1227 011e 05       		.uleb128 0x5
 1228 011f 27       		.uleb128 0x27
 1229 0120 19       		.uleb128 0x19
 1230 0121 11       		.uleb128 0x11
 1231 0122 01       		.uleb128 0x1
 1232 0123 12       		.uleb128 0x12
 1233 0124 06       		.uleb128 0x6
 1234 0125 40       		.uleb128 0x40
 1235 0126 18       		.uleb128 0x18
 1236 0127 9742     		.uleb128 0x2117
 1237 0129 19       		.uleb128 0x19
 1238 012a 01       		.uleb128 0x1
 1239 012b 13       		.uleb128 0x13
 1240 012c 00       		.byte	0
 1241 012d 00       		.byte	0
 1242 012e 17       		.uleb128 0x17
 1243 012f 0B       		.uleb128 0xb
 1244 0130 01       		.byte	0x1
ARM GAS  C:\Users\casey\AppData\Local\Temp\ccJMuOqL.s 			page 30


 1245 0131 11       		.uleb128 0x11
 1246 0132 01       		.uleb128 0x1
 1247 0133 12       		.uleb128 0x12
 1248 0134 06       		.uleb128 0x6
 1249 0135 01       		.uleb128 0x1
 1250 0136 13       		.uleb128 0x13
 1251 0137 00       		.byte	0
 1252 0138 00       		.byte	0
 1253 0139 18       		.uleb128 0x18
 1254 013a 34       		.uleb128 0x34
 1255 013b 00       		.byte	0
 1256 013c 03       		.uleb128 0x3
 1257 013d 0E       		.uleb128 0xe
 1258 013e 3A       		.uleb128 0x3a
 1259 013f 0B       		.uleb128 0xb
 1260 0140 3B       		.uleb128 0x3b
 1261 0141 05       		.uleb128 0x5
 1262 0142 49       		.uleb128 0x49
 1263 0143 13       		.uleb128 0x13
 1264 0144 02       		.uleb128 0x2
 1265 0145 18       		.uleb128 0x18
 1266 0146 00       		.byte	0
 1267 0147 00       		.byte	0
 1268 0148 19       		.uleb128 0x19
 1269 0149 13       		.uleb128 0x13
 1270 014a 01       		.byte	0x1
 1271 014b 0B       		.uleb128 0xb
 1272 014c 0B       		.uleb128 0xb
 1273 014d 3A       		.uleb128 0x3a
 1274 014e 0B       		.uleb128 0xb
 1275 014f 3B       		.uleb128 0x3b
 1276 0150 05       		.uleb128 0x5
 1277 0151 01       		.uleb128 0x1
 1278 0152 13       		.uleb128 0x13
 1279 0153 00       		.byte	0
 1280 0154 00       		.byte	0
 1281 0155 1A       		.uleb128 0x1a
 1282 0156 0D       		.uleb128 0xd
 1283 0157 00       		.byte	0
 1284 0158 03       		.uleb128 0x3
 1285 0159 0E       		.uleb128 0xe
 1286 015a 3A       		.uleb128 0x3a
 1287 015b 0B       		.uleb128 0xb
 1288 015c 3B       		.uleb128 0x3b
 1289 015d 05       		.uleb128 0x5
 1290 015e 49       		.uleb128 0x49
 1291 015f 13       		.uleb128 0x13
 1292 0160 38       		.uleb128 0x38
 1293 0161 0B       		.uleb128 0xb
 1294 0162 00       		.byte	0
 1295 0163 00       		.byte	0
 1296 0164 1B       		.uleb128 0x1b
 1297 0165 01       		.uleb128 0x1
 1298 0166 01       		.byte	0x1
 1299 0167 49       		.uleb128 0x49
 1300 0168 13       		.uleb128 0x13
 1301 0169 01       		.uleb128 0x1
ARM GAS  C:\Users\casey\AppData\Local\Temp\ccJMuOqL.s 			page 31


 1302 016a 13       		.uleb128 0x13
 1303 016b 00       		.byte	0
 1304 016c 00       		.byte	0
 1305 016d 1C       		.uleb128 0x1c
 1306 016e 21       		.uleb128 0x21
 1307 016f 00       		.byte	0
 1308 0170 49       		.uleb128 0x49
 1309 0171 13       		.uleb128 0x13
 1310 0172 2F       		.uleb128 0x2f
 1311 0173 0B       		.uleb128 0xb
 1312 0174 00       		.byte	0
 1313 0175 00       		.byte	0
 1314 0176 1D       		.uleb128 0x1d
 1315 0177 34       		.uleb128 0x34
 1316 0178 00       		.byte	0
 1317 0179 03       		.uleb128 0x3
 1318 017a 08       		.uleb128 0x8
 1319 017b 3A       		.uleb128 0x3a
 1320 017c 0B       		.uleb128 0xb
 1321 017d 3B       		.uleb128 0x3b
 1322 017e 05       		.uleb128 0x5
 1323 017f 49       		.uleb128 0x49
 1324 0180 13       		.uleb128 0x13
 1325 0181 02       		.uleb128 0x2
 1326 0182 17       		.uleb128 0x17
 1327 0183 00       		.byte	0
 1328 0184 00       		.byte	0
 1329 0185 1E       		.uleb128 0x1e
 1330 0186 898201   		.uleb128 0x4109
 1331 0189 00       		.byte	0
 1332 018a 11       		.uleb128 0x11
 1333 018b 01       		.uleb128 0x1
 1334 018c 31       		.uleb128 0x31
 1335 018d 13       		.uleb128 0x13
 1336 018e 00       		.byte	0
 1337 018f 00       		.byte	0
 1338 0190 1F       		.uleb128 0x1f
 1339 0191 2E       		.uleb128 0x2e
 1340 0192 00       		.byte	0
 1341 0193 3F       		.uleb128 0x3f
 1342 0194 19       		.uleb128 0x19
 1343 0195 3C       		.uleb128 0x3c
 1344 0196 19       		.uleb128 0x19
 1345 0197 6E       		.uleb128 0x6e
 1346 0198 0E       		.uleb128 0xe
 1347 0199 03       		.uleb128 0x3
 1348 019a 0E       		.uleb128 0xe
 1349 019b 00       		.byte	0
 1350 019c 00       		.byte	0
 1351 019d 20       		.uleb128 0x20
 1352 019e 2E       		.uleb128 0x2e
 1353 019f 00       		.byte	0
 1354 01a0 3F       		.uleb128 0x3f
 1355 01a1 19       		.uleb128 0x19
 1356 01a2 3C       		.uleb128 0x3c
 1357 01a3 19       		.uleb128 0x19
 1358 01a4 6E       		.uleb128 0x6e
ARM GAS  C:\Users\casey\AppData\Local\Temp\ccJMuOqL.s 			page 32


 1359 01a5 0E       		.uleb128 0xe
 1360 01a6 03       		.uleb128 0x3
 1361 01a7 0E       		.uleb128 0xe
 1362 01a8 3A       		.uleb128 0x3a
 1363 01a9 0B       		.uleb128 0xb
 1364 01aa 3B       		.uleb128 0x3b
 1365 01ab 0B       		.uleb128 0xb
 1366 01ac 00       		.byte	0
 1367 01ad 00       		.byte	0
 1368 01ae 00       		.byte	0
 1369              		.section	.debug_loc,"",%progbits
 1370              	.Ldebug_loc0:
 1371              	.LLST0:
 1372 0000 02000000 		.4byte	.LVL1
 1373 0004 08000000 		.4byte	.LVL2
 1374 0008 0200     		.2byte	0x2
 1375 000a 30       		.byte	0x30
 1376 000b 9F       		.byte	0x9f
 1377 000c 08000000 		.4byte	.LVL2
 1378 0010 30000000 		.4byte	.LVL11
 1379 0014 0100     		.2byte	0x1
 1380 0016 57       		.byte	0x57
 1381 0017 00000000 		.4byte	0
 1382 001b 00000000 		.4byte	0
 1383              	.LLST1:
 1384 001f 02000000 		.4byte	.LVL1
 1385 0023 08000000 		.4byte	.LVL2
 1386 0027 0200     		.2byte	0x2
 1387 0029 30       		.byte	0x30
 1388 002a 9F       		.byte	0x9f
 1389 002b 08000000 		.4byte	.LVL2
 1390 002f 30000000 		.4byte	.LVL10
 1391 0033 0100     		.2byte	0x1
 1392 0035 55       		.byte	0x55
 1393 0036 00000000 		.4byte	0
 1394 003a 00000000 		.4byte	0
 1395              	.LLST2:
 1396 003e 0C000000 		.4byte	.LVL3
 1397 0042 2C000000 		.4byte	.LVL9
 1398 0046 0100     		.2byte	0x1
 1399 0048 56       		.byte	0x56
 1400 0049 00000000 		.4byte	0
 1401 004d 00000000 		.4byte	0
 1402              	.LLST3:
 1403 0051 0E000000 		.4byte	.LVL4
 1404 0055 24000000 		.4byte	.LVL7
 1405 0059 0100     		.2byte	0x1
 1406 005b 53       		.byte	0x53
 1407 005c 26000000 		.4byte	.LVL8
 1408 0060 2C000000 		.4byte	.LVL9
 1409 0064 0100     		.2byte	0x1
 1410 0066 53       		.byte	0x53
 1411 0067 00000000 		.4byte	0
 1412 006b 00000000 		.4byte	0
 1413              	.LLST4:
 1414 006f 00000000 		.4byte	.LVL12
 1415 0073 09000000 		.4byte	.LVL14-1
ARM GAS  C:\Users\casey\AppData\Local\Temp\ccJMuOqL.s 			page 33


 1416 0077 0100     		.2byte	0x1
 1417 0079 50       		.byte	0x50
 1418 007a 09000000 		.4byte	.LVL14-1
 1419 007e 0C000000 		.4byte	.LFE1
 1420 0082 0400     		.2byte	0x4
 1421 0084 F3       		.byte	0xf3
 1422 0085 01       		.uleb128 0x1
 1423 0086 50       		.byte	0x50
 1424 0087 9F       		.byte	0x9f
 1425 0088 00000000 		.4byte	0
 1426 008c 00000000 		.4byte	0
 1427              	.LLST5:
 1428 0090 00000000 		.4byte	.LVL12
 1429 0094 06000000 		.4byte	.LVL13
 1430 0098 0100     		.2byte	0x1
 1431 009a 51       		.byte	0x51
 1432 009b 06000000 		.4byte	.LVL13
 1433 009f 09000000 		.4byte	.LVL14-1
 1434 00a3 0100     		.2byte	0x1
 1435 00a5 52       		.byte	0x52
 1436 00a6 09000000 		.4byte	.LVL14-1
 1437 00aa 0C000000 		.4byte	.LFE1
 1438 00ae 0400     		.2byte	0x4
 1439 00b0 F3       		.byte	0xf3
 1440 00b1 01       		.uleb128 0x1
 1441 00b2 51       		.byte	0x51
 1442 00b3 9F       		.byte	0x9f
 1443 00b4 00000000 		.4byte	0
 1444 00b8 00000000 		.4byte	0
 1445              	.LLST6:
 1446 00bc A4000000 		.4byte	.LVL18
 1447 00c0 A8000000 		.4byte	.LVL19
 1448 00c4 0200     		.2byte	0x2
 1449 00c6 30       		.byte	0x30
 1450 00c7 9F       		.byte	0x9f
 1451 00c8 A8000000 		.4byte	.LVL19
 1452 00cc C6000000 		.4byte	.LVL21
 1453 00d0 0100     		.2byte	0x1
 1454 00d2 54       		.byte	0x54
 1455 00d3 C8000000 		.4byte	.LVL22
 1456 00d7 6A010000 		.4byte	.LVL26
 1457 00db 0100     		.2byte	0x1
 1458 00dd 54       		.byte	0x54
 1459 00de 00000000 		.4byte	0
 1460 00e2 00000000 		.4byte	0
 1461              	.LLST7:
 1462 00e6 A8000000 		.4byte	.LVL19
 1463 00ea C6000000 		.4byte	.LVL21
 1464 00ee 0B00     		.2byte	0xb
 1465 00f0 74       		.byte	0x74
 1466 00f1 00       		.sleb128 0
 1467 00f2 36       		.byte	0x36
 1468 00f3 1E       		.byte	0x1e
 1469 00f4 03       		.byte	0x3
 1470 00f5 00000000 		.4byte	cfg_memset_list.4971
 1471 00f9 22       		.byte	0x22
 1472 00fa 9F       		.byte	0x9f
ARM GAS  C:\Users\casey\AppData\Local\Temp\ccJMuOqL.s 			page 34


 1473 00fb C6000000 		.4byte	.LVL21
 1474 00ff C8000000 		.4byte	.LVL22
 1475 0103 0B00     		.2byte	0xb
 1476 0105 74       		.byte	0x74
 1477 0106 7F       		.sleb128 -1
 1478 0107 36       		.byte	0x36
 1479 0108 1E       		.byte	0x1e
 1480 0109 03       		.byte	0x3
 1481 010a 00000000 		.4byte	cfg_memset_list.4971
 1482 010e 22       		.byte	0x22
 1483 010f 9F       		.byte	0x9f
 1484 0110 00000000 		.4byte	0
 1485 0114 00000000 		.4byte	0
 1486              		.section	.debug_aranges,"",%progbits
 1487 0000 3C000000 		.4byte	0x3c
 1488 0004 0200     		.2byte	0x2
 1489 0006 00000000 		.4byte	.Ldebug_info0
 1490 000a 04       		.byte	0x4
 1491 000b 00       		.byte	0
 1492 000c 0000     		.2byte	0
 1493 000e 0000     		.2byte	0
 1494 0010 00000000 		.4byte	.LFB4
 1495 0014 32000000 		.4byte	.LFE4-.LFB4
 1496 0018 00000000 		.4byte	.LFB6
 1497 001c 20000000 		.4byte	.LFE6-.LFB6
 1498 0020 00000000 		.4byte	.LFB1
 1499 0024 0C000000 		.4byte	.LFE1-.LFB1
 1500 0028 00000000 		.4byte	.LFB5
 1501 002c A0000000 		.4byte	.LFE5-.LFB5
 1502 0030 A0000000 		.4byte	.LFB7
 1503 0034 2C010000 		.4byte	.LFE7-.LFB7
 1504 0038 00000000 		.4byte	0
 1505 003c 00000000 		.4byte	0
 1506              		.section	.debug_ranges,"",%progbits
 1507              	.Ldebug_ranges0:
 1508 0000 00000000 		.4byte	.LFB4
 1509 0004 32000000 		.4byte	.LFE4
 1510 0008 00000000 		.4byte	.LFB6
 1511 000c 20000000 		.4byte	.LFE6
 1512 0010 00000000 		.4byte	.LFB1
 1513 0014 0C000000 		.4byte	.LFE1
 1514 0018 00000000 		.4byte	.LFB5
 1515 001c A0000000 		.4byte	.LFE5
 1516 0020 A0000000 		.4byte	.LFB7
 1517 0024 CC010000 		.4byte	.LFE7
 1518 0028 00000000 		.4byte	0
 1519 002c 00000000 		.4byte	0
 1520              		.section	.debug_line,"",%progbits
 1521              	.Ldebug_line0:
 1522 0000 7E010000 		.section	.debug_str,"MS",%progbits,1
 1522      0200D600 
 1522      00000201 
 1522      FB0E0D00 
 1522      01010101 
 1523              	.LASF19:
 1524 0000 72656733 		.ascii	"reg32\000"
 1524      3200
ARM GAS  C:\Users\casey\AppData\Local\Temp\ccJMuOqL.s 			page 35


 1525              	.LASF12:
 1526 0006 73697A65 		.ascii	"size_t\000"
 1526      5F7400
 1527              	.LASF42:
 1528 000d 416E616C 		.ascii	"AnalogSetDefault\000"
 1528      6F675365 
 1528      74446566 
 1528      61756C74 
 1528      00
 1529              	.LASF37:
 1530 001e 4379496E 		.ascii	"CyIntSetVector\000"
 1530      74536574 
 1530      56656374 
 1530      6F7200
 1531              	.LASF21:
 1532 002d 76616C75 		.ascii	"value\000"
 1532      6500
 1533              	.LASF26:
 1534 0033 636F756E 		.ascii	"count\000"
 1534      7400
 1535              	.LASF29:
 1536 0039 436C6F63 		.ascii	"ClockSetup\000"
 1536      6B536574 
 1536      757000
 1537              	.LASF30:
 1538 0044 63795F63 		.ascii	"cy_cfg_addr_table\000"
 1538      66675F61 
 1538      6464725F 
 1538      7461626C 
 1538      6500
 1539              	.LASF31:
 1540 0056 63795F63 		.ascii	"cy_cfg_data_table\000"
 1540      66675F64 
 1540      6174615F 
 1540      7461626C 
 1540      6500
 1541              	.LASF41:
 1542 0068 433A5C55 		.ascii	"C:\\Users\\casey\\Desktop\\Robotics Stuff\\CAN_Test"
 1542      73657273 
 1542      5C636173 
 1542      65795C44 
 1542      65736B74 
 1543 0096 65725F42 		.ascii	"er_Board\\CAN_Board.cydsn\000"
 1543      6F617264 
 1543      5C43414E 
 1543      5F426F61 
 1543      72642E63 
 1544              	.LASF16:
 1545 00af 666C6F61 		.ascii	"float\000"
 1545      7400
 1546              	.LASF35:
 1547 00b5 6366675F 		.ascii	"cfg_memset_list\000"
 1547      6D656D73 
 1547      65745F6C 
 1547      69737400 
 1548              	.LASF33:
 1549 00c5 73697A65 		.ascii	"size\000"
ARM GAS  C:\Users\casey\AppData\Local\Temp\ccJMuOqL.s 			page 36


 1549      00
 1550              	.LASF18:
 1551 00ca 72656738 		.ascii	"reg8\000"
 1551      00
 1552              	.LASF8:
 1553 00cf 6C6F6E67 		.ascii	"long unsigned int\000"
 1553      20756E73 
 1553      69676E65 
 1553      6420696E 
 1553      7400
 1554              	.LASF13:
 1555 00e1 75696E74 		.ascii	"uint8\000"
 1555      3800
 1556              	.LASF28:
 1557 00e7 43594D45 		.ascii	"CYMEMZERO\000"
 1557      4D5A4552 
 1557      4F00
 1558              	.LASF4:
 1559 00f1 756E7369 		.ascii	"unsigned char\000"
 1559      676E6564 
 1559      20636861 
 1559      7200
 1560              	.LASF44:
 1561 00ff 6D656D73 		.ascii	"memset\000"
 1561      657400
 1562              	.LASF17:
 1563 0106 646F7562 		.ascii	"double\000"
 1563      6C6500
 1564              	.LASF27:
 1565 010d 6366675F 		.ascii	"cfg_write_bytes32\000"
 1565      77726974 
 1565      655F6279 
 1565      74657333 
 1565      3200
 1566              	.LASF38:
 1567 011f 4379496E 		.ascii	"CyIntEnable\000"
 1567      74456E61 
 1567      626C6500 
 1568              	.LASF23:
 1569 012b 61646472 		.ascii	"addr_table\000"
 1569      5F746162 
 1569      6C6500
 1570              	.LASF14:
 1571 0136 75696E74 		.ascii	"uint16\000"
 1571      313600
 1572              	.LASF24:
 1573 013d 64617461 		.ascii	"data_table\000"
 1573      5F746162 
 1573      6C6500
 1574              	.LASF15:
 1575 0148 75696E74 		.ascii	"uint32\000"
 1575      333200
 1576              	.LASF0:
 1577 014f 756E7369 		.ascii	"unsigned int\000"
 1577      676E6564 
 1577      20696E74 
 1577      00
ARM GAS  C:\Users\casey\AppData\Local\Temp\ccJMuOqL.s 			page 37


 1578              	.LASF43:
 1579 015c 63796669 		.ascii	"cyfitter_cfg\000"
 1579      74746572 
 1579      5F636667 
 1579      00
 1580              	.LASF32:
 1581 0169 61646472 		.ascii	"address\000"
 1581      65737300 
 1582              	.LASF9:
 1583 0171 6C6F6E67 		.ascii	"long long unsigned int\000"
 1583      206C6F6E 
 1583      6720756E 
 1583      7369676E 
 1583      65642069 
 1584              	.LASF39:
 1585 0188 474E5520 		.ascii	"GNU C11 5.4.1 20160609 (release) [ARM/embedded-5-br"
 1585      43313120 
 1585      352E342E 
 1585      31203230 
 1585      31363036 
 1586 01bb 616E6368 		.ascii	"anch revision 237715] -mcpu=cortex-m0 -mthumb -g -O"
 1586      20726576 
 1586      6973696F 
 1586      6E203233 
 1586      37373135 
 1587 01ee 67202D66 		.ascii	"g -ffunction-sections -ffat-lto-objects\000"
 1587      66756E63 
 1587      74696F6E 
 1587      2D736563 
 1587      74696F6E 
 1588              	.LASF34:
 1589 0216 6366675F 		.ascii	"cfg_memset_t\000"
 1589      6D656D73 
 1589      65745F74 
 1589      00
 1590              	.LASF25:
 1591 0223 62617365 		.ascii	"baseAddr\000"
 1591      41646472 
 1591      00
 1592              	.LASF10:
 1593 022c 73697A65 		.ascii	"sizetype\000"
 1593      74797065 
 1593      00
 1594              	.LASF6:
 1595 0235 73686F72 		.ascii	"short unsigned int\000"
 1595      7420756E 
 1595      7369676E 
 1595      65642069 
 1595      6E7400
 1596              	.LASF1:
 1597 0248 6C6F6E67 		.ascii	"long long int\000"
 1597      206C6F6E 
 1597      6720696E 
 1597      7400
 1598              	.LASF11:
 1599 0256 63686172 		.ascii	"char\000"
 1599      00
ARM GAS  C:\Users\casey\AppData\Local\Temp\ccJMuOqL.s 			page 38


 1600              	.LASF22:
 1601 025b 63795F63 		.ascii	"cy_cfg_addrvalue_t\000"
 1601      66675F61 
 1601      64647276 
 1601      616C7565 
 1601      5F7400
 1602              	.LASF20:
 1603 026e 6F666673 		.ascii	"offset\000"
 1603      657400
 1604              	.LASF5:
 1605 0275 73686F72 		.ascii	"short int\000"
 1605      7420696E 
 1605      7400
 1606              	.LASF36:
 1607 027f 43795379 		.ascii	"CySysClkWriteImoFreq\000"
 1607      73436C6B 
 1607      57726974 
 1607      65496D6F 
 1607      46726571 
 1608              	.LASF7:
 1609 0294 6C6F6E67 		.ascii	"long int\000"
 1609      20696E74 
 1609      00
 1610              	.LASF2:
 1611 029d 6C6F6E67 		.ascii	"long double\000"
 1611      20646F75 
 1611      626C6500 
 1612              	.LASF3:
 1613 02a9 7369676E 		.ascii	"signed char\000"
 1613      65642063 
 1613      68617200 
 1614              	.LASF40:
 1615 02b5 47656E65 		.ascii	"Generated_Source\\PSoC4\\cyfitter_cfg.c\000"
 1615      72617465 
 1615      645F536F 
 1615      75726365 
 1615      5C50536F 
 1616              		.ident	"GCC: (GNU Tools for ARM Embedded Processors) 5.4.1 20160609 (release) [ARM/embedded-5-bran
